2026-09-16 04:27:24 INFO run adaptive_cagrqc_const_20260916T042724Z_6718 started, dir=/home/user/trace_e/results/runs/adaptive_cagrqc_const_20260916T042724Z_6718
2026-09-16 04:27:24 INFO network cagrqc: {'n_nodes': 5241, 'n_edges': 14484, 'avg_degree': 5.527189467658844, 'n_components': 354, 'lcc_size': 4158}
2026-09-16 04:27:30 INFO plans ready for instance 1/10
2026-09-16 04:27:41 INFO plans ready for instance 2/10
2026-09-16 04:27:58 INFO plans ready for instance 3/10
2026-09-16 04:27:59 INFO plans ready for instance 4/10
2026-09-16 04:28:07 INFO plans ready for instance 5/10
2026-09-16 04:28:09 INFO plans ready for instance 6/10
2026-09-16 04:28:13 INFO plans ready for instance 7/10
2026-09-16 04:28:16 INFO plans ready for instance 8/10
2026-09-16 04:28:17 INFO plans ready for instance 9/10
2026-09-16 04:28:21 INFO plans ready for instance 10/10
2026-09-16 04:28:21 INFO running 1650 episodes
2026-09-16 04:33:30 INFO episodes done in 309s
2026-09-16 04:33:30 INFO RESULT cagrqc budget=10 none       spread=171.84 (se 16.55) saved=0.0000 used=0.0 time=0.00s
2026-09-16 04:33:30 INFO RESULT cagrqc budget=10 ag         spread=88.08 (se 11.83) saved=0.4874 used=10.0 time=0.06s
2026-09-16 04:33:30 INFO RESULT cagrqc budget=10 gr         spread=101.24 (se 14.22) saved=0.4108 used=10.0 time=0.07s
2026-09-16 04:33:30 INFO RESULT cagrqc budget=10 lsbm       spread=91.64 (se 12.16) saved=0.4667 used=10.0 time=0.03s
2026-09-16 04:33:30 INFO RESULT cagrqc budget=10 isocut     spread=88.08 (se 11.83) saved=0.4874 used=10.0 time=0.06s
2026-09-16 04:33:30 INFO RESULT cagrqc budget=10 proximity  spread=96.26 (se 13.18) saved=0.4398 used=10.0 time=0.02s
2026-09-16 04:33:30 INFO RESULT cagrqc budget=10 defer      spread=88.44 (se 12.54) saved=0.4853 used=9.9 time=1.04s
2026-09-16 04:33:30 INFO RESULT cagrqc budget=10 defer_nopush spread=95.68 (se 12.65) saved=0.4432 used=10.0 time=1.01s
2026-09-16 04:33:30 INFO RESULT cagrqc budget=10 defer_gr   spread=84.88 (se 12.14) saved=0.5061 used=10.0 time=1.16s
2026-09-16 04:33:30 INFO RESULT cagrqc budget=10 defer_cut  spread=91.22 (se 12.48) saved=0.4692 used=9.9 time=1.38s
2026-09-16 04:33:30 INFO RESULT cagrqc budget=10 commit     spread=103.78 (se 13.17) saved=0.3961 used=10.0 time=0.81s
2026-09-16 04:33:30 INFO RESULT cagrqc budget=20 none       spread=171.84 (se 16.55) saved=0.0000 used=0.0 time=0.00s
2026-09-16 04:33:30 INFO RESULT cagrqc budget=20 ag         spread=61.02 (se 9.50) saved=0.6449 used=20.0 time=0.09s
2026-09-16 04:33:30 INFO RESULT cagrqc budget=20 gr         spread=56.86 (se 9.03) saved=0.6691 used=20.0 time=0.10s
2026-09-16 04:33:30 INFO RESULT cagrqc budget=20 lsbm       spread=59.32 (se 9.21) saved=0.6548 used=20.0 time=0.04s
2026-09-16 04:33:30 INFO RESULT cagrqc budget=20 isocut     spread=61.02 (se 9.50) saved=0.6449 used=20.0 time=0.10s
2026-09-16 04:33:30 INFO RESULT cagrqc budget=20 proximity  spread=63.44 (se 11.11) saved=0.6308 used=20.0 time=0.02s
2026-09-16 04:33:30 INFO RESULT cagrqc budget=20 defer      spread=50.82 (se 8.10) saved=0.7043 used=19.7 time=1.46s
2026-09-16 04:33:30 INFO RESULT cagrqc budget=20 defer_nopush spread=51.10 (se 8.13) saved=0.7026 used=20.0 time=1.47s
2026-09-16 04:33:30 INFO RESULT cagrqc budget=20 defer_gr   spread=50.50 (se 8.06) saved=0.7061 used=19.8 time=1.50s
2026-09-16 04:33:30 INFO RESULT cagrqc budget=20 defer_cut  spread=50.84 (se 8.10) saved=0.7041 used=19.8 time=2.17s
2026-09-16 04:33:30 INFO RESULT cagrqc budget=20 commit     spread=58.38 (se 9.46) saved=0.6603 used=20.0 time=1.27s
2026-09-16 04:33:30 INFO RESULT cagrqc budget=50 none       spread=171.84 (se 16.55) saved=0.0000 used=0.0 time=0.00s
2026-09-16 04:33:30 INFO RESULT cagrqc budget=50 ag         spread=20.16 (se 3.60) saved=0.8827 used=50.0 time=0.14s
2026-09-16 04:33:30 INFO RESULT cagrqc budget=50 gr         spread=19.10 (se 3.27) saved=0.8889 used=50.0 time=0.15s
2026-09-16 04:33:30 INFO RESULT cagrqc budget=50 lsbm       spread=22.64 (se 3.77) saved=0.8682 used=50.0 time=0.07s
2026-09-16 04:33:30 INFO RESULT cagrqc budget=50 isocut     spread=20.16 (se 3.60) saved=0.8827 used=50.0 time=0.15s
2026-09-16 04:33:30 INFO RESULT cagrqc budget=50 proximity  spread=24.18 (se 5.59) saved=0.8593 used=50.0 time=0.02s
2026-09-16 04:33:30 INFO RESULT cagrqc budget=50 defer      spread=20.20 (se 3.54) saved=0.8824 used=49.3 time=1.99s
2026-09-16 04:33:30 INFO RESULT cagrqc budget=50 defer_nopush spread=21.00 (se 3.57) saved=0.8778 used=49.9 time=2.01s
2026-09-16 04:33:30 INFO RESULT cagrqc budget=50 defer_gr   spread=19.72 (se 3.55) saved=0.8852 used=49.6 time=2.08s
2026-09-16 04:33:30 INFO RESULT cagrqc budget=50 defer_cut  spread=20.08 (se 3.53) saved=0.8831 used=49.4 time=3.38s
2026-09-16 04:33:30 INFO RESULT cagrqc budget=50 commit     spread=25.10 (se 4.97) saved=0.8539 used=50.0 time=1.90s
2026-09-16 04:33:30 INFO run adaptive_cagrqc_const_20260916T042724Z_6718 finished in 366.1s
