=== karate (beta=1.3, T=0.85) ===
Avg. outbreak size: 13.6441
Avg. R0: 1.85412
Avg. sampled infection rate: 1.3

-- rumor --
{"top1": 0.28705882352941176, "top3": 0.43970588235294117, "top5": 0.5420588235294118, "ed": 0.9838235294117647, "rr": 0.4142133541232039, "n_instances": 3400, "elapsed_s": 2.5579675110002427}
-- netsleuth --
{"top1": 0.3397058823529412, "top3": 0.495, "top5": 0.6091176470588235, "ed": 1.4423529411764706, "rr": 0.4685574784473775, "n_instances": 3400, "elapsed_s": 1.1479214799992405}
-- dmp --
{"top1": 0.38176470588235295, "top3": 0.5735294117647058, "top5": 0.6785294117647059, "ed": 0.9623529411764706, "rr": 0.5202466193850744, "n_instances": 3400, "elapsed_s": 15.359442484999818}
=== iceland (beta=5.1, T=0.34) ===
Avg. outbreak size: 30.0813
Avg. R0: 1.8464
Avg. sampled infection rate: 5.1

-- rumor --
{"top1": 0.20773333333333333, "top3": 0.30706666666666665, "top5": 0.3725333333333333, "ed": 1.2757333333333334, "rr": 0.3006001347692294, "n_instances": 7500, "elapsed_s": 16.866889289000028}
-- netsleuth --
{"top1": 0.27386666666666665, "top3": 0.4056, "top5": 0.48546666666666666, "ed": 2.0109333333333335, "rr": 0.3796595138015485, "n_instances": 7500, "elapsed_s": 3.892020780999701}
-- dmp --
{"top1": 0.296, "top3": 0.42933333333333334, "top5": 0.5062666666666666, "ed": 1.3058666666666667, "rr": 0.395977013127331, "n_instances": 7500, "elapsed_s": 35.443471251999654}
=== dolphin (beta=0.9, T=2.2) ===
Avg. outbreak size: 25.1337
Avg. R0: 1.99468
Avg. sampled infection rate: 0.9

-- rumor --
{"top1": 0.29338709677419356, "top3": 0.38048387096774194, "top5": 0.432258064516129, "ed": 1.352741935483871, "rr": 0.3750971000788162, "n_instances": 6200, "elapsed_s": 12.08085866500005}
-- netsleuth --
{"top1": 0.3190322580645161, "top3": 0.41419354838709677, "top5": 0.47951612903225804, "ed": 1.991290322580645, "rr": 0.41348532521159304, "n_instances": 6200, "elapsed_s": 2.9122912410002755}
-- dmp --
{"top1": 0.3406451612903226, "top3": 0.4588709677419355, "top5": 0.5312903225806451, "ed": 1.4766129032258064, "rr": 0.44549847901643064, "n_instances": 6200, "elapsed_s": 134.48269613199955}
=== fraternity (beta=0.073, T=3.5) ===
Avg. outbreak size: 23.4655
Avg. R0: 2.01983
Avg. sampled infection rate: 0.073

-- rumor --
{"top1": 0.3686206896551724, "top3": 0.4589655172413793, "top5": 0.4986206896551724, "ed": 0.6620689655172414, "rr": 0.43867727384056143, "n_instances": 5800, "elapsed_s": 29.06451342499986}
-- netsleuth --
{"top1": 0.3839655172413793, "top3": 0.47379310344827585, "top5": 0.515, "ed": 1.0551724137931036, "rr": 0.46275891008309233, "n_instances": 5800, "elapsed_s": 3.603068307000285}
-- dmp --
{"top1": 0.3946551724137931, "top3": 0.49586206896551727, "top5": 0.5489655172413793, "ed": 0.755, "rr": 0.4825443497636986, "n_instances": 5800, "elapsed_s": 349.4340302419996}
=== workplace (beta=0.165, T=3.5) ===
Avg. outbreak size: 36.8178
Avg. R0: 2.04837
Avg. sampled infection rate: 0.165

-- rumor --
{"top1": 0.3610869565217391, "top3": 0.4364130434782609, "top5": 0.4642391304347826, "ed": 0.9684782608695652, "rr": 0.4198658450157381, "n_instances": 9200, "elapsed_s": 68.93845359400075}
-- netsleuth --
{"top1": 0.3705434782608696, "top3": 0.44478260869565217, "top5": 0.47934782608695653, "ed": 1.3270652173913045, "rr": 0.43771252363834756, "n_instances": 9200, "elapsed_s": 7.410525668000446}
-- dmp --
{"top1": 0.38706521739130434, "top3": 0.48380434782608694, "top5": 0.5308695652173913, "ed": 0.9997826086956522, "rr": 0.4681623805535456, "n_instances": 9200, "elapsed_s": 759.2778092459994}
=== highschool2013 (beta=0.065, T=7.5) ===
Avg. outbreak size: 134.235
Avg. R0: 2.03367
Avg. sampled infection rate: 0.065

-- rumor --
{"top1": 0.37767584097859325, "top3": 0.4452905198776758, "top5": 0.4606422018348624, "ed": 1.0622018348623854, "rr": 0.41361098315471273, "n_instances": 32700, "elapsed_s": 6247.981636083}
-- netsleuth --
{"top1": 0.3809174311926605, "top3": 0.4470948012232416, "top5": 0.4625382262996942, "ed": 1.4806727828746178, "rr": 0.4249328502523921, "n_instances": 32700, "elapsed_s": 119.34434970900111}
-- dmp --
