2026-09-16 04:44:49 INFO run adaptive_cagrqc_wc_20260916T044449Z_8466 started, dir=/home/user/trace_e/results/runs/adaptive_cagrqc_wc_20260916T044449Z_8466
2026-09-16 04:44:49 INFO network cagrqc: {'n_nodes': 5241, 'n_edges': 14484, 'avg_degree': 5.527189467658844, 'n_components': 354, 'lcc_size': 4158}
2026-09-16 04:44:51 INFO plans ready for instance 1/10
2026-09-16 04:44:53 INFO plans ready for instance 2/10
2026-09-16 04:44:55 INFO plans ready for instance 3/10
2026-09-16 04:44:56 INFO plans ready for instance 4/10
2026-09-16 04:44:58 INFO plans ready for instance 5/10
2026-09-16 04:45:00 INFO plans ready for instance 6/10
2026-09-16 04:45:01 INFO plans ready for instance 7/10
2026-09-16 04:45:03 INFO plans ready for instance 8/10
2026-09-16 04:45:05 INFO plans ready for instance 9/10
2026-09-16 04:45:07 INFO plans ready for instance 10/10
2026-09-16 04:45:07 INFO running 1650 episodes
2026-09-16 04:45:21 INFO episodes done in 14s
2026-09-16 04:45:21 INFO RESULT cagrqc budget=10 none       spread=55.76 (se 4.12) saved=0.0000 used=0.0 time=0.00s
2026-09-16 04:45:21 INFO RESULT cagrqc budget=10 ag         spread=44.96 (se 3.17) saved=0.1937 used=10.0 time=0.01s
2026-09-16 04:45:21 INFO RESULT cagrqc budget=10 gr         spread=44.96 (se 3.17) saved=0.1937 used=10.0 time=0.01s
2026-09-16 04:45:21 INFO RESULT cagrqc budget=10 lsbm       spread=43.20 (se 2.35) saved=0.2253 used=10.0 time=0.01s
2026-09-16 04:45:21 INFO RESULT cagrqc budget=10 isocut     spread=44.96 (se 3.17) saved=0.1937 used=10.0 time=0.01s
2026-09-16 04:45:21 INFO RESULT cagrqc budget=10 proximity  spread=49.46 (se 3.22) saved=0.1130 used=10.0 time=0.02s
2026-09-16 04:45:21 INFO RESULT cagrqc budget=10 defer      spread=44.96 (se 3.17) saved=0.1937 used=10.0 time=0.04s
2026-09-16 04:45:21 INFO RESULT cagrqc budget=10 defer_nopush spread=44.96 (se 3.17) saved=0.1937 used=10.0 time=0.04s
2026-09-16 04:45:21 INFO RESULT cagrqc budget=10 defer_gr   spread=44.96 (se 3.17) saved=0.1937 used=10.0 time=0.04s
2026-09-16 04:45:21 INFO RESULT cagrqc budget=10 defer_cut  spread=44.96 (se 3.17) saved=0.1937 used=10.0 time=0.04s
2026-09-16 04:45:21 INFO RESULT cagrqc budget=10 commit     spread=46.70 (se 3.32) saved=0.1625 used=10.0 time=0.09s
2026-09-16 04:45:21 INFO RESULT cagrqc budget=20 none       spread=55.76 (se 4.12) saved=0.0000 used=0.0 time=0.00s
2026-09-16 04:45:21 INFO RESULT cagrqc budget=20 ag         spread=33.94 (se 2.19) saved=0.3913 used=20.0 time=0.02s
2026-09-16 04:45:21 INFO RESULT cagrqc budget=20 gr         spread=33.94 (se 2.19) saved=0.3913 used=20.0 time=0.02s
2026-09-16 04:45:21 INFO RESULT cagrqc budget=20 lsbm       spread=33.22 (se 2.13) saved=0.4042 used=20.0 time=0.01s
2026-09-16 04:45:21 INFO RESULT cagrqc budget=20 isocut     spread=33.94 (se 2.19) saved=0.3913 used=20.0 time=0.03s
2026-09-16 04:45:21 INFO RESULT cagrqc budget=20 proximity  spread=44.08 (se 3.05) saved=0.2095 used=20.0 time=0.02s
2026-09-16 04:45:21 INFO RESULT cagrqc budget=20 defer      spread=33.94 (se 2.19) saved=0.3913 used=20.0 time=0.04s
2026-09-16 04:45:21 INFO RESULT cagrqc budget=20 defer_nopush spread=33.94 (se 2.19) saved=0.3913 used=20.0 time=0.04s
2026-09-16 04:45:21 INFO RESULT cagrqc budget=20 defer_gr   spread=33.94 (se 2.19) saved=0.3913 used=20.0 time=0.04s
2026-09-16 04:45:21 INFO RESULT cagrqc budget=20 defer_cut  spread=33.94 (se 2.19) saved=0.3913 used=20.0 time=0.04s
2026-09-16 04:45:21 INFO RESULT cagrqc budget=20 commit     spread=37.86 (se 3.20) saved=0.3210 used=20.0 time=0.19s
2026-09-16 04:45:21 INFO RESULT cagrqc budget=50 none       spread=55.76 (se 4.12) saved=0.0000 used=0.0 time=0.00s
2026-09-16 04:45:21 INFO RESULT cagrqc budget=50 ag         spread=14.48 (se 1.58) saved=0.7403 used=50.0 time=0.04s
2026-09-16 04:45:21 INFO RESULT cagrqc budget=50 gr         spread=14.48 (se 1.58) saved=0.7403 used=50.0 time=0.04s
2026-09-16 04:45:21 INFO RESULT cagrqc budget=50 lsbm       spread=14.80 (se 1.62) saved=0.7346 used=50.0 time=0.02s
2026-09-16 04:45:21 INFO RESULT cagrqc budget=50 isocut     spread=14.48 (se 1.58) saved=0.7403 used=50.0 time=0.05s
2026-09-16 04:45:21 INFO RESULT cagrqc budget=50 proximity  spread=32.88 (se 3.03) saved=0.4103 used=50.0 time=0.02s
2026-09-16 04:45:21 INFO RESULT cagrqc budget=50 defer      spread=14.48 (se 1.58) saved=0.7403 used=50.0 time=0.04s
2026-09-16 04:45:21 INFO RESULT cagrqc budget=50 defer_nopush spread=14.48 (se 1.58) saved=0.7403 used=50.0 time=0.04s
2026-09-16 04:45:21 INFO RESULT cagrqc budget=50 defer_gr   spread=14.48 (se 1.58) saved=0.7403 used=50.0 time=0.04s
2026-09-16 04:45:21 INFO RESULT cagrqc budget=50 defer_cut  spread=14.48 (se 1.58) saved=0.7403 used=50.0 time=0.04s
2026-09-16 04:45:21 INFO RESULT cagrqc budget=50 commit     spread=18.54 (se 2.74) saved=0.6675 used=50.0 time=0.34s
2026-09-16 04:45:21 INFO run adaptive_cagrqc_wc_20260916T044449Z_8466 finished in 32.3s
