2026-09-16 05:15:31 INFO run adaptive_cahepth_const_20260916T051531Z_9264 started, dir=/home/user/trace_e/results/runs/adaptive_cahepth_const_20260916T051531Z_9264
2026-09-16 05:15:31 INFO network cahepth: {'n_nodes': 9875, 'n_edges': 25973, 'avg_degree': 5.2603544303797465, 'n_components': 427, 'lcc_size': 8638}
2026-09-16 05:15:35 INFO plans ready for instance 1/10
2026-09-16 05:15:38 INFO plans ready for instance 2/10
2026-09-16 05:15:42 INFO plans ready for instance 3/10
2026-09-16 05:15:46 INFO plans ready for instance 4/10
2026-09-16 05:15:49 INFO plans ready for instance 5/10
2026-09-16 05:15:54 INFO plans ready for instance 6/10
2026-09-16 05:15:57 INFO plans ready for instance 7/10
2026-09-16 05:16:01 INFO plans ready for instance 8/10
2026-09-16 05:16:04 INFO plans ready for instance 9/10
2026-09-16 05:16:08 INFO plans ready for instance 10/10
2026-09-16 05:16:08 INFO running 1650 episodes
2026-09-16 05:16:25 INFO episodes done in 18s
2026-09-16 05:16:25 INFO RESULT cahepth budget=20 none       spread=44.60 (se 4.34) saved=0.0000 used=0.0 time=0.00s
2026-09-16 05:16:25 INFO RESULT cahepth budget=20 ag         spread=29.82 (se 2.31) saved=0.3314 used=20.0 time=0.01s
2026-09-16 05:16:25 INFO RESULT cahepth budget=20 gr         spread=29.94 (se 2.40) saved=0.3287 used=20.0 time=0.02s
2026-09-16 05:16:25 INFO RESULT cahepth budget=20 lsbm       spread=29.86 (se 2.32) saved=0.3305 used=20.0 time=0.01s
2026-09-16 05:16:25 INFO RESULT cahepth budget=20 isocut     spread=29.82 (se 2.31) saved=0.3314 used=20.0 time=0.02s
2026-09-16 05:16:25 INFO RESULT cahepth budget=20 proximity  spread=29.06 (se 2.36) saved=0.3484 used=20.0 time=0.12s
2026-09-16 05:16:25 INFO RESULT cahepth budget=20 defer      spread=30.64 (se 2.48) saved=0.3130 used=20.0 time=0.10s
2026-09-16 05:16:25 INFO RESULT cahepth budget=20 defer_nopush spread=30.68 (se 2.46) saved=0.3121 used=20.0 time=0.08s
2026-09-16 05:16:25 INFO RESULT cahepth budget=20 defer_gr   spread=29.94 (se 2.40) saved=0.3287 used=20.0 time=0.07s
2026-09-16 05:16:25 INFO RESULT cahepth budget=20 defer_cut  spread=30.28 (se 2.39) saved=0.3211 used=20.0 time=0.07s
2026-09-16 05:16:25 INFO RESULT cahepth budget=20 commit     spread=29.18 (se 2.60) saved=0.3457 used=20.0 time=0.12s
2026-09-16 05:16:25 INFO RESULT cahepth budget=50 none       spread=44.60 (se 4.34) saved=0.0000 used=0.0 time=0.00s
2026-09-16 05:16:25 INFO RESULT cahepth budget=50 ag         spread=20.42 (se 1.62) saved=0.5422 used=50.0 time=0.02s
2026-09-16 05:16:25 INFO RESULT cahepth budget=50 gr         spread=20.58 (se 1.80) saved=0.5386 used=50.0 time=0.03s
2026-09-16 05:16:25 INFO RESULT cahepth budget=50 lsbm       spread=20.62 (se 1.49) saved=0.5377 used=50.0 time=0.02s
2026-09-16 05:16:25 INFO RESULT cahepth budget=50 isocut     spread=20.42 (se 1.62) saved=0.5422 used=50.0 time=0.04s
2026-09-16 05:16:25 INFO RESULT cahepth budget=50 proximity  spread=21.10 (se 1.94) saved=0.5269 used=50.0 time=0.12s
2026-09-16 05:16:25 INFO RESULT cahepth budget=50 defer      spread=20.00 (se 1.63) saved=0.5516 used=49.9 time=0.08s
2026-09-16 05:16:25 INFO RESULT cahepth budget=50 defer_nopush spread=21.06 (se 1.84) saved=0.5278 used=50.0 time=0.07s
2026-09-16 05:16:25 INFO RESULT cahepth budget=50 defer_gr   spread=20.58 (se 1.80) saved=0.5386 used=50.0 time=0.04s
2026-09-16 05:16:25 INFO RESULT cahepth budget=50 defer_cut  spread=20.00 (se 1.63) saved=0.5516 used=49.9 time=0.07s
2026-09-16 05:16:25 INFO RESULT cahepth budget=50 commit     spread=20.78 (se 1.68) saved=0.5341 used=50.0 time=0.15s
2026-09-16 05:16:25 INFO RESULT cahepth budget=100 none       spread=44.60 (se 4.34) saved=0.0000 used=0.0 time=0.00s
2026-09-16 05:16:25 INFO RESULT cahepth budget=100 ag         spread=14.68 (se 1.47) saved=0.6709 used=100.0 time=0.03s
2026-09-16 05:16:25 INFO RESULT cahepth budget=100 gr         spread=15.36 (se 1.68) saved=0.6556 used=100.0 time=0.04s
2026-09-16 05:16:25 INFO RESULT cahepth budget=100 lsbm       spread=14.56 (se 1.31) saved=0.6735 used=100.0 time=0.03s
2026-09-16 05:16:25 INFO RESULT cahepth budget=100 isocut     spread=14.68 (se 1.47) saved=0.6709 used=100.0 time=0.07s
2026-09-16 05:16:25 INFO RESULT cahepth budget=100 proximity  spread=11.66 (se 1.13) saved=0.7386 used=100.0 time=0.12s
2026-09-16 05:16:25 INFO RESULT cahepth budget=100 defer      spread=14.32 (se 1.48) saved=0.6789 used=99.9 time=0.08s
2026-09-16 05:16:25 INFO RESULT cahepth budget=100 defer_nopush spread=15.32 (se 1.69) saved=0.6565 used=100.0 time=0.08s
2026-09-16 05:16:25 INFO RESULT cahepth budget=100 defer_gr   spread=15.36 (se 1.68) saved=0.6556 used=100.0 time=0.05s
2026-09-16 05:16:25 INFO RESULT cahepth budget=100 defer_cut  spread=14.32 (se 1.48) saved=0.6789 used=99.9 time=0.07s
2026-09-16 05:16:25 INFO RESULT cahepth budget=100 commit     spread=12.16 (se 1.05) saved=0.7274 used=100.0 time=0.24s
2026-09-16 05:16:25 INFO run adaptive_cahepth_const_20260916T051531Z_9264 finished in 54.1s
