2026-09-16 03:08:37 INFO run sequential_powergrid_block_20260916T030837Z_0561 started, dir=/home/user/trace_e/results/runs/sequential_powergrid_block_20260916T030837Z_0561
2026-09-16 03:08:38 INFO network powergrid: {'n_nodes': 4941, 'n_edges': 6594, 'avg_degree': 2.66909532483303, 'n_components': 1, 'lcc_size': 4941}
2026-09-16 03:08:39 INFO calibrated logistic on 150 benign cascades (train acc 0.990): threshold=0.9504 (1.6s)
2026-09-16 03:08:40 INFO calibrated growth on 300 benign cascades (seeds=3): threshold=6 (0.1s)
2026-09-16 03:08:40 INFO calibrated excess on 300 benign cascades (seeds=3): threshold=1.126 (0.1s)
2026-09-16 03:08:40 INFO calibrated cusum on 300 benign cascades (seeds=3): threshold=1.463 (0.1s)
2026-09-16 03:08:40 INFO calibrated size on 300 benign cascades (seeds=3): threshold=16 (0.1s)
2026-09-16 03:08:40 INFO === eprocess + none ===
2026-09-16 03:08:42 INFO RESULT powergrid eprocess+none: FA=0.003 det=0.853 delay=2.008 harm@alarm=14.676 harm_final=1964.703 (cf 2051.267) saved=0.0422 benign_loss=0.0 kappa_mae=0.439 (2s)
2026-09-16 03:08:42 INFO === sprt + none ===
2026-09-16 03:08:43 INFO RESULT powergrid sprt+none: FA=0.003 det=0.817 delay=1.694 harm@alarm=12.951 harm_final=1964.703 (cf 2051.267) saved=0.0422 benign_loss=0.0 kappa_mae=0.773 (2s)
2026-09-16 03:08:43 INFO === cusum + none ===
2026-09-16 03:08:44 INFO RESULT powergrid cusum+none: FA=0.043 det=0.937 delay=1.359 harm@alarm=10.448 harm_final=1964.703 (cf 2051.267) saved=0.0422 benign_loss=0.0 kappa_mae=0.716 (1s)
2026-09-16 03:08:44 INFO === size + none ===
2026-09-16 03:08:45 INFO RESULT powergrid size+none: FA=0.053 det=0.887 delay=2.714 harm@alarm=21.887 harm_final=1964.703 (cf 2051.267) saved=0.0422 benign_loss=0.0 kappa_mae=1.613 (1s)
2026-09-16 03:08:45 INFO === growth + none ===
2026-09-16 03:08:46 INFO RESULT powergrid growth+none: FA=0.027 det=0.813 delay=2.266 harm@alarm=17.787 harm_final=1964.703 (cf 2051.267) saved=0.0422 benign_loss=0.0 kappa_mae=1.68 (1s)
2026-09-16 03:08:46 INFO === excess + none ===
2026-09-16 03:08:48 INFO RESULT powergrid excess+none: FA=0.033 det=0.913 delay=1.383 harm@alarm=10.445 harm_final=1964.703 (cf 2051.267) saved=0.0422 benign_loss=0.0 kappa_mae=1.598 (1s)
2026-09-16 03:08:48 INFO === logistic + none ===
2026-09-16 03:08:49 INFO RESULT powergrid logistic+none: FA=0.023 det=0.897 delay=1.502 harm@alarm=11.063 harm_final=1964.703 (cf 2051.267) saved=0.0422 benign_loss=0.0 kappa_mae=1.611 (1s)
2026-09-16 03:08:49 INFO === never + none ===
2026-09-16 03:08:50 INFO RESULT powergrid never+none: FA=0.000 det=0.000 delay= harm@alarm= harm_final=1964.703 (cf 2051.267) saved=0.0422 benign_loss=0.0 kappa_mae= (2s)
2026-09-16 03:08:50 INFO === immediate + none ===
2026-09-16 03:08:52 INFO RESULT powergrid immediate+none: FA=1.000 det=1.000 delay=1.0 harm@alarm=8.697 harm_final=1964.703 (cf 2051.267) saved=0.0422 benign_loss=0.0 kappa_mae=1.524 (1s)
2026-09-16 03:08:52 INFO run sequential_powergrid_block_20260916T030837Z_0561 finished in 14.2s
