2026-09-16 02:17:03 INFO run source_dolphin_20260916T021703Z_3683 started, dir=/home/user/trace_e/results/runs/source_dolphin_20260916T021703Z_3683
2026-09-16 02:17:03 INFO network dolphin: {'n_nodes': 62, 'n_edges': 159, 'avg_degree': 5.129032258064516, 'n_components': 1, 'lcc_size': 62}
2026-09-16 02:17:03 INFO train: 620 outbreaks, avg size 18.99, singletons 140 (0.1s)
2026-09-16 02:17:03 INFO test: 6200 outbreaks, avg size 17.59, singletons 1278 (0.2s)
2026-09-16 02:17:03 INFO === method random ===
2026-09-16 02:17:03 INFO [random] 500/6200 top1=0.298 top5=0.494 ed=1.530 rr=0.348 (0s)
2026-09-16 02:17:03 INFO [random] 1000/6200 top1=0.232 top5=0.458 ed=1.620 rr=0.284 (0s)
2026-09-16 02:17:04 INFO [random] 1500/6200 top1=0.267 top5=0.474 ed=1.559 rr=0.314 (1s)
2026-09-16 02:17:04 INFO [random] 2000/6200 top1=0.247 top5=0.450 ed=1.592 rr=0.292 (1s)
2026-09-16 02:17:04 INFO [random] 2500/6200 top1=0.256 top5=0.450 ed=1.567 rr=0.298 (1s)
2026-09-16 02:17:04 INFO [random] 3000/6200 top1=0.253 top5=0.452 ed=1.568 rr=0.299 (1s)
2026-09-16 02:17:04 INFO [random] 3500/6200 top1=0.261 top5=0.461 ed=1.551 rr=0.306 (1s)
2026-09-16 02:17:04 INFO [random] 4000/6200 top1=0.261 top5=0.455 ed=1.558 rr=0.307 (1s)
2026-09-16 02:17:05 INFO [random] 4500/6200 top1=0.255 top5=0.446 ed=1.575 rr=0.301 (1s)
2026-09-16 02:17:05 INFO [random] 5000/6200 top1=0.265 top5=0.459 ed=1.549 rr=0.313 (2s)
2026-09-16 02:17:05 INFO [random] 5500/6200 top1=0.260 top5=0.453 ed=1.565 rr=0.308 (2s)
2026-09-16 02:17:05 INFO [random] 6000/6200 top1=0.268 top5=0.463 ed=1.551 rr=0.317 (2s)
2026-09-16 02:17:05 INFO RESULT dolphin random: top1=0.2748 top3=0.3963 top5=0.4723 ed=1.5397 rr=0.3242 css=16.20 fit=0.0s infer=0.00032s/inst
2026-09-16 02:17:05 INFO === method degree ===
2026-09-16 02:17:05 INFO [degree] 500/6200 top1=0.316 top5=0.490 ed=1.204 rr=0.403 (0s)
2026-09-16 02:17:05 INFO [degree] 1000/6200 top1=0.225 top5=0.454 ed=1.234 rr=0.335 (0s)
2026-09-16 02:17:06 INFO [degree] 1500/6200 top1=0.307 top5=0.541 ed=1.123 rr=0.415 (1s)
2026-09-16 02:17:06 INFO [degree] 2000/6200 top1=0.281 top5=0.507 ed=1.145 rr=0.392 (1s)
2026-09-16 02:17:06 INFO [degree] 2500/6200 top1=0.278 top5=0.491 ed=1.137 rr=0.386 (1s)
2026-09-16 02:17:06 INFO [degree] 3000/6200 top1=0.268 top5=0.493 ed=1.176 rr=0.379 (1s)
2026-09-16 02:17:06 INFO [degree] 3500/6200 top1=0.271 top5=0.498 ed=1.165 rr=0.383 (1s)
2026-09-16 02:17:06 INFO [degree] 4000/6200 top1=0.271 top5=0.504 ed=1.160 rr=0.385 (1s)
2026-09-16 02:17:06 INFO [degree] 4500/6200 top1=0.261 top5=0.487 ed=1.169 rr=0.375 (1s)
2026-09-16 02:17:07 INFO [degree] 5000/6200 top1=0.278 top5=0.506 ed=1.154 rr=0.391 (1s)
2026-09-16 02:17:07 INFO [degree] 5500/6200 top1=0.271 top5=0.503 ed=1.154 rr=0.386 (2s)
2026-09-16 02:17:07 INFO [degree] 6000/6200 top1=0.282 top5=0.509 ed=1.141 rr=0.395 (2s)
2026-09-16 02:17:07 INFO RESULT dolphin degree: top1=0.2882 top3=0.4245 top5=0.5129 ed=1.1331 rr=0.3993 fit=0.0s infer=0.00029s/inst
2026-09-16 02:17:07 INFO === method jordan ===
2026-09-16 02:17:09 INFO [jordan] 500/6200 top1=0.324 top5=0.540 ed=1.256 rr=0.408 (2s)
2026-09-16 02:17:09 INFO [jordan] 1000/6200 top1=0.247 top5=0.518 ed=1.309 rr=0.347 (2s)
2026-09-16 02:17:09 INFO [jordan] 1500/6200 top1=0.280 top5=0.534 ed=1.251 rr=0.371 (2s)
2026-09-16 02:17:09 INFO [jordan] 2000/6200 top1=0.256 top5=0.516 ed=1.263 rr=0.351 (2s)
2026-09-16 02:17:09 INFO [jordan] 2500/6200 top1=0.264 top5=0.511 ed=1.262 rr=0.353 (2s)
2026-09-16 02:17:09 INFO [jordan] 3000/6200 top1=0.257 top5=0.517 ed=1.266 rr=0.353 (3s)
2026-09-16 02:17:10 INFO [jordan] 3500/6200 top1=0.263 top5=0.515 ed=1.256 rr=0.358 (3s)
2026-09-16 02:17:10 INFO [jordan] 4000/6200 top1=0.272 top5=0.520 ed=1.238 rr=0.366 (3s)
2026-09-16 02:17:10 INFO [jordan] 4500/6200 top1=0.266 top5=0.514 ed=1.251 rr=0.360 (3s)
2026-09-16 02:17:10 INFO [jordan] 5000/6200 top1=0.275 top5=0.518 ed=1.237 rr=0.368 (3s)
2026-09-16 02:17:10 INFO [jordan] 5500/6200 top1=0.270 top5=0.512 ed=1.249 rr=0.363 (3s)
2026-09-16 02:17:10 INFO [jordan] 6000/6200 top1=0.277 top5=0.516 ed=1.242 rr=0.369 (3s)
2026-09-16 02:17:10 INFO RESULT dolphin jordan: top1=0.2826 top3=0.4268 top5=0.5206 ed=1.2316 rr=0.3747 fit=0.0s infer=0.00056s/inst
2026-09-16 02:17:10 INFO === method distance ===
2026-09-16 02:17:12 INFO [distance] 500/6200 top1=0.326 top5=0.518 ed=1.124 rr=0.428 (2s)
2026-09-16 02:17:12 INFO [distance] 1000/6200 top1=0.234 top5=0.486 ed=1.201 rr=0.355 (2s)
2026-09-16 02:17:13 INFO [distance] 1500/6200 top1=0.293 top5=0.545 ed=1.131 rr=0.411 (2s)
2026-09-16 02:17:13 INFO [distance] 2000/6200 top1=0.272 top5=0.520 ed=1.139 rr=0.392 (2s)
2026-09-16 02:17:13 INFO [distance] 2500/6200 top1=0.278 top5=0.514 ed=1.122 rr=0.394 (3s)
2026-09-16 02:17:13 INFO [distance] 3000/6200 top1=0.269 top5=0.514 ed=1.142 rr=0.388 (3s)
2026-09-16 02:17:13 INFO [distance] 3500/6200 top1=0.274 top5=0.512 ed=1.135 rr=0.390 (3s)
2026-09-16 02:17:13 INFO [distance] 4000/6200 top1=0.284 top5=0.526 ed=1.112 rr=0.400 (3s)
2026-09-16 02:17:13 INFO [distance] 4500/6200 top1=0.277 top5=0.517 ed=1.119 rr=0.393 (3s)
2026-09-16 02:17:14 INFO [distance] 5000/6200 top1=0.289 top5=0.526 ed=1.108 rr=0.404 (3s)
2026-09-16 02:17:14 INFO [distance] 5500/6200 top1=0.283 top5=0.522 ed=1.116 rr=0.399 (3s)
2026-09-16 02:17:14 INFO [distance] 6000/6200 top1=0.290 top5=0.524 ed=1.114 rr=0.405 (3s)
2026-09-16 02:17:14 INFO RESULT dolphin distance: top1=0.2955 top3=0.4316 top5=0.5276 ed=1.1045 rr=0.4089 fit=0.0s infer=0.00057s/inst
2026-09-16 02:17:14 INFO === method rumor ===
2026-09-16 02:17:16 INFO [rumor] 500/6200 top1=0.312 top5=0.532 ed=1.156 rr=0.428 (2s)
2026-09-16 02:17:16 INFO [rumor] 1000/6200 top1=0.226 top5=0.491 ed=1.248 rr=0.356 (2s)
2026-09-16 02:17:16 INFO [rumor] 1500/6200 top1=0.273 top5=0.531 ed=1.181 rr=0.399 (2s)
2026-09-16 02:17:16 INFO [rumor] 2000/6200 top1=0.256 top5=0.513 ed=1.192 rr=0.382 (2s)
2026-09-16 02:17:16 INFO [rumor] 2500/6200 top1=0.258 top5=0.518 ed=1.182 rr=0.386 (3s)
2026-09-16 02:17:17 INFO [rumor] 3000/6200 top1=0.252 top5=0.513 ed=1.193 rr=0.380 (3s)
2026-09-16 02:17:17 INFO [rumor] 3500/6200 top1=0.257 top5=0.505 ed=1.182 rr=0.381 (3s)
2026-09-16 02:17:17 INFO [rumor] 4000/6200 top1=0.271 top5=0.525 ed=1.166 rr=0.397 (3s)
2026-09-16 02:17:17 INFO [rumor] 4500/6200 top1=0.265 top5=0.519 ed=1.172 rr=0.390 (3s)
2026-09-16 02:17:17 INFO [rumor] 5000/6200 top1=0.275 top5=0.523 ed=1.156 rr=0.398 (3s)
2026-09-16 02:17:17 INFO [rumor] 5500/6200 top1=0.277 top5=0.521 ed=1.158 rr=0.399 (3s)
2026-09-16 02:17:17 INFO [rumor] 6000/6200 top1=0.285 top5=0.522 ed=1.155 rr=0.404 (4s)
2026-09-16 02:17:17 INFO RESULT dolphin rumor: top1=0.2900 top3=0.4347 top5=0.5261 ed=1.1481 rr=0.4089 fit=0.0s infer=0.00057s/inst
2026-09-16 02:17:17 INFO === method netsleuth ===
2026-09-16 02:17:44 INFO [netsleuth] 500/6200 top1=0.418 top5=0.602 ed=1.612 rr=0.517 (27s)
2026-09-16 02:17:44 INFO [netsleuth] 1000/6200 top1=0.264 top5=0.547 ed=1.845 rr=0.401 (27s)
2026-09-16 02:17:44 INFO [netsleuth] 1500/6200 top1=0.314 top5=0.565 ed=1.714 rr=0.440 (27s)
2026-09-16 02:17:44 INFO [netsleuth] 2000/6200 top1=0.280 top5=0.520 ed=1.798 rr=0.406 (27s)
2026-09-16 02:17:45 INFO [netsleuth] 2500/6200 top1=0.290 top5=0.514 ed=1.777 rr=0.411 (27s)
2026-09-16 02:17:45 INFO [netsleuth] 3000/6200 top1=0.287 top5=0.536 ed=1.773 rr=0.414 (27s)
2026-09-16 02:17:45 INFO [netsleuth] 3500/6200 top1=0.294 top5=0.546 ed=1.750 rr=0.423 (27s)
2026-09-16 02:17:45 INFO [netsleuth] 4000/6200 top1=0.300 top5=0.541 ed=1.746 rr=0.425 (28s)
2026-09-16 02:17:45 INFO [netsleuth] 4500/6200 top1=0.286 top5=0.527 ed=1.786 rr=0.411 (28s)
2026-09-16 02:17:45 INFO [netsleuth] 5000/6200 top1=0.309 top5=0.541 ed=1.732 rr=0.430 (28s)
2026-09-16 02:17:45 INFO [netsleuth] 5500/6200 top1=0.303 top5=0.537 ed=1.737 rr=0.425 (28s)
2026-09-16 02:17:45 INFO [netsleuth] 6000/6200 top1=0.320 top5=0.557 ed=1.696 rr=0.441 (28s)
2026-09-16 02:17:46 INFO RESULT dolphin netsleuth: top1=0.3302 top3=0.4687 top5=0.5676 ed=1.6697 rr=0.4510 fit=0.0s infer=0.00454s/inst
2026-09-16 02:17:46 INFO === method dmp ===
2026-09-16 02:17:59 INFO [dmp] 500/6200 top1=0.464 top5=0.642 ed=1.006 rr=0.555 (14s)
2026-09-16 02:17:59 INFO [dmp] 1000/6200 top1=0.337 top5=0.651 ed=1.153 rr=0.481 (14s)
2026-09-16 02:18:00 INFO [dmp] 1500/6200 top1=0.365 top5=0.668 ed=1.083 rr=0.502 (14s)
2026-09-16 02:18:00 INFO [dmp] 2000/6200 top1=0.327 top5=0.630 ed=1.134 rr=0.468 (14s)
2026-09-16 02:18:00 INFO [dmp] 2500/6200 top1=0.334 top5=0.626 ed=1.136 rr=0.471 (14s)
2026-09-16 02:18:00 INFO [dmp] 3000/6200 top1=0.329 top5=0.630 ed=1.129 rr=0.470 (15s)
2026-09-16 02:18:00 INFO [dmp] 3500/6200 top1=0.339 top5=0.641 ed=1.116 rr=0.480 (15s)
2026-09-16 02:18:00 INFO [dmp] 4000/6200 top1=0.345 top5=0.638 ed=1.104 rr=0.482 (15s)
2026-09-16 02:18:01 INFO [dmp] 4500/6200 top1=0.334 top5=0.627 ed=1.122 rr=0.472 (15s)
2026-09-16 02:18:01 INFO [dmp] 5000/6200 top1=0.349 top5=0.637 ed=1.094 rr=0.485 (15s)
2026-09-16 02:18:01 INFO [dmp] 5500/6200 top1=0.344 top5=0.631 ed=1.100 rr=0.480 (15s)
2026-09-16 02:18:01 INFO [dmp] 6000/6200 top1=0.356 top5=0.637 ed=1.081 rr=0.489 (15s)
2026-09-16 02:18:01 INFO RESULT dolphin dmp: top1=0.3642 top3=0.5384 top5=0.6426 ed=1.0684 rr=0.4962 css=3.77 fit=0.0s infer=0.00251s/inst
2026-09-16 02:18:01 INFO === method sme ===
2026-09-16 02:18:01 INFO [sme] 500/6200 top1=0.298 top5=0.514 ed=1.438 rr=0.417 (0s)
2026-09-16 02:18:02 INFO [sme] 1000/6200 top1=0.243 top5=0.506 ed=1.420 rr=0.382 (1s)
2026-09-16 02:18:02 INFO [sme] 1500/6200 top1=0.289 top5=0.529 ed=1.336 rr=0.417 (1s)
2026-09-16 02:18:02 INFO [sme] 2000/6200 top1=0.263 top5=0.512 ed=1.385 rr=0.394 (1s)
2026-09-16 02:18:02 INFO [sme] 2500/6200 top1=0.268 top5=0.491 ed=1.386 rr=0.390 (1s)
2026-09-16 02:18:02 INFO [sme] 3000/6200 top1=0.268 top5=0.500 ed=1.397 rr=0.394 (1s)
2026-09-16 02:18:02 INFO [sme] 3500/6200 top1=0.280 top5=0.511 ed=1.389 rr=0.406 (1s)
2026-09-16 02:18:03 INFO [sme] 4000/6200 top1=0.282 top5=0.508 ed=1.384 rr=0.405 (1s)
2026-09-16 02:18:03 INFO [sme] 4500/6200 top1=0.277 top5=0.501 ed=1.395 rr=0.399 (2s)
2026-09-16 02:18:03 INFO [sme] 5000/6200 top1=0.291 top5=0.507 ed=1.374 rr=0.409 (2s)
2026-09-16 02:18:03 INFO [sme] 5500/6200 top1=0.283 top5=0.499 ed=1.384 rr=0.402 (2s)
2026-09-16 02:18:03 INFO [sme] 6000/6200 top1=0.295 top5=0.507 ed=1.365 rr=0.411 (2s)
2026-09-16 02:18:03 INFO RESULT dolphin sme: top1=0.3032 top3=0.4350 top5=0.5140 ed=1.3498 rr=0.4189 css=9.54 fit=0.0s infer=0.00035s/inst
2026-09-16 02:18:03 INFO === method mcs ===
2026-09-16 02:18:04 INFO [mcs] 500/6200 top1=0.316 top5=0.562 ed=1.322 rr=0.434 (0s)
2026-09-16 02:18:04 INFO [mcs] 1000/6200 top1=0.273 top5=0.529 ed=1.324 rr=0.401 (0s)
2026-09-16 02:18:04 INFO [mcs] 1500/6200 top1=0.295 top5=0.564 ed=1.258 rr=0.426 (1s)
2026-09-16 02:18:04 INFO [mcs] 2000/6200 top1=0.262 top5=0.531 ed=1.319 rr=0.395 (1s)
2026-09-16 02:18:04 INFO [mcs] 2500/6200 top1=0.277 top5=0.531 ed=1.296 rr=0.405 (1s)
2026-09-16 02:18:04 INFO [mcs] 3000/6200 top1=0.285 top5=0.543 ed=1.286 rr=0.414 (1s)
2026-09-16 02:18:04 INFO [mcs] 3500/6200 top1=0.292 top5=0.551 ed=1.272 rr=0.421 (1s)
2026-09-16 02:18:05 INFO [mcs] 4000/6200 top1=0.297 top5=0.556 ed=1.266 rr=0.426 (1s)
2026-09-16 02:18:05 INFO [mcs] 4500/6200 top1=0.293 top5=0.549 ed=1.280 rr=0.420 (1s)
2026-09-16 02:18:05 INFO [mcs] 5000/6200 top1=0.306 top5=0.556 ed=1.263 rr=0.431 (2s)
2026-09-16 02:18:05 INFO [mcs] 5500/6200 top1=0.301 top5=0.544 ed=1.269 rr=0.424 (2s)
2026-09-16 02:18:05 INFO [mcs] 6000/6200 top1=0.311 top5=0.555 ed=1.253 rr=0.435 (2s)
2026-09-16 02:18:05 INFO RESULT dolphin mcs: top1=0.3213 top3=0.4682 top5=0.5623 ed=1.2374 rr=0.4433 css=2.75 fit=0.0s infer=0.00032s/inst
2026-09-16 02:18:05 INFO === method mlp ===
2026-09-16 02:18:07 INFO [mlp] epoch 1 val_loss=4.1277 val_acc=0.2688 (0s)
2026-09-16 02:18:07 INFO [mlp] epoch 10 val_loss=4.0726 val_acc=0.2849 (1s)
2026-09-16 02:18:07 INFO [mlp] epoch 20 val_loss=3.3608 val_acc=0.2849 (1s)
2026-09-16 02:18:07 INFO [mlp] epoch 30 val_loss=2.2392 val_acc=0.3011 (1s)
2026-09-16 02:18:08 INFO [mlp] epoch 40 val_loss=2.2323 val_acc=0.3011 (2s)
2026-09-16 02:18:08 INFO [mlp] epoch 50 val_loss=2.2316 val_acc=0.3011 (2s)
2026-09-16 02:18:08 INFO [mlp] epoch 60 val_loss=2.2305 val_acc=0.3011 (2s)
2026-09-16 02:18:09 INFO [mlp] epoch 70 val_loss=2.2278 val_acc=0.3011 (2s)
2026-09-16 02:18:18 INFO [mlp] epoch 80 val_loss=2.2168 val_acc=0.3011 (11s)
2026-09-16 02:18:21 INFO [mlp] epoch 90 val_loss=2.1885 val_acc=0.3011 (15s)
2026-09-16 02:18:21 INFO [mlp] trained 99 epochs, best val_loss=2.1837, 15s
2026-09-16 02:18:21 INFO [mlp] 500/6200 top1=0.342 top5=0.636 ed=1.302 rr=0.419 (0s)
2026-09-16 02:18:22 INFO [mlp] 1000/6200 top1=0.277 top5=0.601 ed=1.403 rr=0.362 (0s)
2026-09-16 02:18:22 INFO [mlp] 1500/6200 top1=0.298 top5=0.595 ed=1.345 rr=0.381 (1s)
2026-09-16 02:18:22 INFO [mlp] 2000/6200 top1=0.276 top5=0.567 ed=1.371 rr=0.360 (1s)
2026-09-16 02:18:22 INFO [mlp] 2500/6200 top1=0.280 top5=0.558 ed=1.368 rr=0.363 (1s)
2026-09-16 02:18:22 INFO [mlp] 3000/6200 top1=0.278 top5=0.560 ed=1.371 rr=0.364 (1s)
2026-09-16 02:18:22 INFO [mlp] 3500/6200 top1=0.285 top5=0.567 ed=1.357 rr=0.371 (1s)
2026-09-16 02:18:23 INFO [mlp] 4000/6200 top1=0.287 top5=0.563 ed=1.355 rr=0.371 (1s)
2026-09-16 02:18:23 INFO [mlp] 4500/6200 top1=0.283 top5=0.555 ed=1.368 rr=0.366 (2s)
2026-09-16 02:18:23 INFO [mlp] 5000/6200 top1=0.294 top5=0.564 ed=1.348 rr=0.377 (2s)
2026-09-16 02:18:23 INFO [mlp] 5500/6200 top1=0.288 top5=0.557 ed=1.359 rr=0.371 (2s)
2026-09-16 02:18:23 INFO [mlp] 6000/6200 top1=0.296 top5=0.564 ed=1.339 rr=0.380 (2s)
2026-09-16 02:18:23 INFO RESULT dolphin mlp: top1=0.3040 top3=0.4673 top5=0.5705 ed=1.3294 rr=0.3867 css=15.79 fit=15.9s infer=0.00034s/inst
2026-09-16 02:18:23 INFO === method gcn ===
2026-09-16 02:18:26 INFO [gcn] epoch 1 val_loss=4.1265 val_acc=0.1129 (3s)
2026-09-16 02:18:51 INFO [gcn] epoch 10 val_loss=4.1142 val_acc=0.1344 (27s)
2026-09-16 02:19:12 INFO [gcn] epoch 20 val_loss=3.9515 val_acc=0.1452 (48s)
2026-09-16 02:19:12 INFO [gcn] epoch 30 val_loss=3.4487 val_acc=0.1398 (49s)
2026-09-16 02:19:13 INFO [gcn] epoch 40 val_loss=3.2065 val_acc=0.1720 (49s)
2026-09-16 02:19:13 INFO [gcn] epoch 50 val_loss=3.0211 val_acc=0.2043 (50s)
2026-09-16 02:19:14 INFO [gcn] epoch 60 val_loss=2.9393 val_acc=0.1989 (50s)
2026-09-16 02:19:23 INFO [gcn] epoch 70 val_loss=2.9175 val_acc=0.1989 (60s)
2026-09-16 02:19:23 INFO [gcn] epoch 80 val_loss=2.8931 val_acc=0.1935 (60s)
2026-09-16 02:19:24 INFO [gcn] epoch 90 val_loss=2.8832 val_acc=0.1989 (60s)
2026-09-16 02:19:24 INFO [gcn] epoch 100 val_loss=2.8773 val_acc=0.1989 (61s)
2026-09-16 02:19:24 INFO [gcn] epoch 110 val_loss=2.8750 val_acc=0.2043 (61s)
2026-09-16 02:19:25 INFO [gcn] epoch 120 val_loss=2.8717 val_acc=0.2151 (61s)
2026-09-16 02:19:51 INFO [gcn] epoch 130 val_loss=2.8657 val_acc=0.2204 (88s)
2026-09-16 02:20:19 INFO [gcn] epoch 140 val_loss=2.8685 val_acc=0.2151 (116s)
2026-09-16 02:20:23 INFO [gcn] trained 148 epochs, best val_loss=2.8565, 119s
2026-09-16 02:20:23 INFO [gcn] 500/6200 top1=0.354 top5=0.624 ed=1.140 rr=0.482 (0s)
2026-09-16 02:20:23 INFO [gcn] 1000/6200 top1=0.243 top5=0.623 ed=1.185 rr=0.400 (0s)
2026-09-16 02:20:23 INFO [gcn] 1500/6200 top1=0.301 top5=0.681 ed=1.098 rr=0.462 (1s)
2026-09-16 02:20:23 INFO [gcn] 2000/6200 top1=0.291 top5=0.648 ed=1.126 rr=0.445 (1s)
2026-09-16 02:20:23 INFO [gcn] 2500/6200 top1=0.291 top5=0.608 ed=1.126 rr=0.434 (1s)
2026-09-16 02:20:24 INFO [gcn] 3000/6200 top1=0.286 top5=0.619 ed=1.134 rr=0.437 (1s)
2026-09-16 02:20:24 INFO [gcn] 3500/6200 top1=0.299 top5=0.633 ed=1.119 rr=0.450 (1s)
2026-09-16 02:20:24 INFO [gcn] 4000/6200 top1=0.302 top5=0.628 ed=1.130 rr=0.451 (1s)
2026-09-16 02:20:24 INFO [gcn] 4500/6200 top1=0.293 top5=0.608 ed=1.152 rr=0.440 (2s)
2026-09-16 02:20:24 INFO [gcn] 5000/6200 top1=0.313 top5=0.628 ed=1.124 rr=0.460 (2s)
2026-09-16 02:20:24 INFO [gcn] 5500/6200 top1=0.315 top5=0.616 ed=1.119 rr=0.459 (2s)
2026-09-16 02:20:25 INFO [gcn] 6000/6200 top1=0.331 top5=0.624 ed=1.102 rr=0.471 (2s)
2026-09-16 02:20:25 INFO RESULT dolphin gcn: top1=0.3400 top3=0.5182 top5=0.6295 ed=1.0935 rr=0.4781 css=12.81 fit=119.2s infer=0.00032s/inst
2026-09-16 02:20:25 INFO === method gcn_skip ===
2026-09-16 02:20:30 INFO [gcn_skip] epoch 1 val_loss=4.1768 val_acc=0.0161 (6s)
2026-09-16 02:20:53 INFO [gcn_skip] epoch 10 val_loss=3.3074 val_acc=0.2043 (29s)
2026-09-16 02:21:08 INFO [gcn_skip] epoch 20 val_loss=2.5848 val_acc=0.3280 (43s)
2026-09-16 02:22:01 INFO [gcn_skip] epoch 30 val_loss=2.4899 val_acc=0.3118 (96s)
2026-09-16 02:22:54 INFO [gcn_skip] epoch 40 val_loss=2.2807 val_acc=0.3495 (150s)
2026-09-16 02:23:47 INFO [gcn_skip] epoch 50 val_loss=2.2342 val_acc=0.3387 (203s)
2026-09-16 02:24:23 INFO [gcn_skip] trained 57 epochs, best val_loss=2.1951, 239s
2026-09-16 02:24:29 INFO [gcn_skip] 500/6200 top1=0.382 top5=0.662 ed=1.058 rr=0.512 (5s)
2026-09-16 02:24:29 INFO [gcn_skip] 1000/6200 top1=0.298 top5=0.675 ed=1.124 rr=0.465 (6s)
2026-09-16 02:24:29 INFO [gcn_skip] 1500/6200 top1=0.334 top5=0.697 ed=1.075 rr=0.491 (6s)
2026-09-16 02:24:29 INFO [gcn_skip] 2000/6200 top1=0.314 top5=0.676 ed=1.101 rr=0.473 (6s)
2026-09-16 02:24:29 INFO [gcn_skip] 2500/6200 top1=0.326 top5=0.680 ed=1.106 rr=0.481 (6s)
2026-09-16 02:24:29 INFO [gcn_skip] 3000/6200 top1=0.328 top5=0.684 ed=1.096 rr=0.486 (6s)
2026-09-16 02:24:30 INFO [gcn_skip] 3500/6200 top1=0.335 top5=0.687 ed=1.082 rr=0.491 (6s)
2026-09-16 02:24:30 INFO [gcn_skip] 4000/6200 top1=0.336 top5=0.670 ed=1.093 rr=0.487 (7s)
2026-09-16 02:24:30 INFO [gcn_skip] 4500/6200 top1=0.326 top5=0.660 ed=1.115 rr=0.478 (7s)
2026-09-16 02:24:30 INFO [gcn_skip] 5000/6200 top1=0.342 top5=0.673 ed=1.081 rr=0.493 (7s)
2026-09-16 02:24:30 INFO [gcn_skip] 5500/6200 top1=0.339 top5=0.665 ed=1.090 rr=0.489 (7s)
2026-09-16 02:24:30 INFO [gcn_skip] 6000/6200 top1=0.351 top5=0.671 ed=1.073 rr=0.499 (7s)
2026-09-16 02:24:31 INFO RESULT dolphin gcn_skip: top1=0.3606 top3=0.5653 top5=0.6773 ed=1.0600 rr=0.5064 css=11.24 fit=238.6s infer=0.00119s/inst
2026-09-16 02:24:31 INFO === method igcn ===
2026-09-16 02:24:35 INFO [igcn] epoch 1 val_loss=3.9317 val_acc=0.2688 (4s)
2026-09-16 02:25:11 INFO [igcn] epoch 10 val_loss=3.4467 val_acc=0.3118 (41s)
2026-09-16 02:25:52 INFO [igcn] epoch 20 val_loss=3.1684 val_acc=0.3495 (82s)
2026-09-16 02:26:33 INFO [igcn] epoch 30 val_loss=2.8744 val_acc=0.3495 (122s)
2026-09-16 02:27:14 INFO [igcn] epoch 40 val_loss=2.5636 val_acc=0.3548 (163s)
2026-09-16 02:27:54 INFO [igcn] epoch 50 val_loss=2.3204 val_acc=0.3548 (203s)
2026-09-16 02:28:34 INFO [igcn] epoch 60 val_loss=2.1855 val_acc=0.3710 (244s)
2026-09-16 02:29:15 INFO [igcn] epoch 70 val_loss=2.1322 val_acc=0.3871 (284s)
2026-09-16 02:29:55 INFO [igcn] epoch 80 val_loss=2.1100 val_acc=0.3871 (324s)
2026-09-16 02:30:35 INFO [igcn] epoch 90 val_loss=2.0953 val_acc=0.3871 (364s)
2026-09-16 02:31:16 INFO [igcn] epoch 100 val_loss=2.0874 val_acc=0.3817 (405s)
2026-09-16 02:31:56 INFO [igcn] epoch 110 val_loss=2.0816 val_acc=0.3817 (446s)
2026-09-16 02:32:36 INFO [igcn] epoch 120 val_loss=2.0767 val_acc=0.3871 (486s)
2026-09-16 02:33:16 INFO [igcn] epoch 130 val_loss=2.0738 val_acc=0.3871 (525s)
2026-09-16 02:33:55 INFO [igcn] epoch 140 val_loss=2.0697 val_acc=0.3925 (565s)
2026-09-16 02:34:35 INFO [igcn] epoch 150 val_loss=2.0667 val_acc=0.3925 (605s)
2026-09-16 02:35:15 INFO [igcn] epoch 160 val_loss=2.0623 val_acc=0.3925 (645s)
2026-09-16 02:35:34 INFO [igcn] epoch 170 val_loss=2.0599 val_acc=0.3817 (663s)
2026-09-16 02:35:35 INFO [igcn] epoch 180 val_loss=2.0568 val_acc=0.3817 (665s)
2026-09-16 02:35:36 INFO [igcn] epoch 190 val_loss=2.0527 val_acc=0.3817 (666s)
2026-09-16 02:35:37 INFO [igcn] epoch 200 val_loss=2.0511 val_acc=0.3817 (667s)
2026-09-16 02:35:37 INFO [igcn] trained 200 epochs, best val_loss=2.0511, 667s
2026-09-16 02:35:38 INFO [igcn] 500/6200 top1=0.400 top5=0.688 ed=1.218 rr=0.526 (0s)
2026-09-16 02:35:38 INFO [igcn] 1000/6200 top1=0.293 top5=0.665 ed=1.357 rr=0.456 (1s)
2026-09-16 02:35:38 INFO [igcn] 1500/6200 top1=0.333 top5=0.669 ed=1.286 rr=0.482 (1s)
2026-09-16 02:35:38 INFO [igcn] 2000/6200 top1=0.301 top5=0.646 ed=1.357 rr=0.456 (1s)
2026-09-16 02:35:38 INFO [igcn] 2500/6200 top1=0.314 top5=0.642 ed=1.346 rr=0.461 (1s)
2026-09-16 02:35:39 INFO [igcn] 3000/6200 top1=0.314 top5=0.650 ed=1.333 rr=0.465 (1s)
2026-09-16 02:35:39 INFO [igcn] 3500/6200 top1=0.320 top5=0.658 ed=1.317 rr=0.473 (1s)
2026-09-16 02:35:39 INFO [igcn] 4000/6200 top1=0.321 top5=0.642 ed=1.328 rr=0.468 (2s)
2026-09-16 02:35:39 INFO [igcn] 4500/6200 top1=0.312 top5=0.630 ed=1.350 rr=0.459 (2s)
2026-09-16 02:35:39 INFO [igcn] 5000/6200 top1=0.331 top5=0.643 ed=1.312 rr=0.476 (2s)
2026-09-16 02:35:39 INFO [igcn] 5500/6200 top1=0.326 top5=0.636 ed=1.322 rr=0.471 (2s)
2026-09-16 02:35:40 INFO [igcn] 6000/6200 top1=0.343 top5=0.650 ed=1.288 rr=0.485 (2s)
2026-09-16 02:35:40 INFO RESULT dolphin igcn: top1=0.3534 top3=0.5395 top5=0.6566 ed=1.2708 rr=0.4941 css=12.36 fit=666.9s infer=0.00036s/inst
2026-09-16 02:35:40 INFO run source_dolphin_20260916T021703Z_3683 finished in 1116.8s
