2026-09-16 02:35:43 INFO run source_fraternity_20260916T023543Z_5579 started, dir=/home/user/trace_e/results/runs/source_fraternity_20260916T023543Z_5579
2026-09-16 02:35:43 INFO network fraternity: {'n_nodes': 58, 'n_edges': 967, 'avg_degree': 33.3448275862069, 'n_components': 1, 'lcc_size': 58}
2026-09-16 02:35:43 INFO train: 580 outbreaks, avg size 55.66, singletons 22 (0.1s)
2026-09-16 02:35:44 INFO test: 5800 outbreaks, avg size 56.04, singletons 188 (1.0s)
2026-09-16 02:35:44 INFO === method random ===
2026-09-16 02:35:45 INFO [random] 500/5800 top1=0.042 top5=0.104 ed=1.378 rr=0.054 (0s)
2026-09-16 02:35:45 INFO [random] 1000/5800 top1=0.055 top5=0.108 ed=1.293 rr=0.063 (1s)
2026-09-16 02:35:45 INFO [random] 1500/5800 top1=0.055 top5=0.105 ed=1.303 rr=0.062 (1s)
2026-09-16 02:35:46 INFO [random] 2000/5800 top1=0.052 top5=0.105 ed=1.306 rr=0.060 (1s)
2026-09-16 02:35:46 INFO [random] 2500/5800 top1=0.050 top5=0.107 ed=1.328 rr=0.061 (1s)
2026-09-16 02:35:46 INFO [random] 3000/5800 top1=0.051 top5=0.112 ed=1.329 rr=0.064 (2s)
2026-09-16 02:35:46 INFO [random] 3500/5800 top1=0.052 top5=0.114 ed=1.331 rr=0.064 (2s)
2026-09-16 02:35:47 INFO [random] 4000/5800 top1=0.051 top5=0.112 ed=1.332 rr=0.064 (2s)
2026-09-16 02:35:47 INFO [random] 4500/5800 top1=0.051 top5=0.112 ed=1.336 rr=0.065 (2s)
2026-09-16 02:35:47 INFO [random] 5000/5800 top1=0.051 top5=0.112 ed=1.338 rr=0.065 (3s)
2026-09-16 02:35:47 INFO [random] 5500/5800 top1=0.052 top5=0.114 ed=1.349 rr=0.067 (3s)
2026-09-16 02:35:47 INFO RESULT fraternity random: top1=0.0516 top3=0.0857 top5=0.1140 ed=1.3445 rr=0.0659 css=51.20 fit=0.0s infer=0.00052s/inst
2026-09-16 02:35:47 INFO === method degree ===
2026-09-16 02:35:48 INFO [degree] 500/5800 top1=0.018 top5=0.218 ed=0.980 rr=0.128 (0s)
2026-09-16 02:35:48 INFO [degree] 1000/5800 top1=0.129 top5=0.280 ed=0.871 rr=0.221 (1s)
2026-09-16 02:35:48 INFO [degree] 1500/5800 top1=0.095 top5=0.196 ed=0.971 rr=0.169 (1s)
2026-09-16 02:35:49 INFO [degree] 2000/5800 top1=0.077 top5=0.202 ed=0.973 rr=0.161 (1s)
2026-09-16 02:35:49 INFO [degree] 2500/5800 top1=0.067 top5=0.167 ed=1.012 rr=0.140 (1s)
2026-09-16 02:35:49 INFO [degree] 3000/5800 top1=0.064 top5=0.147 ed=1.002 rr=0.134 (2s)
2026-09-16 02:35:49 INFO [degree] 3500/5800 top1=0.060 top5=0.146 ed=0.997 rr=0.130 (2s)
2026-09-16 02:35:49 INFO [degree] 4000/5800 top1=0.056 top5=0.131 ed=0.994 rr=0.121 (2s)
2026-09-16 02:35:50 INFO [degree] 4500/5800 top1=0.054 top5=0.121 ed=1.010 rr=0.115 (2s)
2026-09-16 02:35:50 INFO [degree] 5000/5800 top1=0.052 top5=0.112 ed=1.006 rr=0.111 (2s)
2026-09-16 02:35:50 INFO [degree] 5500/5800 top1=0.052 top5=0.107 ed=1.033 rr=0.110 (3s)
2026-09-16 02:35:50 INFO RESULT fraternity degree: top1=0.0500 top3=0.0847 top5=0.1195 ed=1.0302 rr=0.1111 fit=0.0s infer=0.00048s/inst
2026-09-16 02:35:50 INFO === method jordan ===
2026-09-16 02:36:13 INFO [jordan] 500/5800 top1=0.040 top5=0.120 ed=1.318 rr=0.055 (23s)
2026-09-16 02:36:14 INFO [jordan] 1000/5800 top1=0.052 top5=0.115 ed=1.239 rr=0.064 (23s)
2026-09-16 02:36:14 INFO [jordan] 1500/5800 top1=0.052 top5=0.109 ed=1.230 rr=0.065 (24s)
2026-09-16 02:36:14 INFO [jordan] 2000/5800 top1=0.051 top5=0.116 ed=1.235 rr=0.064 (24s)
2026-09-16 02:36:14 INFO [jordan] 2500/5800 top1=0.048 top5=0.115 ed=1.264 rr=0.063 (24s)
2026-09-16 02:36:15 INFO [jordan] 3000/5800 top1=0.051 top5=0.114 ed=1.267 rr=0.066 (24s)
2026-09-16 02:36:15 INFO [jordan] 3500/5800 top1=0.052 top5=0.116 ed=1.273 rr=0.067 (24s)
2026-09-16 02:36:15 INFO [jordan] 4000/5800 top1=0.051 top5=0.117 ed=1.274 rr=0.066 (25s)
2026-09-16 02:36:15 INFO [jordan] 4500/5800 top1=0.051 top5=0.118 ed=1.276 rr=0.067 (25s)
2026-09-16 02:36:15 INFO [jordan] 5000/5800 top1=0.053 top5=0.122 ed=1.278 rr=0.068 (25s)
2026-09-16 02:36:16 INFO [jordan] 5500/5800 top1=0.054 top5=0.121 ed=1.287 rr=0.069 (25s)
2026-09-16 02:36:16 INFO RESULT fraternity jordan: top1=0.0533 top3=0.0876 top5=0.1209 ed=1.2822 rr=0.0684 fit=0.0s infer=0.00439s/inst
2026-09-16 02:36:16 INFO === method distance ===
2026-09-16 02:36:39 INFO [distance] 500/5800 top1=0.018 top5=0.218 ed=0.980 rr=0.128 (24s)
2026-09-16 02:36:39 INFO [distance] 1000/5800 top1=0.129 top5=0.280 ed=0.871 rr=0.221 (24s)
2026-09-16 02:36:40 INFO [distance] 1500/5800 top1=0.095 top5=0.196 ed=0.971 rr=0.169 (24s)
2026-09-16 02:36:40 INFO [distance] 2000/5800 top1=0.077 top5=0.202 ed=0.973 rr=0.161 (24s)
2026-09-16 02:36:40 INFO [distance] 2500/5800 top1=0.067 top5=0.167 ed=1.012 rr=0.140 (24s)
2026-09-16 02:36:40 INFO [distance] 3000/5800 top1=0.064 top5=0.147 ed=1.002 rr=0.135 (25s)
2026-09-16 02:36:41 INFO [distance] 3500/5800 top1=0.060 top5=0.146 ed=0.997 rr=0.130 (25s)
2026-09-16 02:36:41 INFO [distance] 4000/5800 top1=0.056 top5=0.131 ed=0.994 rr=0.121 (25s)
2026-09-16 02:36:41 INFO [distance] 4500/5800 top1=0.054 top5=0.121 ed=1.010 rr=0.115 (25s)
2026-09-16 02:36:41 INFO [distance] 5000/5800 top1=0.052 top5=0.112 ed=1.006 rr=0.111 (25s)
2026-09-16 02:36:41 INFO [distance] 5500/5800 top1=0.052 top5=0.107 ed=1.033 rr=0.110 (26s)
2026-09-16 02:36:41 INFO RESULT fraternity distance: top1=0.0500 top3=0.0847 top5=0.1195 ed=1.0302 rr=0.1111 fit=0.0s infer=0.00443s/inst
2026-09-16 02:36:41 INFO === method rumor ===
2026-09-16 02:37:02 INFO [rumor] 500/5800 top1=0.022 top5=0.218 ed=0.978 rr=0.167 (21s)
2026-09-16 02:37:02 INFO [rumor] 1000/5800 top1=0.128 top5=0.230 ed=0.874 rr=0.235 (21s)
2026-09-16 02:37:03 INFO [rumor] 1500/5800 top1=0.095 top5=0.163 ed=0.973 rr=0.180 (21s)
2026-09-16 02:37:03 INFO [rumor] 2000/5800 top1=0.076 top5=0.177 ed=0.975 rr=0.165 (21s)
2026-09-16 02:37:03 INFO [rumor] 2500/5800 top1=0.067 top5=0.147 ed=1.014 rr=0.143 (21s)
2026-09-16 02:37:03 INFO [rumor] 3000/5800 top1=0.064 top5=0.133 ed=1.004 rr=0.137 (22s)
2026-09-16 02:37:03 INFO [rumor] 3500/5800 top1=0.059 top5=0.119 ed=0.999 rr=0.129 (22s)
2026-09-16 02:37:04 INFO [rumor] 4000/5800 top1=0.055 top5=0.131 ed=0.996 rr=0.125 (22s)
2026-09-16 02:37:04 INFO [rumor] 4500/5800 top1=0.054 top5=0.121 ed=1.012 rr=0.119 (22s)
2026-09-16 02:37:04 INFO [rumor] 5000/5800 top1=0.052 top5=0.113 ed=1.007 rr=0.115 (23s)
2026-09-16 02:37:04 INFO [rumor] 5500/5800 top1=0.052 top5=0.107 ed=1.033 rr=0.112 (23s)
2026-09-16 02:37:04 INFO RESULT fraternity rumor: top1=0.0500 top3=0.0843 top5=0.1191 ed=1.0309 rr=0.1115 fit=0.0s infer=0.00394s/inst
2026-09-16 02:37:04 INFO === method netsleuth ===
2026-09-16 02:39:17 INFO [netsleuth] 500/5800 top1=0.020 top5=0.206 ed=1.774 rr=0.124 (133s)
2026-09-16 02:39:17 INFO [netsleuth] 1000/5800 top1=0.029 top5=0.132 ed=1.646 rr=0.100 (133s)
2026-09-16 02:39:18 INFO [netsleuth] 1500/5800 top1=0.029 top5=0.097 ed=1.745 rr=0.083 (133s)
2026-09-16 02:39:18 INFO [netsleuth] 2000/5800 top1=0.027 top5=0.079 ed=1.797 rr=0.078 (134s)
2026-09-16 02:39:18 INFO [netsleuth] 2500/5800 top1=0.027 top5=0.068 ed=1.826 rr=0.076 (134s)
2026-09-16 02:39:18 INFO [netsleuth] 3000/5800 top1=0.031 top5=0.094 ed=1.807 rr=0.090 (134s)
2026-09-16 02:39:18 INFO [netsleuth] 3500/5800 top1=0.032 top5=0.088 ed=1.801 rr=0.088 (134s)
2026-09-16 02:39:19 INFO [netsleuth] 4000/5800 top1=0.031 top5=0.080 ed=1.818 rr=0.085 (134s)
2026-09-16 02:39:19 INFO [netsleuth] 4500/5800 top1=0.032 top5=0.096 ed=1.828 rr=0.089 (135s)
2026-09-16 02:39:19 INFO [netsleuth] 5000/5800 top1=0.032 top5=0.090 ed=1.816 rr=0.090 (135s)
2026-09-16 02:39:19 INFO [netsleuth] 5500/5800 top1=0.050 top5=0.119 ed=1.809 rr=0.111 (135s)
2026-09-16 02:39:19 INFO RESULT fraternity netsleuth: top1=0.0481 top3=0.0797 top5=0.1136 ed=1.8169 rr=0.1073 fit=0.0s infer=0.02330s/inst
2026-09-16 02:39:19 INFO === method dmp ===
2026-09-16 02:40:17 INFO [dmp] 500/5800 top1=0.046 top5=0.132 ed=1.406 rr=0.113 (57s)
2026-09-16 02:40:17 INFO [dmp] 1000/5800 top1=0.065 top5=0.173 ed=1.309 rr=0.141 (57s)
2026-09-16 02:40:17 INFO [dmp] 1500/5800 top1=0.054 top5=0.145 ed=1.336 rr=0.125 (58s)
2026-09-16 02:40:17 INFO [dmp] 2000/5800 top1=0.050 top5=0.140 ed=1.335 rr=0.120 (58s)
2026-09-16 02:40:18 INFO [dmp] 2500/5800 top1=0.046 top5=0.131 ed=1.366 rr=0.114 (58s)
2026-09-16 02:40:18 INFO [dmp] 3000/5800 top1=0.053 top5=0.138 ed=1.364 rr=0.121 (58s)
2026-09-16 02:40:18 INFO [dmp] 3500/5800 top1=0.053 top5=0.143 ed=1.363 rr=0.122 (59s)
2026-09-16 02:40:18 INFO [dmp] 4000/5800 top1=0.051 top5=0.138 ed=1.361 rr=0.119 (59s)
2026-09-16 02:40:19 INFO [dmp] 4500/5800 top1=0.051 top5=0.135 ed=1.362 rr=0.118 (59s)
2026-09-16 02:40:19 INFO [dmp] 5000/5800 top1=0.050 top5=0.130 ed=1.358 rr=0.116 (60s)
2026-09-16 02:40:19 INFO [dmp] 5500/5800 top1=0.058 top5=0.139 ed=1.358 rr=0.124 (60s)
2026-09-16 02:40:19 INFO RESULT fraternity dmp: top1=0.0572 top3=0.0955 top5=0.1378 ed=1.3531 rr=0.1236 css=47.68 fit=0.0s infer=0.01032s/inst
2026-09-16 02:40:19 INFO === method sme ===
2026-09-16 02:40:20 INFO [sme] 500/5800 top1=0.044 top5=0.112 ed=1.304 rr=0.075 (1s)
2026-09-16 02:40:20 INFO [sme] 1000/5800 top1=0.042 top5=0.079 ed=1.230 rr=0.072 (1s)
2026-09-16 02:40:20 INFO [sme] 1500/5800 top1=0.045 top5=0.096 ed=1.233 rr=0.078 (1s)
2026-09-16 02:40:21 INFO [sme] 2000/5800 top1=0.049 top5=0.118 ed=1.237 rr=0.086 (1s)
2026-09-16 02:40:21 INFO [sme] 2500/5800 top1=0.049 top5=0.115 ed=1.257 rr=0.086 (2s)
2026-09-16 02:40:21 INFO [sme] 3000/5800 top1=0.054 top5=0.130 ed=1.258 rr=0.094 (2s)
2026-09-16 02:40:21 INFO [sme] 3500/5800 top1=0.053 top5=0.130 ed=1.275 rr=0.093 (2s)
2026-09-16 02:40:22 INFO [sme] 4000/5800 top1=0.051 top5=0.128 ed=1.278 rr=0.093 (2s)
2026-09-16 02:40:22 INFO [sme] 4500/5800 top1=0.051 top5=0.119 ed=1.289 rr=0.092 (3s)
2026-09-16 02:40:22 INFO [sme] 5000/5800 top1=0.050 top5=0.122 ed=1.285 rr=0.093 (3s)
2026-09-16 02:40:22 INFO [sme] 5500/5800 top1=0.052 top5=0.121 ed=1.294 rr=0.094 (3s)
2026-09-16 02:40:23 INFO RESULT fraternity sme: top1=0.0500 top3=0.0859 top5=0.1164 ed=1.2948 rr=0.0915 css=47.66 fit=0.0s infer=0.00056s/inst
2026-09-16 02:40:23 INFO === method mcs ===
2026-09-16 02:40:23 INFO [mcs] 500/5800 top1=0.028 top5=0.080 ed=1.316 rr=0.082 (0s)
2026-09-16 02:40:23 INFO [mcs] 1000/5800 top1=0.043 top5=0.114 ed=1.247 rr=0.106 (1s)
2026-09-16 02:40:23 INFO [mcs] 1500/5800 top1=0.048 top5=0.129 ed=1.253 rr=0.117 (1s)
2026-09-16 02:40:24 INFO [mcs] 2000/5800 top1=0.044 top5=0.124 ed=1.252 rr=0.115 (1s)
2026-09-16 02:40:24 INFO [mcs] 2500/5800 top1=0.043 top5=0.115 ed=1.282 rr=0.108 (1s)
2026-09-16 02:40:24 INFO [mcs] 3000/5800 top1=0.047 top5=0.120 ed=1.290 rr=0.113 (1s)
2026-09-16 02:40:24 INFO [mcs] 3500/5800 top1=0.048 top5=0.123 ed=1.286 rr=0.115 (2s)
2026-09-16 02:40:25 INFO [mcs] 4000/5800 top1=0.046 top5=0.120 ed=1.295 rr=0.113 (2s)
2026-09-16 02:40:25 INFO [mcs] 4500/5800 top1=0.046 top5=0.115 ed=1.300 rr=0.109 (2s)
2026-09-16 02:40:25 INFO [mcs] 5000/5800 top1=0.046 top5=0.115 ed=1.306 rr=0.109 (2s)
2026-09-16 02:40:25 INFO [mcs] 5500/5800 top1=0.048 top5=0.115 ed=1.311 rr=0.110 (3s)
2026-09-16 02:40:25 INFO RESULT fraternity mcs: top1=0.0467 top3=0.0802 top5=0.1140 ed=1.3086 rr=0.1084 css=11.04 fit=0.0s infer=0.00049s/inst
2026-09-16 02:40:25 INFO === method mlp ===
2026-09-16 02:40:27 INFO [mlp] epoch 1 val_loss=4.0601 val_acc=0.0172 (0s)
2026-09-16 02:40:27 INFO [mlp] epoch 10 val_loss=4.0589 val_acc=0.0345 (0s)
2026-09-16 02:40:27 INFO [mlp] epoch 20 val_loss=4.0565 val_acc=0.0345 (0s)
2026-09-16 02:40:27 INFO [mlp] trained 27 epochs, best val_loss=4.0562, 1s
2026-09-16 02:40:27 INFO [mlp] 500/5800 top1=0.028 top5=0.110 ed=1.376 rr=0.065 (0s)
2026-09-16 02:40:28 INFO [mlp] 1000/5800 top1=0.042 top5=0.126 ed=1.294 rr=0.075 (1s)
2026-09-16 02:40:28 INFO [mlp] 1500/5800 top1=0.047 top5=0.123 ed=1.302 rr=0.075 (1s)
2026-09-16 02:40:28 INFO [mlp] 2000/5800 top1=0.048 top5=0.117 ed=1.298 rr=0.073 (1s)
2026-09-16 02:40:28 INFO [mlp] 2500/5800 top1=0.048 top5=0.117 ed=1.319 rr=0.073 (1s)
2026-09-16 02:40:29 INFO [mlp] 3000/5800 top1=0.051 top5=0.117 ed=1.322 rr=0.076 (1s)
2026-09-16 02:40:29 INFO [mlp] 3500/5800 top1=0.051 top5=0.116 ed=1.320 rr=0.076 (2s)
2026-09-16 02:40:29 INFO [mlp] 4000/5800 top1=0.050 top5=0.116 ed=1.323 rr=0.075 (2s)
2026-09-16 02:40:29 INFO [mlp] 4500/5800 top1=0.050 top5=0.117 ed=1.324 rr=0.076 (2s)
2026-09-16 02:40:30 INFO [mlp] 5000/5800 top1=0.051 top5=0.116 ed=1.327 rr=0.077 (3s)
2026-09-16 02:40:30 INFO [mlp] 5500/5800 top1=0.052 top5=0.117 ed=1.338 rr=0.078 (3s)
2026-09-16 02:40:30 INFO RESULT fraternity mlp: top1=0.0514 top3=0.0907 top5=0.1174 ed=1.3307 rr=0.0773 css=50.24 fit=1.7s infer=0.00050s/inst
2026-09-16 02:40:30 INFO === method gcn ===
2026-09-16 02:40:30 INFO [gcn] epoch 1 val_loss=4.0604 val_acc=0.0172 (0s)
2026-09-16 02:40:30 INFO [gcn] trained 7 epochs, best val_loss=4.0604, 0s
2026-09-16 02:40:31 INFO [gcn] 500/5800 top1=0.020 top5=0.022 ed=1.958 rr=0.079 (0s)
2026-09-16 02:40:31 INFO [gcn] 1000/5800 top1=0.029 top5=0.120 ed=1.844 rr=0.085 (1s)
2026-09-16 02:40:31 INFO [gcn] 1500/5800 top1=0.029 top5=0.089 ed=1.877 rr=0.078 (1s)
2026-09-16 02:40:31 INFO [gcn] 2000/5800 top1=0.027 top5=0.072 ed=1.869 rr=0.076 (1s)
2026-09-16 02:40:32 INFO [gcn] 2500/5800 top1=0.027 top5=0.064 ed=1.890 rr=0.078 (1s)
2026-09-16 02:40:32 INFO [gcn] 3000/5800 top1=0.047 top5=0.090 ed=1.874 rr=0.100 (2s)
2026-09-16 02:40:32 INFO [gcn] 3500/5800 top1=0.045 top5=0.085 ed=1.881 rr=0.098 (2s)
2026-09-16 02:40:32 INFO [gcn] 4000/5800 top1=0.043 top5=0.078 ed=1.866 rr=0.096 (2s)
2026-09-16 02:40:33 INFO [gcn] 4500/5800 top1=0.042 top5=0.094 ed=1.874 rr=0.098 (2s)
2026-09-16 02:40:33 INFO [gcn] 5000/5800 top1=0.042 top5=0.088 ed=1.860 rr=0.096 (3s)
2026-09-16 02:40:33 INFO [gcn] 5500/5800 top1=0.051 top5=0.117 ed=1.856 rr=0.110 (3s)
2026-09-16 02:40:33 INFO RESULT fraternity gcn: top1=0.0490 top3=0.0795 top5=0.1119 ed=1.8614 rr=0.1067 css=51.20 fit=0.3s infer=0.00051s/inst
2026-09-16 02:40:33 INFO === method gcn_skip ===
2026-09-16 02:40:33 INFO [gcn_skip] epoch 1 val_loss=4.0690 val_acc=0.0115 (0s)
2026-09-16 02:40:34 INFO [gcn_skip] trained 6 epochs, best val_loss=4.0690, 0s
2026-09-16 02:40:34 INFO [gcn_skip] 500/5800 top1=0.030 top5=0.202 ed=1.030 rr=0.120 (0s)
2026-09-16 02:40:34 INFO [gcn_skip] 1000/5800 top1=0.119 top5=0.288 ed=0.950 rr=0.214 (1s)
2026-09-16 02:40:34 INFO [gcn_skip] 1500/5800 top1=0.089 top5=0.201 ed=1.005 rr=0.167 (1s)
2026-09-16 02:40:35 INFO [gcn_skip] 2000/5800 top1=0.080 top5=0.201 ed=1.010 rr=0.160 (1s)
2026-09-16 02:40:35 INFO [gcn_skip] 2500/5800 top1=0.069 top5=0.166 ed=1.044 rr=0.140 (1s)
2026-09-16 02:40:35 INFO [gcn_skip] 3000/5800 top1=0.066 top5=0.165 ed=1.032 rr=0.137 (2s)
2026-09-16 02:40:35 INFO [gcn_skip] 3500/5800 top1=0.062 top5=0.168 ed=1.028 rr=0.135 (2s)
2026-09-16 02:40:36 INFO [gcn_skip] 4000/5800 top1=0.058 top5=0.151 ed=1.030 rr=0.127 (2s)
2026-09-16 02:40:36 INFO [gcn_skip] 4500/5800 top1=0.055 top5=0.139 ed=1.043 rr=0.122 (2s)
2026-09-16 02:40:36 INFO [gcn_skip] 5000/5800 top1=0.054 top5=0.132 ed=1.044 rr=0.118 (3s)
2026-09-16 02:40:36 INFO [gcn_skip] 5500/5800 top1=0.053 top5=0.128 ed=1.064 rr=0.117 (3s)
2026-09-16 02:40:37 INFO RESULT fraternity gcn_skip: top1=0.0514 top3=0.0888 top5=0.1257 ed=1.0603 rr=0.1158 css=49.27 fit=0.3s infer=0.00051s/inst
2026-09-16 02:40:37 INFO === method igcn ===
2026-09-16 02:40:37 INFO [igcn] epoch 1 val_loss=4.0583 val_acc=0.0402 (1s)
2026-09-16 02:40:42 INFO [igcn] epoch 10 val_loss=4.0580 val_acc=0.0575 (6s)
2026-09-16 02:40:48 INFO [igcn] epoch 20 val_loss=4.0568 val_acc=0.0517 (11s)
2026-09-16 02:40:54 INFO [igcn] epoch 30 val_loss=4.0549 val_acc=0.0517 (17s)
2026-09-16 02:40:59 INFO [igcn] epoch 40 val_loss=4.0501 val_acc=0.0402 (23s)
2026-09-16 02:41:05 INFO [igcn] epoch 50 val_loss=4.0427 val_acc=0.0230 (29s)
2026-09-16 02:41:11 INFO [igcn] epoch 60 val_loss=4.0317 val_acc=0.0230 (34s)
2026-09-16 02:41:17 INFO [igcn] epoch 70 val_loss=4.0203 val_acc=0.0230 (40s)
2026-09-16 02:41:22 INFO [igcn] epoch 80 val_loss=4.0150 val_acc=0.0230 (46s)
2026-09-16 02:41:28 INFO [igcn] epoch 90 val_loss=4.0122 val_acc=0.0230 (52s)
2026-09-16 02:41:34 INFO [igcn] epoch 100 val_loss=4.0109 val_acc=0.0172 (57s)
2026-09-16 02:41:37 INFO [igcn] trained 105 epochs, best val_loss=4.0109, 60s
2026-09-16 02:41:39 INFO [igcn] 500/5800 top1=0.044 top5=0.128 ed=1.516 rr=0.107 (2s)
2026-09-16 02:41:39 INFO [igcn] 1000/5800 top1=0.049 top5=0.140 ed=1.432 rr=0.117 (2s)
2026-09-16 02:41:39 INFO [igcn] 1500/5800 top1=0.048 top5=0.123 ed=1.451 rr=0.112 (2s)
2026-09-16 02:41:39 INFO [igcn] 2000/5800 top1=0.043 top5=0.114 ed=1.450 rr=0.108 (3s)
2026-09-16 02:41:40 INFO [igcn] 2500/5800 top1=0.042 top5=0.113 ed=1.482 rr=0.106 (3s)
2026-09-16 02:41:40 INFO [igcn] 3000/5800 top1=0.047 top5=0.120 ed=1.478 rr=0.111 (3s)
2026-09-16 02:41:40 INFO [igcn] 3500/5800 top1=0.048 top5=0.120 ed=1.481 rr=0.111 (3s)
2026-09-16 02:41:40 INFO [igcn] 4000/5800 top1=0.046 top5=0.119 ed=1.483 rr=0.109 (3s)
2026-09-16 02:41:40 INFO [igcn] 4500/5800 top1=0.047 top5=0.122 ed=1.485 rr=0.111 (4s)
2026-09-16 02:41:41 INFO [igcn] 5000/5800 top1=0.047 top5=0.122 ed=1.485 rr=0.111 (4s)
2026-09-16 02:41:41 INFO [igcn] 5500/5800 top1=0.051 top5=0.124 ed=1.490 rr=0.114 (4s)
2026-09-16 02:41:41 INFO RESULT fraternity igcn: top1=0.0497 top3=0.0828 top5=0.1216 ed=1.4890 rr=0.1126 css=50.29 fit=60.2s infer=0.00074s/inst
2026-09-16 02:41:41 INFO run source_fraternity_20260916T023543Z_5579 finished in 357.7s
