2026-09-16 05:16:48 INFO run adaptive_powergrid_const_20260916T051648Z_9422 started, dir=/home/user/trace_e/results/runs/adaptive_powergrid_const_20260916T051648Z_9422
2026-09-16 05:16:48 INFO network powergrid: {'n_nodes': 4941, 'n_edges': 6594, 'avg_degree': 2.66909532483303, 'n_components': 1, 'lcc_size': 4941}
2026-09-16 05:16:49 INFO plans ready for instance 1/10
2026-09-16 05:16:50 INFO plans ready for instance 2/10
2026-09-16 05:16:51 INFO plans ready for instance 3/10
2026-09-16 05:16:52 INFO plans ready for instance 4/10
2026-09-16 05:16:52 INFO plans ready for instance 5/10
2026-09-16 05:16:53 INFO plans ready for instance 6/10
2026-09-16 05:16:54 INFO plans ready for instance 7/10
2026-09-16 05:16:55 INFO plans ready for instance 8/10
2026-09-16 05:16:56 INFO plans ready for instance 9/10
2026-09-16 05:16:56 INFO plans ready for instance 10/10
2026-09-16 05:16:56 INFO running 1650 episodes
2026-09-16 05:17:00 INFO episodes done in 4s
2026-09-16 05:17:00 INFO RESULT powergrid budget=10 none       spread=7.98 (se 0.54) saved=0.0000 used=0.0 time=0.00s
2026-09-16 05:17:00 INFO RESULT powergrid budget=10 ag         spread=5.96 (se 0.49) saved=0.2531 used=10.0 time=0.00s
2026-09-16 05:17:00 INFO RESULT powergrid budget=10 gr         spread=5.96 (se 0.49) saved=0.2531 used=10.0 time=0.00s
2026-09-16 05:17:00 INFO RESULT powergrid budget=10 lsbm       spread=5.96 (se 0.49) saved=0.2531 used=10.0 time=0.00s
2026-09-16 05:17:00 INFO RESULT powergrid budget=10 isocut     spread=5.96 (se 0.49) saved=0.2531 used=10.0 time=0.01s
2026-09-16 05:17:00 INFO RESULT powergrid budget=10 proximity  spread=5.94 (se 0.40) saved=0.2556 used=10.0 time=0.03s
2026-09-16 05:17:00 INFO RESULT powergrid budget=10 defer      spread=6.02 (se 0.49) saved=0.2456 used=9.9 time=0.02s
2026-09-16 05:17:00 INFO RESULT powergrid budget=10 defer_nopush spread=5.96 (se 0.49) saved=0.2531 used=10.0 time=0.01s
2026-09-16 05:17:00 INFO RESULT powergrid budget=10 defer_gr   spread=6.02 (se 0.49) saved=0.2456 used=9.9 time=0.02s
2026-09-16 05:17:00 INFO RESULT powergrid budget=10 defer_cut  spread=6.02 (se 0.49) saved=0.2456 used=9.9 time=0.02s
2026-09-16 05:17:00 INFO RESULT powergrid budget=10 commit     spread=5.98 (se 0.45) saved=0.2506 used=10.0 time=0.03s
2026-09-16 05:17:00 INFO RESULT powergrid budget=20 none       spread=7.98 (se 0.54) saved=0.0000 used=0.0 time=0.00s
2026-09-16 05:17:00 INFO RESULT powergrid budget=20 ag         spread=4.26 (se 0.40) saved=0.4662 used=20.0 time=0.01s
2026-09-16 05:17:00 INFO RESULT powergrid budget=20 gr         spread=4.26 (se 0.40) saved=0.4662 used=20.0 time=0.01s
2026-09-16 05:17:00 INFO RESULT powergrid budget=20 lsbm       spread=4.26 (se 0.40) saved=0.4662 used=20.0 time=0.00s
2026-09-16 05:17:00 INFO RESULT powergrid budget=20 isocut     spread=4.26 (se 0.40) saved=0.4662 used=20.0 time=0.01s
2026-09-16 05:17:00 INFO RESULT powergrid budget=20 proximity  spread=4.56 (se 0.35) saved=0.4286 used=20.0 time=0.03s
2026-09-16 05:17:00 INFO RESULT powergrid budget=20 defer      spread=4.26 (se 0.40) saved=0.4662 used=20.0 time=0.01s
2026-09-16 05:17:00 INFO RESULT powergrid budget=20 defer_nopush spread=4.26 (se 0.40) saved=0.4662 used=20.0 time=0.01s
2026-09-16 05:17:00 INFO RESULT powergrid budget=20 defer_gr   spread=4.26 (se 0.40) saved=0.4662 used=20.0 time=0.01s
2026-09-16 05:17:00 INFO RESULT powergrid budget=20 defer_cut  spread=4.26 (se 0.40) saved=0.4662 used=20.0 time=0.01s
2026-09-16 05:17:00 INFO RESULT powergrid budget=20 commit     spread=4.72 (se 0.45) saved=0.4085 used=20.0 time=0.04s
2026-09-16 05:17:00 INFO RESULT powergrid budget=50 none       spread=7.98 (se 0.54) saved=0.0000 used=0.0 time=0.00s
2026-09-16 05:17:00 INFO RESULT powergrid budget=50 ag         spread=0.38 (se 0.11) saved=0.9524 used=49.9 time=0.01s
2026-09-16 05:17:00 INFO RESULT powergrid budget=50 gr         spread=0.38 (se 0.11) saved=0.9524 used=49.9 time=0.01s
2026-09-16 05:17:00 INFO RESULT powergrid budget=50 lsbm       spread=0.38 (se 0.11) saved=0.9524 used=49.9 time=0.01s
2026-09-16 05:17:00 INFO RESULT powergrid budget=50 isocut     spread=0.38 (se 0.11) saved=0.9524 used=49.9 time=0.02s
2026-09-16 05:17:01 INFO RESULT powergrid budget=50 proximity  spread=0.54 (se 0.14) saved=0.9323 used=50.0 time=0.03s
2026-09-16 05:17:01 INFO RESULT powergrid budget=50 defer      spread=0.38 (se 0.11) saved=0.9524 used=49.9 time=0.01s
2026-09-16 05:17:01 INFO RESULT powergrid budget=50 defer_nopush spread=0.38 (se 0.11) saved=0.9524 used=49.9 time=0.01s
2026-09-16 05:17:01 INFO RESULT powergrid budget=50 defer_gr   spread=0.38 (se 0.11) saved=0.9524 used=49.9 time=0.01s
2026-09-16 05:17:01 INFO RESULT powergrid budget=50 defer_cut  spread=0.38 (se 0.11) saved=0.9524 used=49.9 time=0.01s
2026-09-16 05:17:01 INFO RESULT powergrid budget=50 commit     spread=0.62 (se 0.15) saved=0.9223 used=49.9 time=0.07s
2026-09-16 05:17:01 INFO run adaptive_powergrid_const_20260916T051648Z_9422 finished in 12.3s
