2026-09-16 02:41:46 INFO run source_workplace_20260916T024146Z_5812 started, dir=/home/user/trace_e/results/runs/source_workplace_20260916T024146Z_5812
2026-09-16 02:41:46 INFO network workplace: {'n_nodes': 92, 'n_edges': 755, 'avg_degree': 16.41304347826087, 'n_components': 1, 'lcc_size': 92}
2026-09-16 02:41:46 INFO train: 920 outbreaks, avg size 80.25, singletons 76 (0.2s)
2026-09-16 02:41:48 INFO test: 9200 outbreaks, avg size 85.23, singletons 563 (1.7s)
2026-09-16 02:41:48 INFO === method random ===
2026-09-16 02:41:48 INFO [random] 500/9200 top1=0.082 top5=0.132 ed=1.842 rr=0.089 (0s)
2026-09-16 02:41:48 INFO [random] 1000/9200 top1=0.067 top5=0.119 ed=1.780 rr=0.079 (1s)
2026-09-16 02:41:48 INFO [random] 1500/9200 top1=0.076 top5=0.131 ed=1.743 rr=0.089 (1s)
2026-09-16 02:41:49 INFO [random] 2000/9200 top1=0.075 top5=0.126 ed=1.754 rr=0.087 (1s)
2026-09-16 02:41:49 INFO [random] 2500/9200 top1=0.076 top5=0.124 ed=1.757 rr=0.088 (1s)
2026-09-16 02:41:49 INFO [random] 3000/9200 top1=0.071 top5=0.119 ed=1.761 rr=0.082 (2s)
2026-09-16 02:41:49 INFO [random] 3500/9200 top1=0.070 top5=0.119 ed=1.774 rr=0.081 (2s)
2026-09-16 02:41:50 INFO [random] 4000/9200 top1=0.070 top5=0.116 ed=1.778 rr=0.081 (2s)
2026-09-16 02:41:50 INFO [random] 4500/9200 top1=0.071 top5=0.115 ed=1.788 rr=0.081 (2s)
2026-09-16 02:41:50 INFO [random] 5000/9200 top1=0.070 top5=0.113 ed=1.794 rr=0.080 (3s)
2026-09-16 02:41:50 INFO [random] 5500/9200 top1=0.072 top5=0.115 ed=1.794 rr=0.082 (3s)
2026-09-16 02:41:51 INFO [random] 6000/9200 top1=0.070 top5=0.112 ed=1.790 rr=0.080 (3s)
2026-09-16 02:41:51 INFO [random] 6500/9200 top1=0.072 top5=0.114 ed=1.790 rr=0.082 (3s)
2026-09-16 02:41:51 INFO [random] 7000/9200 top1=0.075 top5=0.117 ed=1.798 rr=0.084 (4s)
2026-09-16 02:41:51 INFO [random] 7500/9200 top1=0.073 top5=0.116 ed=1.803 rr=0.083 (4s)
2026-09-16 02:41:52 INFO [random] 8000/9200 top1=0.072 top5=0.113 ed=1.805 rr=0.082 (4s)
2026-09-16 02:41:52 INFO [random] 8500/9200 top1=0.073 top5=0.115 ed=1.809 rr=0.082 (4s)
2026-09-16 02:41:52 INFO [random] 9000/9200 top1=0.074 top5=0.117 ed=1.808 rr=0.083 (5s)
2026-09-16 02:41:52 INFO RESULT workplace random: top1=0.0741 top3=0.0918 top5=0.1178 ed=1.8100 rr=0.0833 css=76.88 fit=0.0s infer=0.00050s/inst
2026-09-16 02:41:52 INFO === method degree ===
2026-09-16 02:41:53 INFO [degree] 500/9200 top1=0.068 top5=0.070 ed=1.302 rr=0.093 (1s)
2026-09-16 02:41:53 INFO [degree] 1000/9200 top1=0.059 top5=0.060 ed=1.224 rr=0.104 (1s)
2026-09-16 02:41:53 INFO [degree] 1500/9200 top1=0.069 top5=0.200 ed=1.234 rr=0.141 (1s)
2026-09-16 02:41:53 INFO [degree] 2000/9200 top1=0.066 top5=0.166 ed=1.255 rr=0.127 (1s)
2026-09-16 02:41:54 INFO [degree] 2500/9200 top1=0.067 top5=0.147 ed=1.263 rr=0.124 (1s)
2026-09-16 02:41:54 INFO [degree] 3000/9200 top1=0.061 top5=0.161 ed=1.278 rr=0.120 (2s)
2026-09-16 02:41:54 INFO [degree] 3500/9200 top1=0.061 top5=0.146 ed=1.312 rr=0.113 (2s)
2026-09-16 02:41:54 INFO [degree] 4000/9200 top1=0.060 top5=0.135 ed=1.335 rr=0.110 (2s)
2026-09-16 02:41:54 INFO [degree] 4500/9200 top1=0.061 top5=0.127 ed=1.351 rr=0.108 (2s)
2026-09-16 02:41:55 INFO [degree] 5000/9200 top1=0.059 top5=0.119 ed=1.368 rr=0.107 (2s)
2026-09-16 02:41:55 INFO [degree] 5500/9200 top1=0.061 top5=0.116 ed=1.376 rr=0.108 (3s)
2026-09-16 02:41:55 INFO [degree] 6000/9200 top1=0.059 top5=0.126 ed=1.357 rr=0.112 (3s)
2026-09-16 02:41:55 INFO [degree] 6500/9200 top1=0.061 top5=0.123 ed=1.393 rr=0.111 (3s)
2026-09-16 02:41:55 INFO [degree] 7000/9200 top1=0.064 top5=0.121 ed=1.398 rr=0.111 (3s)
2026-09-16 02:41:56 INFO [degree] 7500/9200 top1=0.062 top5=0.116 ed=1.432 rr=0.109 (4s)
2026-09-16 02:41:56 INFO [degree] 8000/9200 top1=0.061 top5=0.111 ed=1.414 rr=0.107 (4s)
2026-09-16 02:41:56 INFO [degree] 8500/9200 top1=0.073 top5=0.120 ed=1.407 rr=0.116 (4s)
2026-09-16 02:41:56 INFO [degree] 9000/9200 top1=0.073 top5=0.118 ed=1.391 rr=0.117 (4s)
2026-09-16 02:41:56 INFO RESULT workplace degree: top1=0.0734 top3=0.0959 top5=0.1172 ed=1.4005 rr=0.1165 fit=0.0s infer=0.00046s/inst
2026-09-16 02:41:56 INFO === method jordan ===
2026-09-16 02:42:50 INFO [jordan] 500/9200 top1=0.068 top5=0.098 ed=1.484 rr=0.088 (53s)
2026-09-16 02:42:50 INFO [jordan] 1000/9200 top1=0.112 top5=0.177 ed=1.420 rr=0.134 (54s)
2026-09-16 02:42:50 INFO [jordan] 1500/9200 top1=0.104 top5=0.157 ed=1.423 rr=0.125 (54s)
2026-09-16 02:42:50 INFO [jordan] 2000/9200 top1=0.092 top5=0.140 ed=1.427 rr=0.114 (54s)
2026-09-16 02:42:51 INFO [jordan] 2500/9200 top1=0.090 top5=0.134 ed=1.456 rr=0.111 (54s)
2026-09-16 02:42:51 INFO [jordan] 3000/9200 top1=0.081 top5=0.129 ed=1.470 rr=0.104 (54s)
2026-09-16 02:42:51 INFO [jordan] 3500/9200 top1=0.077 top5=0.124 ed=1.457 rr=0.100 (55s)
2026-09-16 02:42:51 INFO [jordan] 4000/9200 top1=0.075 top5=0.118 ed=1.462 rr=0.098 (55s)
2026-09-16 02:42:51 INFO [jordan] 4500/9200 top1=0.073 top5=0.116 ed=1.483 rr=0.096 (55s)
2026-09-16 02:42:52 INFO [jordan] 5000/9200 top1=0.071 top5=0.112 ed=1.503 rr=0.093 (55s)
2026-09-16 02:42:52 INFO [jordan] 5500/9200 top1=0.071 top5=0.112 ed=1.497 rr=0.094 (55s)
2026-09-16 02:42:52 INFO [jordan] 6000/9200 top1=0.069 top5=0.110 ed=1.490 rr=0.091 (56s)
2026-09-16 02:42:52 INFO [jordan] 6500/9200 top1=0.070 top5=0.110 ed=1.507 rr=0.092 (56s)
2026-09-16 02:42:53 INFO [jordan] 7000/9200 top1=0.072 top5=0.111 ed=1.516 rr=0.094 (56s)
2026-09-16 02:42:53 INFO [jordan] 7500/9200 top1=0.070 top5=0.109 ed=1.541 rr=0.092 (56s)
2026-09-16 02:42:53 INFO [jordan] 8000/9200 top1=0.068 top5=0.106 ed=1.534 rr=0.090 (57s)
2026-09-16 02:42:53 INFO [jordan] 8500/9200 top1=0.074 top5=0.117 ed=1.522 rr=0.097 (57s)
2026-09-16 02:42:53 INFO [jordan] 9000/9200 top1=0.074 top5=0.116 ed=1.516 rr=0.097 (57s)
2026-09-16 02:42:53 INFO RESULT workplace jordan: top1=0.0738 top3=0.0955 top5=0.1158 ed=1.5186 rr=0.0971 fit=0.0s infer=0.00620s/inst
2026-09-16 02:42:53 INFO === method distance ===
2026-09-16 02:43:46 INFO [distance] 500/9200 top1=0.070 top5=0.070 ed=1.302 rr=0.090 (53s)
2026-09-16 02:43:47 INFO [distance] 1000/9200 top1=0.060 top5=0.060 ed=1.224 rr=0.098 (53s)
2026-09-16 02:43:47 INFO [distance] 1500/9200 top1=0.069 top5=0.200 ed=1.235 rr=0.133 (53s)
2026-09-16 02:43:47 INFO [distance] 2000/9200 top1=0.067 top5=0.166 ed=1.257 rr=0.122 (54s)
2026-09-16 02:43:47 INFO [distance] 2500/9200 top1=0.067 top5=0.147 ed=1.264 rr=0.121 (54s)
2026-09-16 02:43:48 INFO [distance] 3000/9200 top1=0.061 top5=0.161 ed=1.279 rr=0.119 (54s)
2026-09-16 02:43:48 INFO [distance] 3500/9200 top1=0.060 top5=0.146 ed=1.313 rr=0.113 (54s)
2026-09-16 02:43:48 INFO [distance] 4000/9200 top1=0.060 top5=0.135 ed=1.336 rr=0.110 (54s)
2026-09-16 02:43:48 INFO [distance] 4500/9200 top1=0.060 top5=0.127 ed=1.352 rr=0.109 (55s)
2026-09-16 02:43:48 INFO [distance] 5000/9200 top1=0.059 top5=0.119 ed=1.369 rr=0.108 (55s)
2026-09-16 02:43:49 INFO [distance] 5500/9200 top1=0.061 top5=0.116 ed=1.377 rr=0.108 (55s)
2026-09-16 02:43:49 INFO [distance] 6000/9200 top1=0.059 top5=0.126 ed=1.359 rr=0.112 (55s)
2026-09-16 02:43:49 INFO [distance] 6500/9200 top1=0.061 top5=0.123 ed=1.394 rr=0.112 (56s)
2026-09-16 02:43:49 INFO [distance] 7000/9200 top1=0.063 top5=0.121 ed=1.399 rr=0.112 (56s)
2026-09-16 02:43:50 INFO [distance] 7500/9200 top1=0.062 top5=0.116 ed=1.433 rr=0.109 (56s)
2026-09-16 02:43:50 INFO [distance] 8000/9200 top1=0.061 top5=0.111 ed=1.415 rr=0.107 (56s)
2026-09-16 02:43:50 INFO [distance] 8500/9200 top1=0.073 top5=0.120 ed=1.408 rr=0.117 (56s)
2026-09-16 02:43:50 INFO [distance] 9000/9200 top1=0.073 top5=0.118 ed=1.391 rr=0.117 (57s)
2026-09-16 02:43:50 INFO RESULT workplace distance: top1=0.0730 top3=0.0966 top5=0.1172 ed=1.4013 rr=0.1163 fit=0.0s infer=0.00617s/inst
2026-09-16 02:43:50 INFO === method rumor ===
2026-09-16 02:44:39 INFO [rumor] 500/9200 top1=0.066 top5=0.070 ed=1.728 rr=0.086 (49s)
2026-09-16 02:44:39 INFO [rumor] 1000/9200 top1=0.058 top5=0.083 ed=1.698 rr=0.096 (49s)
2026-09-16 02:44:39 INFO [rumor] 1500/9200 top1=0.079 top5=0.133 ed=1.726 rr=0.132 (49s)
2026-09-16 02:44:40 INFO [rumor] 2000/9200 top1=0.114 top5=0.164 ed=1.684 rr=0.166 (49s)
2026-09-16 02:44:40 INFO [rumor] 2500/9200 top1=0.104 top5=0.145 ed=1.694 rr=0.156 (50s)
2026-09-16 02:44:40 INFO [rumor] 3000/9200 top1=0.092 top5=0.126 ed=1.683 rr=0.140 (50s)
2026-09-16 02:44:40 INFO [rumor] 3500/9200 top1=0.087 top5=0.117 ed=1.711 rr=0.133 (50s)
2026-09-16 02:44:41 INFO [rumor] 4000/9200 top1=0.084 top5=0.110 ed=1.737 rr=0.128 (50s)
2026-09-16 02:44:41 INFO [rumor] 4500/9200 top1=0.081 top5=0.104 ed=1.721 rr=0.127 (51s)
2026-09-16 02:44:41 INFO [rumor] 5000/9200 top1=0.078 top5=0.118 ed=1.739 rr=0.127 (51s)
2026-09-16 02:44:41 INFO [rumor] 5500/9200 top1=0.078 top5=0.115 ed=1.718 rr=0.125 (51s)
2026-09-16 02:44:41 INFO [rumor] 6000/9200 top1=0.074 top5=0.109 ed=1.714 rr=0.120 (51s)
2026-09-16 02:44:42 INFO [rumor] 6500/9200 top1=0.075 top5=0.107 ed=1.712 rr=0.120 (51s)
2026-09-16 02:44:42 INFO [rumor] 7000/9200 top1=0.076 top5=0.106 ed=1.725 rr=0.119 (52s)
2026-09-16 02:44:42 INFO [rumor] 7500/9200 top1=0.074 top5=0.102 ed=1.731 rr=0.116 (52s)
2026-09-16 02:44:42 INFO [rumor] 8000/9200 top1=0.073 top5=0.111 ed=1.708 rr=0.117 (52s)
2026-09-16 02:44:42 INFO [rumor] 8500/9200 top1=0.073 top5=0.118 ed=1.720 rr=0.117 (52s)
2026-09-16 02:44:43 INFO [rumor] 9000/9200 top1=0.073 top5=0.116 ed=1.724 rr=0.116 (52s)
2026-09-16 02:44:43 INFO RESULT workplace rumor: top1=0.0730 top3=0.0952 top5=0.1150 ed=1.7312 rr=0.1154 fit=0.0s infer=0.00571s/inst
2026-09-16 02:44:43 INFO === method netsleuth ===
2026-09-16 02:57:08 INFO [netsleuth] 500/9200 top1=0.068 top5=0.098 ed=1.772 rr=0.107 (745s)
2026-09-16 02:57:08 INFO [netsleuth] 1000/9200 top1=0.058 top5=0.104 ed=1.793 rr=0.103 (745s)
2026-09-16 02:57:08 INFO [netsleuth] 1500/9200 top1=0.098 top5=0.143 ed=1.762 rr=0.141 (746s)
2026-09-16 02:57:09 INFO [netsleuth] 2000/9200 top1=0.088 top5=0.123 ed=1.788 rr=0.128 (746s)
2026-09-16 02:57:09 INFO [netsleuth] 2500/9200 top1=0.084 top5=0.113 ed=1.802 rr=0.121 (746s)
2026-09-16 02:57:09 INFO [netsleuth] 3000/9200 top1=0.076 top5=0.100 ed=1.852 rr=0.111 (746s)
2026-09-16 02:57:09 INFO [netsleuth] 3500/9200 top1=0.073 top5=0.094 ed=1.863 rr=0.108 (746s)
2026-09-16 02:57:09 INFO [netsleuth] 4000/9200 top1=0.071 top5=0.095 ed=1.863 rr=0.107 (747s)
2026-09-16 02:57:10 INFO [netsleuth] 4500/9200 top1=0.079 top5=0.108 ed=1.858 rr=0.116 (747s)
2026-09-16 02:57:10 INFO [netsleuth] 5000/9200 top1=0.076 top5=0.104 ed=1.860 rr=0.113 (747s)
2026-09-16 02:57:10 INFO [netsleuth] 5500/9200 top1=0.078 top5=0.108 ed=1.856 rr=0.117 (747s)
2026-09-16 02:57:10 INFO [netsleuth] 6000/9200 top1=0.074 top5=0.102 ed=1.876 rr=0.112 (748s)
2026-09-16 02:57:10 INFO [netsleuth] 6500/9200 top1=0.075 top5=0.110 ed=1.887 rr=0.115 (748s)
2026-09-16 02:57:11 INFO [netsleuth] 7000/9200 top1=0.077 top5=0.117 ed=1.901 rr=0.118 (748s)
2026-09-16 02:57:11 INFO [netsleuth] 7500/9200 top1=0.075 top5=0.115 ed=1.905 rr=0.116 (748s)
2026-09-16 02:57:11 INFO [netsleuth] 8000/9200 top1=0.073 top5=0.111 ed=1.906 rr=0.114 (748s)
2026-09-16 02:57:11 INFO [netsleuth] 8500/9200 top1=0.075 top5=0.116 ed=1.910 rr=0.118 (749s)
2026-09-16 02:57:12 INFO [netsleuth] 9000/9200 top1=0.076 top5=0.121 ed=1.914 rr=0.121 (749s)
2026-09-16 02:57:12 INFO RESULT workplace netsleuth: top1=0.0763 top3=0.0988 top5=0.1208 ed=1.9135 rr=0.1203 fit=0.0s infer=0.08140s/inst
2026-09-16 02:57:12 INFO === method dmp ===
2026-09-16 03:01:05 INFO [dmp] 500/9200 top1=0.086 top5=0.150 ed=1.666 rr=0.143 (234s)
2026-09-16 03:01:05 INFO [dmp] 1000/9200 top1=0.082 top5=0.152 ed=1.579 rr=0.141 (234s)
2026-09-16 03:01:06 INFO [dmp] 1500/9200 top1=0.101 top5=0.197 ed=1.555 rr=0.169 (234s)
2026-09-16 03:01:06 INFO [dmp] 2000/9200 top1=0.095 top5=0.177 ed=1.571 rr=0.157 (234s)
2026-09-16 03:01:06 INFO [dmp] 2500/9200 top1=0.092 top5=0.170 ed=1.576 rr=0.153 (235s)
2026-09-16 03:01:06 INFO [dmp] 3000/9200 top1=0.084 top5=0.166 ed=1.577 rr=0.147 (235s)
2026-09-16 03:01:07 INFO [dmp] 3500/9200 top1=0.082 top5=0.159 ed=1.591 rr=0.143 (235s)
2026-09-16 03:01:07 INFO [dmp] 4000/9200 top1=0.083 top5=0.157 ed=1.597 rr=0.143 (235s)
2026-09-16 03:01:07 INFO [dmp] 4500/9200 top1=0.086 top5=0.161 ed=1.593 rr=0.147 (236s)
2026-09-16 03:01:07 INFO [dmp] 5000/9200 top1=0.085 top5=0.160 ed=1.596 rr=0.146 (236s)
2026-09-16 03:01:08 INFO [dmp] 5500/9200 top1=0.088 top5=0.164 ed=1.593 rr=0.149 (236s)
2026-09-16 03:01:08 INFO [dmp] 6000/9200 top1=0.087 top5=0.164 ed=1.585 rr=0.148 (236s)
2026-09-16 03:01:08 INFO [dmp] 6500/9200 top1=0.087 top5=0.161 ed=1.596 rr=0.147 (237s)
2026-09-16 03:01:08 INFO [dmp] 7000/9200 top1=0.090 top5=0.166 ed=1.605 rr=0.150 (237s)
2026-09-16 03:01:09 INFO [dmp] 7500/9200 top1=0.088 top5=0.165 ed=1.616 rr=0.148 (237s)
2026-09-16 03:01:09 INFO [dmp] 8000/9200 top1=0.086 top5=0.161 ed=1.613 rr=0.146 (237s)
2026-09-16 03:01:09 INFO [dmp] 8500/9200 top1=0.090 top5=0.168 ed=1.614 rr=0.151 (238s)
2026-09-16 03:01:09 INFO [dmp] 9000/9200 top1=0.092 top5=0.171 ed=1.612 rr=0.153 (238s)
2026-09-16 03:01:10 INFO RESULT workplace dmp: top1=0.0913 top3=0.1349 top5=0.1702 ed=1.6182 rr=0.1522 css=58.12 fit=0.0s infer=0.02585s/inst
2026-09-16 03:01:10 INFO === method sme ===
2026-09-16 03:01:12 INFO [sme] 500/9200 top1=0.094 top5=0.182 ed=1.764 rr=0.131 (2s)
2026-09-16 03:01:12 INFO [sme] 1000/9200 top1=0.076 top5=0.128 ed=1.755 rr=0.109 (2s)
2026-09-16 03:01:12 INFO [sme] 1500/9200 top1=0.090 top5=0.157 ed=1.722 rr=0.124 (3s)
2026-09-16 03:01:12 INFO [sme] 2000/9200 top1=0.084 top5=0.138 ed=1.738 rr=0.117 (3s)
2026-09-16 03:01:13 INFO [sme] 2500/9200 top1=0.083 top5=0.128 ed=1.746 rr=0.118 (3s)
2026-09-16 03:01:13 INFO [sme] 3000/9200 top1=0.077 top5=0.131 ed=1.751 rr=0.114 (3s)
2026-09-16 03:01:13 INFO [sme] 3500/9200 top1=0.075 top5=0.123 ed=1.766 rr=0.111 (4s)
2026-09-16 03:01:13 INFO [sme] 4000/9200 top1=0.073 top5=0.120 ed=1.771 rr=0.112 (4s)
2026-09-16 03:01:14 INFO [sme] 4500/9200 top1=0.074 top5=0.118 ed=1.778 rr=0.113 (4s)
2026-09-16 03:01:14 INFO [sme] 5000/9200 top1=0.072 top5=0.115 ed=1.787 rr=0.110 (4s)
2026-09-16 03:01:14 INFO [sme] 5500/9200 top1=0.073 top5=0.114 ed=1.782 rr=0.111 (5s)
2026-09-16 03:01:14 INFO [sme] 6000/9200 top1=0.070 top5=0.108 ed=1.780 rr=0.108 (5s)
2026-09-16 03:01:15 INFO [sme] 6500/9200 top1=0.071 top5=0.108 ed=1.783 rr=0.109 (5s)
2026-09-16 03:01:15 INFO [sme] 7000/9200 top1=0.074 top5=0.116 ed=1.787 rr=0.112 (5s)
2026-09-16 03:01:15 INFO [sme] 7500/9200 top1=0.072 top5=0.114 ed=1.795 rr=0.111 (6s)
2026-09-16 03:01:15 INFO [sme] 8000/9200 top1=0.071 top5=0.111 ed=1.797 rr=0.109 (6s)
2026-09-16 03:01:16 INFO [sme] 8500/9200 top1=0.073 top5=0.119 ed=1.806 rr=0.111 (6s)
2026-09-16 03:01:16 INFO [sme] 9000/9200 top1=0.073 top5=0.118 ed=1.806 rr=0.111 (6s)
2026-09-16 03:01:16 INFO RESULT workplace sme: top1=0.0737 top3=0.0954 top5=0.1171 ed=1.8075 rr=0.1114 css=57.19 fit=0.0s infer=0.00070s/inst
2026-09-16 03:01:16 INFO === method mcs ===
2026-09-16 03:01:16 INFO [mcs] 500/9200 top1=0.080 top5=0.116 ed=1.818 rr=0.121 (0s)
2026-09-16 03:01:17 INFO [mcs] 1000/9200 top1=0.073 top5=0.139 ed=1.784 rr=0.127 (1s)
2026-09-16 03:01:17 INFO [mcs] 1500/9200 top1=0.079 top5=0.126 ed=1.717 rr=0.125 (1s)
2026-09-16 03:01:17 INFO [mcs] 2000/9200 top1=0.080 top5=0.134 ed=1.712 rr=0.129 (1s)
2026-09-16 03:01:17 INFO [mcs] 2500/9200 top1=0.085 top5=0.152 ed=1.700 rr=0.142 (1s)
2026-09-16 03:01:18 INFO [mcs] 3000/9200 top1=0.078 top5=0.139 ed=1.700 rr=0.132 (2s)
2026-09-16 03:01:18 INFO [mcs] 3500/9200 top1=0.077 top5=0.137 ed=1.709 rr=0.129 (2s)
2026-09-16 03:01:18 INFO [mcs] 4000/9200 top1=0.077 top5=0.142 ed=1.702 rr=0.135 (2s)
2026-09-16 03:01:18 INFO [mcs] 4500/9200 top1=0.078 top5=0.142 ed=1.718 rr=0.134 (2s)
2026-09-16 03:01:19 INFO [mcs] 5000/9200 top1=0.076 top5=0.139 ed=1.724 rr=0.130 (3s)
2026-09-16 03:01:19 INFO [mcs] 5500/9200 top1=0.078 top5=0.141 ed=1.721 rr=0.132 (3s)
2026-09-16 03:01:19 INFO [mcs] 6000/9200 top1=0.075 top5=0.135 ed=1.722 rr=0.128 (3s)
2026-09-16 03:01:19 INFO [mcs] 6500/9200 top1=0.076 top5=0.132 ed=1.722 rr=0.127 (3s)
2026-09-16 03:01:20 INFO [mcs] 7000/9200 top1=0.078 top5=0.134 ed=1.734 rr=0.129 (4s)
2026-09-16 03:01:20 INFO [mcs] 7500/9200 top1=0.076 top5=0.128 ed=1.744 rr=0.125 (4s)
2026-09-16 03:01:20 INFO [mcs] 8000/9200 top1=0.074 top5=0.123 ed=1.751 rr=0.121 (4s)
2026-09-16 03:01:20 INFO [mcs] 8500/9200 top1=0.074 top5=0.120 ed=1.762 rr=0.119 (4s)
2026-09-16 03:01:21 INFO [mcs] 9000/9200 top1=0.074 top5=0.118 ed=1.763 rr=0.118 (5s)
2026-09-16 03:01:21 INFO RESULT workplace mcs: top1=0.0745 top3=0.0967 top5=0.1171 ed=1.7660 rr=0.1178 css=4.56 fit=0.0s infer=0.00053s/inst
2026-09-16 03:01:21 INFO === method mlp ===
2026-09-16 03:01:26 INFO [mlp] epoch 1 val_loss=4.5207 val_acc=0.1159 (4s)
2026-09-16 03:02:04 INFO [mlp] epoch 10 val_loss=4.5046 val_acc=0.1159 (42s)
2026-09-16 03:02:49 INFO [mlp] epoch 20 val_loss=4.4075 val_acc=0.1232 (87s)
2026-09-16 03:03:36 INFO [mlp] epoch 30 val_loss=4.3113 val_acc=0.1232 (134s)
2026-09-16 03:04:12 INFO [mlp] epoch 40 val_loss=4.0063 val_acc=0.1232 (170s)
2026-09-16 03:04:57 INFO [mlp] epoch 50 val_loss=3.9579 val_acc=0.1232 (215s)
2026-09-16 03:05:55 INFO [mlp] epoch 60 val_loss=3.9600 val_acc=0.1232 (273s)
2026-09-16 03:06:00 INFO [mlp] trained 61 epochs, best val_loss=3.9571, 278s
2026-09-16 03:06:07 INFO [mlp] 500/9200 top1=0.082 top5=0.144 ed=1.776 rr=0.101 (8s)
2026-09-16 03:06:08 INFO [mlp] 1000/9200 top1=0.073 top5=0.136 ed=1.740 rr=0.090 (8s)
2026-09-16 03:06:08 INFO [mlp] 1500/9200 top1=0.084 top5=0.139 ed=1.709 rr=0.100 (8s)
2026-09-16 03:06:08 INFO [mlp] 2000/9200 top1=0.081 top5=0.136 ed=1.721 rr=0.099 (9s)
2026-09-16 03:06:08 INFO [mlp] 2500/9200 top1=0.081 top5=0.135 ed=1.723 rr=0.099 (9s)
2026-09-16 03:06:09 INFO [mlp] 3000/9200 top1=0.074 top5=0.129 ed=1.731 rr=0.093 (9s)
2026-09-16 03:06:09 INFO [mlp] 3500/9200 top1=0.073 top5=0.126 ed=1.740 rr=0.093 (9s)
2026-09-16 03:06:09 INFO [mlp] 4000/9200 top1=0.073 top5=0.128 ed=1.751 rr=0.092 (10s)
2026-09-16 03:06:10 INFO [mlp] 4500/9200 top1=0.074 top5=0.127 ed=1.758 rr=0.093 (10s)
2026-09-16 03:06:10 INFO [mlp] 5000/9200 top1=0.072 top5=0.124 ed=1.759 rr=0.091 (10s)
2026-09-16 03:06:10 INFO [mlp] 5500/9200 top1=0.075 top5=0.127 ed=1.760 rr=0.093 (10s)
2026-09-16 03:06:10 INFO [mlp] 6000/9200 top1=0.073 top5=0.124 ed=1.757 rr=0.091 (11s)
2026-09-16 03:06:11 INFO [mlp] 6500/9200 top1=0.075 top5=0.127 ed=1.756 rr=0.093 (11s)
2026-09-16 03:06:11 INFO [mlp] 7000/9200 top1=0.076 top5=0.129 ed=1.764 rr=0.095 (11s)
2026-09-16 03:06:11 INFO [mlp] 7500/9200 top1=0.074 top5=0.128 ed=1.771 rr=0.094 (12s)
2026-09-16 03:06:11 INFO [mlp] 8000/9200 top1=0.073 top5=0.127 ed=1.771 rr=0.093 (12s)
2026-09-16 03:06:12 INFO [mlp] 8500/9200 top1=0.075 top5=0.128 ed=1.777 rr=0.094 (12s)
2026-09-16 03:06:12 INFO [mlp] 9000/9200 top1=0.075 top5=0.129 ed=1.777 rr=0.095 (12s)
2026-09-16 03:06:12 INFO RESULT workplace mlp: top1=0.0755 top3=0.1038 top5=0.1283 ed=1.7765 rr=0.0949 css=74.69 fit=278.8s infer=0.00136s/inst
2026-09-16 03:06:12 INFO === method gcn ===
2026-09-16 03:06:22 INFO [gcn] epoch 1 val_loss=4.5218 val_acc=0.0181 (10s)
2026-09-16 03:06:59 INFO [gcn] trained 6 epochs, best val_loss=4.5218, 47s
2026-09-16 03:07:09 INFO [gcn] 500/9200 top1=0.068 top5=0.076 ed=2.020 rr=0.108 (10s)
2026-09-16 03:07:10 INFO [gcn] 1000/9200 top1=0.058 top5=0.063 ed=2.020 rr=0.087 (10s)
2026-09-16 03:07:10 INFO [gcn] 1500/9200 top1=0.080 top5=0.122 ed=2.025 rr=0.124 (11s)
2026-09-16 03:07:10 INFO [gcn] 2000/9200 top1=0.075 top5=0.107 ed=2.067 rr=0.116 (11s)
2026-09-16 03:07:10 INFO [gcn] 2500/9200 top1=0.074 top5=0.100 ed=2.103 rr=0.112 (11s)
2026-09-16 03:07:11 INFO [gcn] 3000/9200 top1=0.067 top5=0.089 ed=2.120 rr=0.102 (11s)
2026-09-16 03:07:11 INFO [gcn] 3500/9200 top1=0.065 top5=0.085 ed=2.124 rr=0.099 (12s)
2026-09-16 03:07:11 INFO [gcn] 4000/9200 top1=0.065 top5=0.085 ed=2.120 rr=0.099 (12s)
2026-09-16 03:07:11 INFO [gcn] 4500/9200 top1=0.075 top5=0.101 ed=2.092 rr=0.112 (12s)
2026-09-16 03:07:12 INFO [gcn] 5000/9200 top1=0.072 top5=0.103 ed=2.101 rr=0.110 (12s)
2026-09-16 03:07:12 INFO [gcn] 5500/9200 top1=0.077 top5=0.115 ed=2.086 rr=0.116 (13s)
2026-09-16 03:07:12 INFO [gcn] 6000/9200 top1=0.073 top5=0.109 ed=2.104 rr=0.111 (13s)
2026-09-16 03:07:13 INFO [gcn] 6500/9200 top1=0.075 top5=0.107 ed=2.115 rr=0.113 (13s)
2026-09-16 03:07:13 INFO [gcn] 7000/9200 top1=0.076 top5=0.117 ed=2.137 rr=0.117 (13s)
2026-09-16 03:07:13 INFO [gcn] 7500/9200 top1=0.074 top5=0.112 ed=2.143 rr=0.115 (14s)
2026-09-16 03:07:13 INFO [gcn] 8000/9200 top1=0.072 top5=0.108 ed=2.147 rr=0.112 (14s)
2026-09-16 03:07:14 INFO [gcn] 8500/9200 top1=0.076 top5=0.116 ed=2.147 rr=0.118 (14s)
2026-09-16 03:07:14 INFO [gcn] 9000/9200 top1=0.076 top5=0.122 ed=2.147 rr=0.119 (14s)
2026-09-16 03:07:14 INFO RESULT workplace gcn: top1=0.0759 top3=0.0992 top5=0.1209 ed=2.1520 rr=0.1194 css=76.88 fit=47.2s infer=0.00158s/inst
2026-09-16 03:07:14 INFO === method gcn_skip ===
2026-09-16 03:07:28 INFO [gcn_skip] epoch 1 val_loss=4.5277 val_acc=0.0072 (14s)
2026-09-16 03:07:52 INFO [gcn_skip] epoch 10 val_loss=4.4919 val_acc=0.0217 (38s)
2026-09-16 03:07:53 INFO [gcn_skip] epoch 20 val_loss=4.4560 val_acc=0.0254 (39s)
2026-09-16 03:08:43 INFO [gcn_skip] epoch 30 val_loss=4.4141 val_acc=0.0254 (89s)
2026-09-16 03:08:55 INFO [gcn_skip] epoch 40 val_loss=4.3801 val_acc=0.0471 (101s)
2026-09-16 03:08:56 INFO [gcn_skip] trained 46 epochs, best val_loss=4.3764, 102s
2026-09-16 03:08:56 INFO [gcn_skip] 500/9200 top1=0.102 top5=0.180 ed=1.656 rr=0.164 (0s)
2026-09-16 03:08:57 INFO [gcn_skip] 1000/9200 top1=0.088 top5=0.161 ed=1.617 rr=0.146 (1s)
2026-09-16 03:08:57 INFO [gcn_skip] 1500/9200 top1=0.099 top5=0.161 ed=1.602 rr=0.153 (1s)
2026-09-16 03:08:57 INFO [gcn_skip] 2000/9200 top1=0.095 top5=0.159 ed=1.603 rr=0.149 (1s)
2026-09-16 03:08:57 INFO [gcn_skip] 2500/9200 top1=0.096 top5=0.162 ed=1.600 rr=0.151 (1s)
2026-09-16 03:08:58 INFO [gcn_skip] 3000/9200 top1=0.095 top5=0.172 ed=1.589 rr=0.153 (2s)
2026-09-16 03:08:58 INFO [gcn_skip] 3500/9200 top1=0.091 top5=0.170 ed=1.596 rr=0.151 (2s)
2026-09-16 03:08:58 INFO [gcn_skip] 4000/9200 top1=0.088 top5=0.165 ed=1.603 rr=0.148 (2s)
2026-09-16 03:08:58 INFO [gcn_skip] 4500/9200 top1=0.088 top5=0.162 ed=1.614 rr=0.146 (2s)
2026-09-16 03:08:59 INFO [gcn_skip] 5000/9200 top1=0.085 top5=0.158 ed=1.619 rr=0.143 (3s)
2026-09-16 03:08:59 INFO [gcn_skip] 5500/9200 top1=0.087 top5=0.160 ed=1.624 rr=0.145 (3s)
2026-09-16 03:08:59 INFO [gcn_skip] 6000/9200 top1=0.084 top5=0.156 ed=1.621 rr=0.142 (3s)
2026-09-16 03:08:59 INFO [gcn_skip] 6500/9200 top1=0.085 top5=0.156 ed=1.619 rr=0.142 (3s)
2026-09-16 03:09:00 INFO [gcn_skip] 7000/9200 top1=0.087 top5=0.158 ed=1.621 rr=0.144 (4s)
2026-09-16 03:09:00 INFO [gcn_skip] 7500/9200 top1=0.085 top5=0.156 ed=1.626 rr=0.142 (4s)
2026-09-16 03:09:00 INFO [gcn_skip] 8000/9200 top1=0.084 top5=0.155 ed=1.625 rr=0.142 (4s)
2026-09-16 03:09:00 INFO [gcn_skip] 8500/9200 top1=0.085 top5=0.154 ed=1.634 rr=0.142 (5s)
2026-09-16 03:09:01 INFO [gcn_skip] 9000/9200 top1=0.087 top5=0.156 ed=1.634 rr=0.143 (5s)
2026-09-16 03:09:01 INFO RESULT workplace gcn_skip: top1=0.0866 top3=0.1241 top5=0.1558 ed=1.6346 rr=0.1431 css=71.42 fit=101.9s infer=0.00053s/inst
2026-09-16 03:09:01 INFO === method igcn ===
2026-09-16 03:09:05 INFO [igcn] epoch 1 val_loss=4.5114 val_acc=0.1051 (4s)
2026-09-16 03:09:47 INFO [igcn] epoch 10 val_loss=4.4858 val_acc=0.1341 (46s)
2026-09-16 03:10:46 INFO [igcn] epoch 20 val_loss=4.4420 val_acc=0.1268 (105s)
2026-09-16 03:11:28 INFO [igcn] epoch 30 val_loss=4.3627 val_acc=0.1304 (147s)
2026-09-16 03:12:08 INFO [igcn] epoch 40 val_loss=4.2202 val_acc=0.1304 (187s)
2026-09-16 03:12:56 INFO [igcn] epoch 50 val_loss=4.0546 val_acc=0.1304 (236s)
2026-09-16 03:13:39 INFO [igcn] epoch 60 val_loss=3.9636 val_acc=0.1304 (278s)
2026-09-16 03:14:19 INFO [igcn] epoch 70 val_loss=3.9518 val_acc=0.1304 (319s)
2026-09-16 03:15:03 INFO [igcn] epoch 80 val_loss=3.9443 val_acc=0.1304 (362s)
2026-09-16 03:15:44 INFO [igcn] epoch 90 val_loss=3.9431 val_acc=0.1304 (403s)
2026-09-16 03:16:30 INFO [igcn] epoch 100 val_loss=3.9417 val_acc=0.1304 (450s)
2026-09-16 03:17:25 INFO [igcn] epoch 110 val_loss=3.9411 val_acc=0.1304 (504s)
2026-09-16 03:18:15 INFO [igcn] epoch 120 val_loss=3.9405 val_acc=0.1304 (555s)
2026-09-16 03:18:38 INFO [igcn] trained 125 epochs, best val_loss=3.9405, 577s
2026-09-16 03:18:48 INFO [igcn] 500/9200 top1=0.088 top5=0.188 ed=1.882 rr=0.154 (9s)
2026-09-16 03:18:48 INFO [igcn] 1000/9200 top1=0.072 top5=0.143 ed=1.863 rr=0.129 (10s)
2026-09-16 03:18:48 INFO [igcn] 1500/9200 top1=0.086 top5=0.147 ed=1.856 rr=0.139 (10s)
2026-09-16 03:18:48 INFO [igcn] 2000/9200 top1=0.085 top5=0.147 ed=1.871 rr=0.139 (10s)
2026-09-16 03:18:49 INFO [igcn] 2500/9200 top1=0.085 top5=0.147 ed=1.872 rr=0.138 (10s)
2026-09-16 03:18:49 INFO [igcn] 3000/9200 top1=0.078 top5=0.138 ed=1.869 rr=0.131 (11s)
2026-09-16 03:18:49 INFO [igcn] 3500/9200 top1=0.077 top5=0.141 ed=1.875 rr=0.132 (11s)
2026-09-16 03:18:49 INFO [igcn] 4000/9200 top1=0.077 top5=0.140 ed=1.878 rr=0.131 (11s)
2026-09-16 03:18:50 INFO [igcn] 4500/9200 top1=0.079 top5=0.143 ed=1.883 rr=0.133 (11s)
2026-09-16 03:18:50 INFO [igcn] 5000/9200 top1=0.077 top5=0.142 ed=1.887 rr=0.132 (12s)
2026-09-16 03:18:50 INFO [igcn] 5500/9200 top1=0.079 top5=0.142 ed=1.885 rr=0.133 (12s)
2026-09-16 03:18:50 INFO [igcn] 6000/9200 top1=0.075 top5=0.138 ed=1.890 rr=0.129 (12s)
2026-09-16 03:18:51 INFO [igcn] 6500/9200 top1=0.078 top5=0.141 ed=1.892 rr=0.132 (12s)
2026-09-16 03:18:51 INFO [igcn] 7000/9200 top1=0.084 top5=0.149 ed=1.891 rr=0.139 (13s)
2026-09-16 03:18:51 INFO [igcn] 7500/9200 top1=0.082 top5=0.149 ed=1.901 rr=0.138 (13s)
2026-09-16 03:18:51 INFO [igcn] 8000/9200 top1=0.081 top5=0.148 ed=1.899 rr=0.136 (13s)
2026-09-16 03:18:52 INFO [igcn] 8500/9200 top1=0.083 top5=0.151 ed=1.902 rr=0.139 (13s)
2026-09-16 03:18:52 INFO [igcn] 9000/9200 top1=0.084 top5=0.152 ed=1.904 rr=0.140 (14s)
2026-09-16 03:18:52 INFO RESULT workplace igcn: top1=0.0845 top3=0.1212 top5=0.1527 ed=1.9078 rr=0.1406 css=73.25 fit=577.5s infer=0.00150s/inst
2026-09-16 03:18:52 INFO run source_workplace_20260916T024146Z_5812 finished in 2226.4s
