2026-09-16 12:41:55 INFO run source_ba-2000-m=2_20260916T124155Z_3939 started, dir=/home/user/trace_e/results/runs/source_ba-2000-m=2_20260916T124155Z_3939
2026-09-16 12:41:55 INFO network ba:2000:m=2: {'n_nodes': 2000, 'n_edges': 3996, 'avg_degree': 3.996, 'n_components': 1, 'lcc_size': 2000}
2026-09-16 12:42:05 INFO train: 20000 outbreaks, avg size 325.42, singletons 4936 (10.0s)
2026-09-16 12:42:10 INFO test: 20000 outbreaks, avg size 160.63, singletons 4677 (5.7s)
2026-09-16 12:42:10 INFO === method random ===
2026-09-16 12:42:14 INFO [random] 500/20000 top1=0.100 top5=0.136 ed=2.674 rr=0.102 (4s)
2026-09-16 12:42:16 INFO [random] 1000/20000 top1=0.113 top5=0.164 ed=2.694 rr=0.120 (5s)
2026-09-16 12:42:17 INFO [random] 1500/20000 top1=0.135 top5=0.198 ed=2.679 rr=0.146 (7s)
2026-09-16 12:42:19 INFO [random] 2000/20000 top1=0.157 top5=0.237 ed=2.615 rr=0.173 (9s)
2026-09-16 12:42:21 INFO [random] 2500/20000 top1=0.166 top5=0.245 ed=2.597 rr=0.183 (11s)
2026-09-16 12:42:23 INFO [random] 3000/20000 top1=0.175 top5=0.262 ed=2.580 rr=0.195 (12s)
2026-09-16 12:42:25 INFO [random] 3500/20000 top1=0.178 top5=0.274 ed=2.577 rr=0.201 (14s)
2026-09-16 12:42:26 INFO [random] 4000/20000 top1=0.183 top5=0.284 ed=2.567 rr=0.209 (16s)
2026-09-16 12:42:28 INFO [random] 4500/20000 top1=0.192 top5=0.296 ed=2.554 rr=0.217 (18s)
2026-09-16 12:42:30 INFO [random] 5000/20000 top1=0.197 top5=0.307 ed=2.524 rr=0.225 (19s)
2026-09-16 12:42:31 INFO [random] 5500/20000 top1=0.204 top5=0.315 ed=2.517 rr=0.231 (21s)
2026-09-16 12:42:33 INFO [random] 6000/20000 top1=0.209 top5=0.325 ed=2.497 rr=0.237 (23s)
2026-09-16 12:42:35 INFO [random] 6500/20000 top1=0.213 top5=0.332 ed=2.485 rr=0.242 (24s)
2026-09-16 12:42:37 INFO [random] 7000/20000 top1=0.219 top5=0.341 ed=2.469 rr=0.248 (26s)
2026-09-16 12:42:38 INFO [random] 7500/20000 top1=0.221 top5=0.345 ed=2.458 rr=0.252 (28s)
2026-09-16 12:42:40 INFO [random] 8000/20000 top1=0.227 top5=0.354 ed=2.441 rr=0.258 (30s)
2026-09-16 12:42:42 INFO [random] 8500/20000 top1=0.229 top5=0.358 ed=2.439 rr=0.260 (31s)
2026-09-16 12:42:43 INFO [random] 9000/20000 top1=0.235 top5=0.365 ed=2.423 rr=0.267 (33s)
2026-09-16 12:42:45 INFO [random] 9500/20000 top1=0.239 top5=0.372 ed=2.408 rr=0.271 (34s)
2026-09-16 12:42:47 INFO [random] 10000/20000 top1=0.245 top5=0.379 ed=2.397 rr=0.277 (36s)
2026-09-16 12:42:48 INFO [random] 10500/20000 top1=0.250 top5=0.385 ed=2.381 rr=0.283 (38s)
2026-09-16 12:42:50 INFO [random] 11000/20000 top1=0.254 top5=0.390 ed=2.367 rr=0.287 (39s)
2026-09-16 12:42:52 INFO [random] 11500/20000 top1=0.258 top5=0.396 ed=2.351 rr=0.291 (41s)
2026-09-16 12:42:53 INFO [random] 12000/20000 top1=0.263 top5=0.402 ed=2.333 rr=0.296 (43s)
2026-09-16 12:42:55 INFO [random] 12500/20000 top1=0.265 top5=0.405 ed=2.327 rr=0.299 (45s)
2026-09-16 12:42:56 INFO [random] 13000/20000 top1=0.268 top5=0.409 ed=2.314 rr=0.302 (46s)
2026-09-16 12:42:58 INFO [random] 13500/20000 top1=0.270 top5=0.413 ed=2.307 rr=0.305 (48s)
2026-09-16 12:43:00 INFO [random] 14000/20000 top1=0.274 top5=0.417 ed=2.295 rr=0.309 (49s)
2026-09-16 12:43:01 INFO [random] 14500/20000 top1=0.277 top5=0.422 ed=2.287 rr=0.312 (51s)
2026-09-16 12:43:03 INFO [random] 15000/20000 top1=0.279 top5=0.425 ed=2.280 rr=0.315 (53s)
2026-09-16 12:43:05 INFO [random] 15500/20000 top1=0.282 top5=0.430 ed=2.268 rr=0.318 (54s)
2026-09-16 12:43:06 INFO [random] 16000/20000 top1=0.285 top5=0.433 ed=2.261 rr=0.320 (56s)
2026-09-16 12:43:08 INFO [random] 16500/20000 top1=0.287 top5=0.436 ed=2.255 rr=0.323 (58s)
2026-09-16 12:43:10 INFO [random] 17000/20000 top1=0.290 top5=0.440 ed=2.245 rr=0.326 (59s)
2026-09-16 12:43:11 INFO [random] 17500/20000 top1=0.293 top5=0.444 ed=2.233 rr=0.329 (61s)
2026-09-16 12:43:13 INFO [random] 18000/20000 top1=0.295 top5=0.447 ed=2.224 rr=0.332 (63s)
2026-09-16 12:43:14 INFO [random] 18500/20000 top1=0.297 top5=0.450 ed=2.219 rr=0.334 (64s)
2026-09-16 12:43:16 INFO [random] 19000/20000 top1=0.299 top5=0.453 ed=2.213 rr=0.337 (66s)
2026-09-16 12:43:18 INFO [random] 19500/20000 top1=0.301 top5=0.457 ed=2.204 rr=0.340 (67s)
2026-09-16 12:43:19 INFO [random] 20000/20000 top1=0.304 top5=0.460 ed=2.196 rr=0.342 (69s)
2026-09-16 12:43:20 INFO RESULT ba:2000:m=2 random: top1=0.3036 top3=0.4116 top5=0.4595 ed=2.1963 rr=0.3418 css=144.92 fit=0.0s infer=0.00345s/inst
2026-09-16 12:43:20 INFO === method degree ===
2026-09-16 12:43:24 INFO [degree] 500/20000 top1=0.128 top5=0.340 ed=1.524 rr=0.239 (5s)
2026-09-16 12:43:26 INFO [degree] 1000/20000 top1=0.144 top5=0.289 ed=1.610 rr=0.228 (6s)
2026-09-16 12:43:28 INFO [degree] 1500/20000 top1=0.165 top5=0.307 ed=1.635 rr=0.245 (8s)
2026-09-16 12:43:29 INFO [degree] 2000/20000 top1=0.186 top5=0.324 ed=1.629 rr=0.260 (10s)
2026-09-16 12:43:31 INFO [degree] 2500/20000 top1=0.192 top5=0.328 ed=1.630 rr=0.266 (11s)
2026-09-16 12:43:33 INFO [degree] 3000/20000 top1=0.204 top5=0.342 ed=1.627 rr=0.276 (13s)
2026-09-16 12:43:34 INFO [degree] 3500/20000 top1=0.206 top5=0.344 ed=1.644 rr=0.277 (15s)
2026-09-16 12:43:36 INFO [degree] 4000/20000 top1=0.210 top5=0.349 ed=1.641 rr=0.282 (16s)
2026-09-16 12:43:37 INFO [degree] 4500/20000 top1=0.216 top5=0.356 ed=1.644 rr=0.288 (18s)
2026-09-16 12:43:39 INFO [degree] 5000/20000 top1=0.223 top5=0.365 ed=1.626 rr=0.295 (19s)
2026-09-16 12:43:41 INFO [degree] 5500/20000 top1=0.227 top5=0.370 ed=1.628 rr=0.299 (21s)
2026-09-16 12:43:42 INFO [degree] 6000/20000 top1=0.230 top5=0.376 ed=1.623 rr=0.303 (23s)
2026-09-16 12:43:44 INFO [degree] 6500/20000 top1=0.234 top5=0.380 ed=1.620 rr=0.306 (24s)
2026-09-16 12:43:46 INFO [degree] 7000/20000 top1=0.239 top5=0.387 ed=1.615 rr=0.312 (26s)
2026-09-16 12:43:47 INFO [degree] 7500/20000 top1=0.241 top5=0.391 ed=1.613 rr=0.314 (28s)
2026-09-16 12:43:49 INFO [degree] 8000/20000 top1=0.246 top5=0.399 ed=1.602 rr=0.319 (29s)
2026-09-16 12:43:50 INFO [degree] 8500/20000 top1=0.247 top5=0.400 ed=1.599 rr=0.320 (31s)
2026-09-16 12:43:52 INFO [degree] 9000/20000 top1=0.252 top5=0.404 ed=1.593 rr=0.324 (33s)
2026-09-16 12:43:54 INFO [degree] 9500/20000 top1=0.256 top5=0.410 ed=1.585 rr=0.329 (34s)
2026-09-16 12:43:55 INFO [degree] 10000/20000 top1=0.260 top5=0.416 ed=1.579 rr=0.333 (36s)
2026-09-16 12:43:57 INFO [degree] 10500/20000 top1=0.264 top5=0.420 ed=1.572 rr=0.337 (37s)
2026-09-16 12:43:59 INFO [degree] 11000/20000 top1=0.266 top5=0.424 ed=1.570 rr=0.340 (39s)
2026-09-16 12:44:00 INFO [degree] 11500/20000 top1=0.270 top5=0.429 ed=1.562 rr=0.344 (41s)
2026-09-16 12:44:02 INFO [degree] 12000/20000 top1=0.274 top5=0.433 ed=1.554 rr=0.348 (42s)
2026-09-16 12:44:04 INFO [degree] 12500/20000 top1=0.275 top5=0.435 ed=1.553 rr=0.349 (44s)
2026-09-16 12:44:05 INFO [degree] 13000/20000 top1=0.278 top5=0.439 ed=1.546 rr=0.351 (46s)
2026-09-16 12:44:07 INFO [degree] 13500/20000 top1=0.279 top5=0.441 ed=1.546 rr=0.353 (47s)
2026-09-16 12:44:09 INFO [degree] 14000/20000 top1=0.282 top5=0.445 ed=1.540 rr=0.356 (49s)
2026-09-16 12:44:10 INFO [degree] 14500/20000 top1=0.284 top5=0.447 ed=1.538 rr=0.358 (51s)
2026-09-16 12:44:12 INFO [degree] 15000/20000 top1=0.286 top5=0.450 ed=1.537 rr=0.360 (52s)
2026-09-16 12:44:13 INFO [degree] 15500/20000 top1=0.289 top5=0.453 ed=1.533 rr=0.362 (54s)
2026-09-16 12:44:15 INFO [degree] 16000/20000 top1=0.290 top5=0.455 ed=1.531 rr=0.364 (55s)
2026-09-16 12:44:17 INFO [degree] 16500/20000 top1=0.292 top5=0.457 ed=1.529 rr=0.366 (57s)
2026-09-16 12:44:18 INFO [degree] 17000/20000 top1=0.294 top5=0.459 ed=1.526 rr=0.368 (59s)
2026-09-16 12:44:20 INFO [degree] 17500/20000 top1=0.297 top5=0.463 ed=1.520 rr=0.371 (60s)
2026-09-16 12:44:22 INFO [degree] 18000/20000 top1=0.299 top5=0.465 ed=1.514 rr=0.373 (62s)
2026-09-16 12:44:23 INFO [degree] 18500/20000 top1=0.300 top5=0.466 ed=1.513 rr=0.374 (64s)
2026-09-16 12:44:25 INFO [degree] 19000/20000 top1=0.302 top5=0.468 ed=1.511 rr=0.376 (65s)
2026-09-16 12:44:27 INFO [degree] 19500/20000 top1=0.304 top5=0.471 ed=1.507 rr=0.378 (67s)
2026-09-16 12:44:28 INFO [degree] 20000/20000 top1=0.306 top5=0.473 ed=1.504 rr=0.379 (69s)
2026-09-16 12:44:29 INFO RESULT ba:2000:m=2 degree: top1=0.3055 top3=0.4209 top5=0.4726 ed=1.5036 rr=0.3791 fit=0.0s infer=0.00344s/inst
2026-09-16 12:44:29 INFO === method jordan ===
2026-09-16 13:00:28 INFO [jordan] 500/20000 top1=0.140 top5=0.294 ed=1.690 rr=0.185 (960s)
2026-09-16 13:00:30 INFO [jordan] 1000/20000 top1=0.152 top5=0.268 ed=1.738 rr=0.190 (961s)
2026-09-16 13:00:31 INFO [jordan] 1500/20000 top1=0.170 top5=0.293 ed=1.743 rr=0.214 (963s)
2026-09-16 13:00:33 INFO [jordan] 2000/20000 top1=0.190 top5=0.315 ed=1.727 rr=0.235 (965s)
2026-09-16 13:00:35 INFO [jordan] 2500/20000 top1=0.203 top5=0.327 ed=1.732 rr=0.246 (966s)
2026-09-16 13:00:36 INFO [jordan] 3000/20000 top1=0.211 top5=0.340 ed=1.718 rr=0.257 (968s)
2026-09-16 13:00:38 INFO [jordan] 3500/20000 top1=0.215 top5=0.345 ed=1.727 rr=0.262 (969s)
2026-09-16 13:00:39 INFO [jordan] 4000/20000 top1=0.219 top5=0.352 ed=1.722 rr=0.269 (971s)
2026-09-16 13:00:41 INFO [jordan] 4500/20000 top1=0.225 top5=0.359 ed=1.721 rr=0.275 (973s)
2026-09-16 13:00:43 INFO [jordan] 5000/20000 top1=0.232 top5=0.370 ed=1.699 rr=0.285 (974s)
2026-09-16 13:00:44 INFO [jordan] 5500/20000 top1=0.235 top5=0.374 ed=1.700 rr=0.289 (976s)
2026-09-16 13:00:46 INFO [jordan] 6000/20000 top1=0.240 top5=0.381 ed=1.693 rr=0.294 (977s)
2026-09-16 13:00:48 INFO [jordan] 6500/20000 top1=0.243 top5=0.386 ed=1.687 rr=0.298 (979s)
2026-09-16 13:00:49 INFO [jordan] 7000/20000 top1=0.249 top5=0.393 ed=1.680 rr=0.304 (981s)
2026-09-16 13:00:51 INFO [jordan] 7500/20000 top1=0.252 top5=0.398 ed=1.671 rr=0.308 (982s)
2026-09-16 13:00:52 INFO [jordan] 8000/20000 top1=0.257 top5=0.406 ed=1.659 rr=0.313 (984s)
2026-09-16 13:00:54 INFO [jordan] 8500/20000 top1=0.258 top5=0.406 ed=1.660 rr=0.314 (985s)
2026-09-16 13:00:56 INFO [jordan] 9000/20000 top1=0.263 top5=0.412 ed=1.652 rr=0.320 (987s)
2026-09-16 13:00:57 INFO [jordan] 9500/20000 top1=0.267 top5=0.417 ed=1.643 rr=0.325 (989s)
2026-09-16 13:00:59 INFO [jordan] 10000/20000 top1=0.271 top5=0.422 ed=1.635 rr=0.329 (990s)
2026-09-16 13:01:01 INFO [jordan] 10500/20000 top1=0.275 top5=0.428 ed=1.625 rr=0.334 (992s)
2026-09-16 13:01:02 INFO [jordan] 11000/20000 top1=0.279 top5=0.432 ed=1.619 rr=0.338 (994s)
2026-09-16 13:01:04 INFO [jordan] 11500/20000 top1=0.283 top5=0.438 ed=1.609 rr=0.342 (995s)
2026-09-16 13:01:05 INFO [jordan] 12000/20000 top1=0.286 top5=0.442 ed=1.602 rr=0.346 (997s)
2026-09-16 13:01:07 INFO [jordan] 12500/20000 top1=0.288 top5=0.445 ed=1.601 rr=0.348 (998s)
2026-09-16 13:01:09 INFO [jordan] 13000/20000 top1=0.292 top5=0.449 ed=1.593 rr=0.352 (1000s)
2026-09-16 13:01:10 INFO [jordan] 13500/20000 top1=0.293 top5=0.452 ed=1.590 rr=0.354 (1002s)
2026-09-16 13:01:12 INFO [jordan] 14000/20000 top1=0.296 top5=0.456 ed=1.582 rr=0.357 (1003s)
2026-09-16 13:01:14 INFO [jordan] 14500/20000 top1=0.298 top5=0.459 ed=1.579 rr=0.359 (1005s)
2026-09-16 13:01:15 INFO [jordan] 15000/20000 top1=0.300 top5=0.462 ed=1.572 rr=0.362 (1007s)
2026-09-16 13:01:17 INFO [jordan] 15500/20000 top1=0.302 top5=0.466 ed=1.567 rr=0.365 (1008s)
2026-09-16 13:01:18 INFO [jordan] 16000/20000 top1=0.304 top5=0.468 ed=1.565 rr=0.367 (1010s)
2026-09-16 13:01:20 INFO [jordan] 16500/20000 top1=0.305 top5=0.470 ed=1.561 rr=0.369 (1012s)
2026-09-16 13:01:22 INFO [jordan] 17000/20000 top1=0.307 top5=0.472 ed=1.556 rr=0.371 (1013s)
2026-09-16 13:01:23 INFO [jordan] 17500/20000 top1=0.311 top5=0.476 ed=1.549 rr=0.375 (1015s)
2026-09-16 13:01:25 INFO [jordan] 18000/20000 top1=0.313 top5=0.478 ed=1.544 rr=0.377 (1017s)
2026-09-16 13:01:27 INFO [jordan] 18500/20000 top1=0.315 top5=0.480 ed=1.542 rr=0.379 (1018s)
2026-09-16 13:01:28 INFO [jordan] 19000/20000 top1=0.316 top5=0.483 ed=1.538 rr=0.381 (1020s)
2026-09-16 13:01:30 INFO [jordan] 19500/20000 top1=0.318 top5=0.486 ed=1.534 rr=0.383 (1021s)
2026-09-16 13:01:32 INFO [jordan] 20000/20000 top1=0.320 top5=0.488 ed=1.530 rr=0.385 (1023s)
2026-09-16 13:01:32 INFO RESULT ba:2000:m=2 jordan: top1=0.3196 top3=0.4404 top5=0.4878 ed=1.5296 rr=0.3846 fit=0.0s infer=0.05115s/inst
2026-09-16 13:01:32 INFO === method distance ===
