2026-09-16 02:15:28 INFO run source_iceland_20260916T021528Z_3366 started, dir=/home/user/trace_e/results/runs/source_iceland_20260916T021528Z_3366
2026-09-16 02:15:28 INFO network iceland: {'n_nodes': 75, 'n_edges': 114, 'avg_degree': 3.04, 'n_components': 1, 'lcc_size': 75}
2026-09-16 02:15:28 INFO train: 750 outbreaks, avg size 16.22, singletons 282 (0.1s)
2026-09-16 02:15:29 INFO test: 7500 outbreaks, avg size 12.55, singletons 2749 (0.2s)
2026-09-16 02:15:29 INFO === method random ===
2026-09-16 02:15:29 INFO [random] 500/7500 top1=0.522 top5=0.796 ed=0.824 rr=0.590 (0s)
2026-09-16 02:15:29 INFO [random] 1000/7500 top1=0.478 top5=0.780 ed=0.964 rr=0.540 (0s)
2026-09-16 02:15:29 INFO [random] 1500/7500 top1=0.513 top5=0.789 ed=0.945 rr=0.573 (1s)
2026-09-16 02:15:29 INFO [random] 2000/7500 top1=0.488 top5=0.753 ed=1.015 rr=0.548 (1s)
2026-09-16 02:15:29 INFO [random] 2500/7500 top1=0.488 top5=0.734 ed=1.054 rr=0.543 (1s)
2026-09-16 02:15:30 INFO [random] 3000/7500 top1=0.477 top5=0.710 ed=1.083 rr=0.529 (1s)
2026-09-16 02:15:30 INFO [random] 3500/7500 top1=0.454 top5=0.676 ed=1.126 rr=0.503 (1s)
2026-09-16 02:15:30 INFO [random] 4000/7500 top1=0.453 top5=0.671 ed=1.138 rr=0.502 (1s)
2026-09-16 02:15:30 INFO [random] 4500/7500 top1=0.459 top5=0.675 ed=1.140 rr=0.506 (1s)
2026-09-16 02:15:30 INFO [random] 5000/7500 top1=0.466 top5=0.675 ed=1.135 rr=0.512 (2s)
2026-09-16 02:15:30 INFO [random] 5500/7500 top1=0.473 top5=0.678 ed=1.121 rr=0.519 (2s)
2026-09-16 02:15:31 INFO [random] 6000/7500 top1=0.472 top5=0.672 ed=1.120 rr=0.518 (2s)
2026-09-16 02:15:31 INFO [random] 6500/7500 top1=0.471 top5=0.669 ed=1.129 rr=0.517 (2s)
2026-09-16 02:15:31 INFO [random] 7000/7500 top1=0.457 top5=0.652 ed=1.158 rr=0.503 (2s)
2026-09-16 02:15:31 INFO [random] 7500/7500 top1=0.445 top5=0.641 ed=1.173 rr=0.492 (2s)
2026-09-16 02:15:31 INFO RESULT iceland random: top1=0.4445 top3=0.5784 top5=0.6411 ed=1.1728 rr=0.4915 css=11.60 fit=0.0s infer=0.00033s/inst
2026-09-16 02:15:31 INFO === method degree ===
2026-09-16 02:15:31 INFO [degree] 500/7500 top1=0.498 top5=0.936 ed=0.570 rr=0.663 (0s)
2026-09-16 02:15:31 INFO [degree] 1000/7500 top1=0.494 top5=0.857 ed=0.649 rr=0.635 (0s)
2026-09-16 02:15:32 INFO [degree] 1500/7500 top1=0.505 top5=0.822 ed=0.720 rr=0.630 (0s)
2026-09-16 02:15:32 INFO [degree] 2000/7500 top1=0.490 top5=0.772 ed=0.772 rr=0.604 (1s)
2026-09-16 02:15:32 INFO [degree] 2500/7500 top1=0.480 top5=0.733 ed=0.799 rr=0.586 (1s)
2026-09-16 02:15:32 INFO [degree] 3000/7500 top1=0.468 top5=0.718 ed=0.805 rr=0.574 (1s)
2026-09-16 02:15:32 INFO [degree] 3500/7500 top1=0.446 top5=0.707 ed=0.819 rr=0.556 (1s)
2026-09-16 02:15:32 INFO [degree] 4000/7500 top1=0.441 top5=0.685 ed=0.807 rr=0.547 (1s)
2026-09-16 02:15:32 INFO [degree] 4500/7500 top1=0.443 top5=0.675 ed=0.799 rr=0.545 (1s)
2026-09-16 02:15:32 INFO [degree] 5000/7500 top1=0.447 top5=0.665 ed=0.782 rr=0.545 (1s)
2026-09-16 02:15:32 INFO [degree] 5500/7500 top1=0.454 top5=0.665 ed=0.762 rr=0.550 (1s)
2026-09-16 02:15:33 INFO [degree] 6000/7500 top1=0.453 top5=0.668 ed=0.755 rr=0.551 (2s)
2026-09-16 02:15:33 INFO [degree] 6500/7500 top1=0.452 top5=0.660 ed=0.768 rr=0.548 (2s)
2026-09-16 02:15:33 INFO [degree] 7000/7500 top1=0.438 top5=0.649 ed=0.787 rr=0.536 (2s)
2026-09-16 02:15:33 INFO [degree] 7500/7500 top1=0.437 top5=0.648 ed=0.780 rr=0.535 (2s)
2026-09-16 02:15:33 INFO RESULT iceland degree: top1=0.4372 top3=0.5731 top5=0.6481 ed=0.7800 rr=0.5350 fit=0.0s infer=0.00026s/inst
2026-09-16 02:15:33 INFO === method jordan ===
2026-09-16 02:15:35 INFO [jordan] 500/7500 top1=0.498 top5=0.904 ed=0.584 rr=0.640 (2s)
2026-09-16 02:15:35 INFO [jordan] 1000/7500 top1=0.506 top5=0.867 ed=0.631 rr=0.628 (2s)
2026-09-16 02:15:35 INFO [jordan] 1500/7500 top1=0.513 top5=0.832 ed=0.681 rr=0.626 (2s)
2026-09-16 02:15:35 INFO [jordan] 2000/7500 top1=0.495 top5=0.787 ed=0.735 rr=0.601 (2s)
2026-09-16 02:15:35 INFO [jordan] 2500/7500 top1=0.482 top5=0.747 ed=0.778 rr=0.583 (2s)
2026-09-16 02:15:35 INFO [jordan] 3000/7500 top1=0.470 top5=0.725 ed=0.809 rr=0.567 (2s)
2026-09-16 02:15:35 INFO [jordan] 3500/7500 top1=0.453 top5=0.713 ed=0.825 rr=0.548 (2s)
2026-09-16 02:15:36 INFO [jordan] 4000/7500 top1=0.448 top5=0.698 ed=0.843 rr=0.542 (2s)
2026-09-16 02:15:36 INFO [jordan] 4500/7500 top1=0.449 top5=0.692 ed=0.840 rr=0.541 (3s)
2026-09-16 02:15:36 INFO [jordan] 5000/7500 top1=0.454 top5=0.683 ed=0.840 rr=0.543 (3s)
2026-09-16 02:15:36 INFO [jordan] 5500/7500 top1=0.461 top5=0.684 ed=0.830 rr=0.549 (3s)
2026-09-16 02:15:36 INFO [jordan] 6000/7500 top1=0.461 top5=0.680 ed=0.839 rr=0.547 (3s)
2026-09-16 02:15:36 INFO [jordan] 6500/7500 top1=0.458 top5=0.673 ed=0.851 rr=0.543 (3s)
2026-09-16 02:15:36 INFO [jordan] 7000/7500 top1=0.443 top5=0.658 ed=0.874 rr=0.529 (3s)
2026-09-16 02:15:36 INFO [jordan] 7500/7500 top1=0.434 top5=0.650 ed=0.885 rr=0.519 (3s)
2026-09-16 02:15:36 INFO RESULT iceland jordan: top1=0.4344 top3=0.5708 top5=0.6503 ed=0.8849 rr=0.5194 fit=0.0s infer=0.00046s/inst
2026-09-16 02:15:36 INFO === method distance ===
2026-09-16 02:15:38 INFO [distance] 500/7500 top1=0.554 top5=0.944 ed=0.538 rr=0.691 (2s)
2026-09-16 02:15:38 INFO [distance] 1000/7500 top1=0.527 top5=0.857 ed=0.601 rr=0.652 (2s)
2026-09-16 02:15:38 INFO [distance] 1500/7500 top1=0.524 top5=0.821 ed=0.660 rr=0.641 (2s)
2026-09-16 02:15:38 INFO [distance] 2000/7500 top1=0.501 top5=0.775 ed=0.705 rr=0.613 (2s)
2026-09-16 02:15:39 INFO [distance] 2500/7500 top1=0.488 top5=0.738 ed=0.740 rr=0.593 (2s)
2026-09-16 02:15:39 INFO [distance] 3000/7500 top1=0.476 top5=0.728 ed=0.757 rr=0.580 (2s)
2026-09-16 02:15:39 INFO [distance] 3500/7500 top1=0.453 top5=0.721 ed=0.772 rr=0.564 (2s)
2026-09-16 02:15:39 INFO [distance] 4000/7500 top1=0.449 top5=0.699 ed=0.767 rr=0.554 (3s)
2026-09-16 02:15:39 INFO [distance] 4500/7500 top1=0.449 top5=0.687 ed=0.754 rr=0.552 (3s)
2026-09-16 02:15:39 INFO [distance] 5000/7500 top1=0.453 top5=0.676 ed=0.744 rr=0.552 (3s)
2026-09-16 02:15:39 INFO [distance] 5500/7500 top1=0.458 top5=0.676 ed=0.728 rr=0.556 (3s)
2026-09-16 02:15:40 INFO [distance] 6000/7500 top1=0.459 top5=0.676 ed=0.725 rr=0.556 (3s)
2026-09-16 02:15:40 INFO [distance] 6500/7500 top1=0.456 top5=0.668 ed=0.739 rr=0.552 (3s)
2026-09-16 02:15:40 INFO [distance] 7000/7500 top1=0.441 top5=0.651 ed=0.761 rr=0.539 (3s)
2026-09-16 02:15:40 INFO [distance] 7500/7500 top1=0.437 top5=0.649 ed=0.761 rr=0.536 (3s)
2026-09-16 02:15:40 INFO RESULT iceland distance: top1=0.4369 top3=0.5692 top5=0.6493 ed=0.7609 rr=0.5363 fit=0.0s infer=0.00046s/inst
2026-09-16 02:15:40 INFO === method rumor ===
2026-09-16 02:15:41 INFO [rumor] 500/7500 top1=0.482 top5=0.930 ed=0.610 rr=0.653 (1s)
2026-09-16 02:15:41 INFO [rumor] 1000/7500 top1=0.495 top5=0.869 ed=0.687 rr=0.637 (1s)
2026-09-16 02:15:42 INFO [rumor] 1500/7500 top1=0.502 top5=0.832 ed=0.725 rr=0.631 (2s)
2026-09-16 02:15:42 INFO [rumor] 2000/7500 top1=0.484 top5=0.783 ed=0.758 rr=0.605 (2s)
2026-09-16 02:15:42 INFO [rumor] 2500/7500 top1=0.473 top5=0.740 ed=0.785 rr=0.587 (2s)
2026-09-16 02:15:42 INFO [rumor] 3000/7500 top1=0.462 top5=0.725 ed=0.796 rr=0.576 (2s)
2026-09-16 02:15:42 INFO [rumor] 3500/7500 top1=0.441 top5=0.714 ed=0.805 rr=0.558 (2s)
2026-09-16 02:15:42 INFO [rumor] 4000/7500 top1=0.437 top5=0.694 ed=0.797 rr=0.550 (2s)
2026-09-16 02:15:42 INFO [rumor] 4500/7500 top1=0.440 top5=0.683 ed=0.794 rr=0.548 (2s)
2026-09-16 02:15:42 INFO [rumor] 5000/7500 top1=0.445 top5=0.674 ed=0.782 rr=0.549 (3s)
2026-09-16 02:15:43 INFO [rumor] 5500/7500 top1=0.453 top5=0.677 ed=0.760 rr=0.555 (3s)
2026-09-16 02:15:43 INFO [rumor] 6000/7500 top1=0.456 top5=0.677 ed=0.749 rr=0.557 (3s)
2026-09-16 02:15:43 INFO [rumor] 6500/7500 top1=0.454 top5=0.670 ed=0.763 rr=0.553 (3s)
2026-09-16 02:15:43 INFO [rumor] 7000/7500 top1=0.440 top5=0.653 ed=0.781 rr=0.540 (3s)
2026-09-16 02:15:43 INFO [rumor] 7500/7500 top1=0.437 top5=0.651 ed=0.775 rr=0.537 (3s)
2026-09-16 02:15:43 INFO RESULT iceland rumor: top1=0.4373 top3=0.5768 top5=0.6515 ed=0.7755 rr=0.5374 fit=0.0s infer=0.00042s/inst
2026-09-16 02:15:43 INFO === method netsleuth ===
2026-09-16 02:15:57 INFO [netsleuth] 500/7500 top1=0.580 top5=0.826 ed=0.846 rr=0.693 (14s)
2026-09-16 02:15:57 INFO [netsleuth] 1000/7500 top1=0.488 top5=0.780 ed=1.018 rr=0.610 (14s)
2026-09-16 02:15:57 INFO [netsleuth] 1500/7500 top1=0.559 top5=0.835 ed=0.920 rr=0.672 (14s)
2026-09-16 02:15:57 INFO [netsleuth] 2000/7500 top1=0.532 top5=0.814 ed=1.002 rr=0.647 (14s)
2026-09-16 02:15:57 INFO [netsleuth] 2500/7500 top1=0.535 top5=0.810 ed=1.034 rr=0.649 (14s)
2026-09-16 02:15:57 INFO [netsleuth] 3000/7500 top1=0.524 top5=0.779 ed=1.070 rr=0.633 (14s)
2026-09-16 02:15:58 INFO [netsleuth] 3500/7500 top1=0.496 top5=0.734 ed=1.136 rr=0.603 (14s)
2026-09-16 02:15:58 INFO [netsleuth] 4000/7500 top1=0.499 top5=0.733 ed=1.160 rr=0.604 (15s)
2026-09-16 02:15:58 INFO [netsleuth] 4500/7500 top1=0.507 top5=0.743 ed=1.158 rr=0.611 (15s)
2026-09-16 02:15:58 INFO [netsleuth] 5000/7500 top1=0.511 top5=0.746 ed=1.164 rr=0.615 (15s)
2026-09-16 02:15:58 INFO [netsleuth] 5500/7500 top1=0.521 top5=0.759 ed=1.134 rr=0.626 (15s)
2026-09-16 02:15:58 INFO [netsleuth] 6000/7500 top1=0.518 top5=0.753 ed=1.149 rr=0.622 (15s)
2026-09-16 02:15:58 INFO [netsleuth] 6500/7500 top1=0.520 top5=0.755 ed=1.154 rr=0.623 (15s)
2026-09-16 02:15:58 INFO [netsleuth] 7000/7500 top1=0.502 top5=0.730 ed=1.211 rr=0.604 (15s)
2026-09-16 02:15:59 INFO [netsleuth] 7500/7500 top1=0.489 top5=0.712 ed=1.233 rr=0.591 (15s)
2026-09-16 02:15:59 INFO RESULT iceland netsleuth: top1=0.4891 top3=0.6280 top5=0.7117 ed=1.2329 rr=0.5912 fit=0.0s infer=0.00206s/inst
2026-09-16 02:15:59 INFO === method dmp ===
2026-09-16 02:16:08 INFO [dmp] 500/7500 top1=0.636 top5=0.906 ed=0.566 rr=0.747 (9s)
2026-09-16 02:16:08 INFO [dmp] 1000/7500 top1=0.548 top5=0.864 ed=0.686 rr=0.672 (9s)
2026-09-16 02:16:08 INFO [dmp] 1500/7500 top1=0.603 top5=0.871 ed=0.622 rr=0.707 (9s)
2026-09-16 02:16:08 INFO [dmp] 2000/7500 top1=0.573 top5=0.838 ed=0.691 rr=0.678 (10s)
2026-09-16 02:16:08 INFO [dmp] 2500/7500 top1=0.569 top5=0.818 ed=0.717 rr=0.670 (10s)
2026-09-16 02:16:08 INFO [dmp] 3000/7500 top1=0.559 top5=0.804 ed=0.735 rr=0.661 (10s)
2026-09-16 02:16:09 INFO [dmp] 3500/7500 top1=0.532 top5=0.789 ed=0.760 rr=0.640 (10s)
2026-09-16 02:16:09 INFO [dmp] 4000/7500 top1=0.530 top5=0.776 ed=0.780 rr=0.636 (10s)
2026-09-16 02:16:09 INFO [dmp] 4500/7500 top1=0.532 top5=0.773 ed=0.786 rr=0.636 (10s)
2026-09-16 02:16:09 INFO [dmp] 5000/7500 top1=0.536 top5=0.767 ed=0.793 rr=0.636 (10s)
2026-09-16 02:16:09 INFO [dmp] 5500/7500 top1=0.543 top5=0.770 ed=0.781 rr=0.641 (11s)
2026-09-16 02:16:09 INFO [dmp] 6000/7500 top1=0.542 top5=0.766 ed=0.779 rr=0.640 (11s)
2026-09-16 02:16:09 INFO [dmp] 6500/7500 top1=0.543 top5=0.763 ed=0.780 rr=0.640 (11s)
2026-09-16 02:16:10 INFO [dmp] 7000/7500 top1=0.527 top5=0.750 ed=0.806 rr=0.627 (11s)
2026-09-16 02:16:10 INFO [dmp] 7500/7500 top1=0.518 top5=0.746 ed=0.815 rr=0.620 (11s)
2026-09-16 02:16:10 INFO RESULT iceland dmp: top1=0.5179 top3=0.6727 top5=0.7463 ed=0.8149 rr=0.6201 css=2.54 fit=0.0s infer=0.00150s/inst
2026-09-16 02:16:10 INFO === method sme ===
2026-09-16 02:16:10 INFO [sme] 500/7500 top1=0.530 top5=0.834 ed=0.800 rr=0.658 (0s)
2026-09-16 02:16:10 INFO [sme] 1000/7500 top1=0.502 top5=0.835 ed=0.870 rr=0.637 (0s)
2026-09-16 02:16:10 INFO [sme] 1500/7500 top1=0.534 top5=0.827 ed=0.840 rr=0.655 (1s)
2026-09-16 02:16:11 INFO [sme] 2000/7500 top1=0.505 top5=0.788 ed=0.927 rr=0.626 (1s)
2026-09-16 02:16:11 INFO [sme] 2500/7500 top1=0.504 top5=0.766 ed=0.973 rr=0.619 (1s)
2026-09-16 02:16:11 INFO [sme] 3000/7500 top1=0.493 top5=0.735 ed=1.000 rr=0.602 (1s)
2026-09-16 02:16:11 INFO [sme] 3500/7500 top1=0.470 top5=0.708 ed=1.032 rr=0.580 (1s)
2026-09-16 02:16:11 INFO [sme] 4000/7500 top1=0.471 top5=0.693 ed=1.048 rr=0.576 (1s)
2026-09-16 02:16:11 INFO [sme] 4500/7500 top1=0.476 top5=0.692 ed=1.048 rr=0.579 (2s)
2026-09-16 02:16:12 INFO [sme] 5000/7500 top1=0.482 top5=0.687 ed=1.047 rr=0.581 (2s)
2026-09-16 02:16:12 INFO [sme] 5500/7500 top1=0.491 top5=0.693 ed=1.028 rr=0.589 (2s)
2026-09-16 02:16:12 INFO [sme] 6000/7500 top1=0.492 top5=0.690 ed=1.025 rr=0.589 (2s)
2026-09-16 02:16:12 INFO [sme] 6500/7500 top1=0.490 top5=0.688 ed=1.033 rr=0.587 (2s)
2026-09-16 02:16:12 INFO [sme] 7000/7500 top1=0.476 top5=0.672 ed=1.056 rr=0.573 (2s)
2026-09-16 02:16:12 INFO [sme] 7500/7500 top1=0.463 top5=0.664 ed=1.066 rr=0.563 (2s)
2026-09-16 02:16:12 INFO RESULT iceland sme: top1=0.4627 top3=0.5952 top5=0.6644 ed=1.0663 rr=0.5630 css=6.94 fit=0.0s infer=0.00033s/inst
2026-09-16 02:16:12 INFO === method mcs ===
2026-09-16 02:16:13 INFO [mcs] 500/7500 top1=0.616 top5=0.848 ed=0.632 rr=0.718 (0s)
2026-09-16 02:16:13 INFO [mcs] 1000/7500 top1=0.534 top5=0.834 ed=0.813 rr=0.659 (0s)
2026-09-16 02:16:13 INFO [mcs] 1500/7500 top1=0.576 top5=0.846 ed=0.783 rr=0.689 (1s)
2026-09-16 02:16:13 INFO [mcs] 2000/7500 top1=0.542 top5=0.814 ed=0.879 rr=0.656 (1s)
2026-09-16 02:16:13 INFO [mcs] 2500/7500 top1=0.537 top5=0.795 ed=0.928 rr=0.648 (1s)
2026-09-16 02:16:13 INFO [mcs] 3000/7500 top1=0.522 top5=0.760 ed=0.960 rr=0.629 (1s)
2026-09-16 02:16:14 INFO [mcs] 3500/7500 top1=0.495 top5=0.728 ed=0.999 rr=0.602 (1s)
2026-09-16 02:16:14 INFO [mcs] 4000/7500 top1=0.492 top5=0.721 ed=1.020 rr=0.598 (1s)
2026-09-16 02:16:14 INFO [mcs] 4500/7500 top1=0.496 top5=0.719 ed=1.023 rr=0.600 (2s)
2026-09-16 02:16:14 INFO [mcs] 5000/7500 top1=0.504 top5=0.715 ed=1.015 rr=0.604 (2s)
2026-09-16 02:16:14 INFO [mcs] 5500/7500 top1=0.512 top5=0.720 ed=0.994 rr=0.611 (2s)
2026-09-16 02:16:14 INFO [mcs] 6000/7500 top1=0.511 top5=0.714 ed=0.991 rr=0.609 (2s)
2026-09-16 02:16:15 INFO [mcs] 6500/7500 top1=0.510 top5=0.716 ed=0.996 rr=0.609 (2s)
2026-09-16 02:16:15 INFO [mcs] 7000/7500 top1=0.496 top5=0.702 ed=1.020 rr=0.596 (2s)
2026-09-16 02:16:15 INFO [mcs] 7500/7500 top1=0.483 top5=0.692 ed=1.036 rr=0.585 (3s)
2026-09-16 02:16:15 INFO RESULT iceland mcs: top1=0.4827 top3=0.6185 top5=0.6921 ed=1.0356 rr=0.5847 css=2.25 fit=0.0s infer=0.00034s/inst
2026-09-16 02:16:15 INFO === method mlp ===
2026-09-16 02:16:16 INFO [mlp] epoch 1 val_loss=4.3175 val_acc=0.3556 (0s)
2026-09-16 02:16:16 INFO [mlp] epoch 10 val_loss=4.1919 val_acc=0.4089 (0s)
2026-09-16 02:16:17 INFO [mlp] epoch 20 val_loss=2.2348 val_acc=0.4089 (1s)
2026-09-16 02:16:17 INFO [mlp] epoch 30 val_loss=1.8019 val_acc=0.4089 (1s)
2026-09-16 02:16:17 INFO [mlp] epoch 40 val_loss=1.8011 val_acc=0.4089 (1s)
2026-09-16 02:16:18 INFO [mlp] epoch 50 val_loss=1.8006 val_acc=0.4711 (2s)
2026-09-16 02:16:18 INFO [mlp] epoch 60 val_loss=1.8003 val_acc=0.4711 (2s)
2026-09-16 02:16:18 INFO [mlp] trained 64 epochs, best val_loss=1.8003, 2s
2026-09-16 02:16:18 INFO [mlp] 500/7500 top1=0.526 top5=0.860 ed=0.760 rr=0.634 (0s)
2026-09-16 02:16:18 INFO [mlp] 1000/7500 top1=0.486 top5=0.822 ed=0.864 rr=0.589 (0s)
2026-09-16 02:16:19 INFO [mlp] 1500/7500 top1=0.521 top5=0.833 ed=0.858 rr=0.619 (1s)
2026-09-16 02:16:19 INFO [mlp] 2000/7500 top1=0.501 top5=0.798 ed=0.935 rr=0.594 (1s)
2026-09-16 02:16:19 INFO [mlp] 2500/7500 top1=0.500 top5=0.781 ed=0.964 rr=0.588 (1s)
2026-09-16 02:16:19 INFO [mlp] 3000/7500 top1=0.493 top5=0.761 ed=0.990 rr=0.576 (1s)
2026-09-16 02:16:19 INFO [mlp] 3500/7500 top1=0.469 top5=0.733 ed=1.017 rr=0.551 (1s)
2026-09-16 02:16:20 INFO [mlp] 4000/7500 top1=0.470 top5=0.730 ed=1.026 rr=0.551 (1s)
2026-09-16 02:16:20 INFO [mlp] 4500/7500 top1=0.473 top5=0.726 ed=1.024 rr=0.553 (2s)
2026-09-16 02:16:20 INFO [mlp] 5000/7500 top1=0.479 top5=0.726 ed=1.023 rr=0.557 (2s)
2026-09-16 02:16:20 INFO [mlp] 5500/7500 top1=0.484 top5=0.732 ed=1.010 rr=0.564 (2s)
2026-09-16 02:16:20 INFO [mlp] 6000/7500 top1=0.485 top5=0.727 ed=1.012 rr=0.563 (2s)
2026-09-16 02:16:20 INFO [mlp] 6500/7500 top1=0.486 top5=0.728 ed=1.013 rr=0.563 (2s)
2026-09-16 02:16:21 INFO [mlp] 7000/7500 top1=0.474 top5=0.715 ed=1.039 rr=0.549 (2s)
2026-09-16 02:16:21 INFO [mlp] 7500/7500 top1=0.463 top5=0.706 ed=1.052 rr=0.539 (3s)
2026-09-16 02:16:21 INFO RESULT iceland mlp: top1=0.4629 top3=0.6264 top5=0.7056 ed=1.0523 rr=0.5392 css=11.60 fit=3.2s infer=0.00035s/inst
2026-09-16 02:16:21 INFO === method gcn ===
2026-09-16 02:16:21 INFO [gcn] epoch 1 val_loss=4.3169 val_acc=0.2978 (0s)
2026-09-16 02:16:21 INFO [gcn] epoch 10 val_loss=4.2987 val_acc=0.3244 (0s)
2026-09-16 02:16:22 INFO [gcn] epoch 20 val_loss=3.9320 val_acc=0.3689 (1s)
2026-09-16 02:16:22 INFO [gcn] epoch 30 val_loss=3.2562 val_acc=0.3733 (1s)
2026-09-16 02:16:22 INFO [gcn] epoch 40 val_loss=2.7964 val_acc=0.3778 (2s)
2026-09-16 02:16:23 INFO [gcn] epoch 50 val_loss=2.6054 val_acc=0.3867 (2s)
2026-09-16 02:16:23 INFO [gcn] trained 54 epochs, best val_loss=2.5954, 2s
2026-09-16 02:16:23 INFO [gcn] 500/7500 top1=0.450 top5=0.972 ed=0.586 rr=0.665 (0s)
2026-09-16 02:16:23 INFO [gcn] 1000/7500 top1=0.461 top5=0.871 ed=0.645 rr=0.634 (0s)
2026-09-16 02:16:23 INFO [gcn] 1500/7500 top1=0.472 top5=0.849 ed=0.665 rr=0.633 (1s)
2026-09-16 02:16:24 INFO [gcn] 2000/7500 top1=0.477 top5=0.802 ed=0.717 rr=0.620 (1s)
2026-09-16 02:16:24 INFO [gcn] 2500/7500 top1=0.473 top5=0.762 ed=0.748 rr=0.605 (1s)
2026-09-16 02:16:24 INFO [gcn] 3000/7500 top1=0.468 top5=0.746 ed=0.758 rr=0.596 (1s)
2026-09-16 02:16:24 INFO [gcn] 3500/7500 top1=0.443 top5=0.723 ed=0.777 rr=0.574 (1s)
2026-09-16 02:16:24 INFO [gcn] 4000/7500 top1=0.442 top5=0.699 ed=0.771 rr=0.565 (1s)
2026-09-16 02:16:24 INFO [gcn] 4500/7500 top1=0.448 top5=0.690 ed=0.766 rr=0.564 (1s)
2026-09-16 02:16:25 INFO [gcn] 5000/7500 top1=0.454 top5=0.677 ed=0.752 rr=0.564 (2s)
2026-09-16 02:16:25 INFO [gcn] 5500/7500 top1=0.462 top5=0.682 ed=0.730 rr=0.571 (2s)
2026-09-16 02:16:25 INFO [gcn] 6000/7500 top1=0.461 top5=0.684 ed=0.724 rr=0.570 (2s)
2026-09-16 02:16:25 INFO [gcn] 6500/7500 top1=0.459 top5=0.678 ed=0.738 rr=0.567 (2s)
2026-09-16 02:16:25 INFO [gcn] 7000/7500 top1=0.446 top5=0.664 ed=0.760 rr=0.555 (2s)
2026-09-16 02:16:25 INFO [gcn] 7500/7500 top1=0.446 top5=0.663 ed=0.753 rr=0.554 (2s)
2026-09-16 02:16:25 INFO RESULT iceland gcn: top1=0.4459 top3=0.5905 top5=0.6628 ed=0.7532 rr=0.5541 css=10.73 fit=2.2s infer=0.00033s/inst
2026-09-16 02:16:25 INFO === method gcn_skip ===
2026-09-16 02:16:26 INFO [gcn_skip] epoch 1 val_loss=4.4215 val_acc=0.0356 (0s)
2026-09-16 02:16:26 INFO [gcn_skip] epoch 10 val_loss=3.6699 val_acc=0.2089 (1s)
2026-09-16 02:16:27 INFO [gcn_skip] epoch 20 val_loss=3.0035 val_acc=0.4311 (1s)
2026-09-16 02:16:27 INFO [gcn_skip] epoch 30 val_loss=2.6070 val_acc=0.4356 (2s)
2026-09-16 02:16:28 INFO [gcn_skip] epoch 40 val_loss=2.4041 val_acc=0.4444 (2s)
2026-09-16 02:16:28 INFO [gcn_skip] epoch 50 val_loss=2.2509 val_acc=0.4400 (3s)
2026-09-16 02:16:29 INFO [gcn_skip] epoch 60 val_loss=2.1368 val_acc=0.4844 (3s)
2026-09-16 02:16:29 INFO [gcn_skip] epoch 70 val_loss=2.0808 val_acc=0.4933 (4s)
2026-09-16 02:16:30 INFO [gcn_skip] epoch 80 val_loss=1.9687 val_acc=0.4978 (4s)
2026-09-16 02:16:30 INFO [gcn_skip] epoch 90 val_loss=1.9323 val_acc=0.4978 (5s)
2026-09-16 02:16:31 INFO [gcn_skip] epoch 100 val_loss=1.8494 val_acc=0.4978 (5s)
2026-09-16 02:16:31 INFO [gcn_skip] epoch 110 val_loss=1.8243 val_acc=0.4933 (6s)
2026-09-16 02:16:32 INFO [gcn_skip] epoch 120 val_loss=1.7844 val_acc=0.4978 (6s)
2026-09-16 02:16:32 INFO [gcn_skip] epoch 130 val_loss=1.7621 val_acc=0.5022 (7s)
2026-09-16 02:16:33 INFO [gcn_skip] epoch 140 val_loss=1.7354 val_acc=0.5022 (7s)
2026-09-16 02:16:33 INFO [gcn_skip] epoch 150 val_loss=1.7217 val_acc=0.5067 (8s)
2026-09-16 02:16:34 INFO [gcn_skip] epoch 160 val_loss=1.6944 val_acc=0.5378 (8s)
2026-09-16 02:16:34 INFO [gcn_skip] trained 166 epochs, best val_loss=1.6857, 9s
2026-09-16 02:16:34 INFO [gcn_skip] 500/7500 top1=0.612 top5=0.882 ed=0.642 rr=0.711 (0s)
2026-09-16 02:16:35 INFO [gcn_skip] 1000/7500 top1=0.549 top5=0.842 ed=0.760 rr=0.663 (0s)
2026-09-16 02:16:35 INFO [gcn_skip] 1500/7500 top1=0.603 top5=0.875 ed=0.703 rr=0.709 (1s)
2026-09-16 02:16:35 INFO [gcn_skip] 2000/7500 top1=0.571 top5=0.853 ed=0.769 rr=0.682 (1s)
2026-09-16 02:16:35 INFO [gcn_skip] 2500/7500 top1=0.572 top5=0.851 ed=0.795 rr=0.683 (1s)
2026-09-16 02:16:35 INFO [gcn_skip] 3000/7500 top1=0.565 top5=0.838 ed=0.816 rr=0.674 (1s)
2026-09-16 02:16:35 INFO [gcn_skip] 3500/7500 top1=0.537 top5=0.805 ed=0.851 rr=0.648 (1s)
2026-09-16 02:16:36 INFO [gcn_skip] 4000/7500 top1=0.536 top5=0.801 ed=0.869 rr=0.646 (1s)
2026-09-16 02:16:36 INFO [gcn_skip] 4500/7500 top1=0.543 top5=0.804 ed=0.873 rr=0.650 (1s)
2026-09-16 02:16:36 INFO [gcn_skip] 5000/7500 top1=0.547 top5=0.802 ed=0.876 rr=0.652 (2s)
2026-09-16 02:16:36 INFO [gcn_skip] 5500/7500 top1=0.554 top5=0.806 ed=0.857 rr=0.658 (2s)
2026-09-16 02:16:36 INFO [gcn_skip] 6000/7500 top1=0.551 top5=0.803 ed=0.854 rr=0.655 (2s)
2026-09-16 02:16:36 INFO [gcn_skip] 6500/7500 top1=0.551 top5=0.803 ed=0.855 rr=0.655 (2s)
2026-09-16 02:16:36 INFO [gcn_skip] 7000/7500 top1=0.536 top5=0.794 ed=0.877 rr=0.643 (2s)
2026-09-16 02:16:37 INFO [gcn_skip] 7500/7500 top1=0.526 top5=0.785 ed=0.882 rr=0.635 (2s)
2026-09-16 02:16:37 INFO RESULT iceland gcn_skip: top1=0.5264 top3=0.6975 top5=0.7853 ed=0.8816 rr=0.6353 css=8.28 fit=8.7s infer=0.00033s/inst
2026-09-16 02:16:37 INFO === method igcn ===
2026-09-16 02:16:37 INFO [igcn] epoch 1 val_loss=4.1547 val_acc=0.4400 (0s)
2026-09-16 02:16:38 INFO [igcn] epoch 10 val_loss=3.6953 val_acc=0.4578 (1s)
2026-09-16 02:16:38 INFO [igcn] epoch 20 val_loss=3.3730 val_acc=0.4578 (2s)
2026-09-16 02:16:39 INFO [igcn] epoch 30 val_loss=2.8954 val_acc=0.4578 (3s)
2026-09-16 02:16:40 INFO [igcn] epoch 40 val_loss=2.3341 val_acc=0.4756 (3s)
2026-09-16 02:16:41 INFO [igcn] epoch 50 val_loss=1.9130 val_acc=0.4844 (4s)
2026-09-16 02:16:45 INFO [igcn] epoch 60 val_loss=1.8198 val_acc=0.4889 (8s)
2026-09-16 02:16:46 INFO [igcn] epoch 70 val_loss=1.7773 val_acc=0.4933 (9s)
2026-09-16 02:16:47 INFO [igcn] epoch 80 val_loss=1.7508 val_acc=0.4933 (10s)
2026-09-16 02:16:47 INFO [igcn] epoch 90 val_loss=1.7393 val_acc=0.4933 (11s)
2026-09-16 02:16:48 INFO [igcn] epoch 100 val_loss=1.7274 val_acc=0.4933 (12s)
2026-09-16 02:16:49 INFO [igcn] epoch 110 val_loss=1.7188 val_acc=0.4978 (12s)
2026-09-16 02:16:50 INFO [igcn] epoch 120 val_loss=1.7091 val_acc=0.4978 (13s)
2026-09-16 02:16:51 INFO [igcn] epoch 130 val_loss=1.7059 val_acc=0.4978 (14s)
2026-09-16 02:16:52 INFO [igcn] epoch 140 val_loss=1.6963 val_acc=0.4978 (15s)
2026-09-16 02:16:54 INFO [igcn] epoch 150 val_loss=1.6852 val_acc=0.5022 (18s)
2026-09-16 02:16:55 INFO [igcn] epoch 160 val_loss=1.6765 val_acc=0.5111 (19s)
2026-09-16 02:16:56 INFO [igcn] trained 166 epochs, best val_loss=1.6759, 19s
2026-09-16 02:16:56 INFO [igcn] 500/7500 top1=0.624 top5=0.832 ed=0.738 rr=0.696 (0s)
2026-09-16 02:16:56 INFO [igcn] 1000/7500 top1=0.515 top5=0.787 ed=0.930 rr=0.615 (1s)
2026-09-16 02:16:56 INFO [igcn] 1500/7500 top1=0.593 top5=0.841 ed=0.827 rr=0.681 (1s)
2026-09-16 02:16:57 INFO [igcn] 2000/7500 top1=0.565 top5=0.820 ed=0.896 rr=0.656 (1s)
2026-09-16 02:16:57 INFO [igcn] 2500/7500 top1=0.572 top5=0.828 ed=0.903 rr=0.666 (1s)
2026-09-16 02:16:57 INFO [igcn] 3000/7500 top1=0.559 top5=0.808 ed=0.935 rr=0.654 (1s)
2026-09-16 02:16:57 INFO [igcn] 3500/7500 top1=0.528 top5=0.771 ed=0.982 rr=0.626 (1s)
2026-09-16 02:16:57 INFO [igcn] 4000/7500 top1=0.531 top5=0.770 ed=0.995 rr=0.627 (1s)
2026-09-16 02:16:57 INFO [igcn] 4500/7500 top1=0.537 top5=0.777 ed=0.989 rr=0.634 (2s)
2026-09-16 02:16:57 INFO [igcn] 5000/7500 top1=0.542 top5=0.777 ed=0.993 rr=0.638 (2s)
2026-09-16 02:16:58 INFO [igcn] 5500/7500 top1=0.551 top5=0.785 ed=0.969 rr=0.646 (2s)
2026-09-16 02:16:58 INFO [igcn] 6000/7500 top1=0.550 top5=0.779 ed=0.968 rr=0.644 (2s)
2026-09-16 02:16:58 INFO [igcn] 6500/7500 top1=0.550 top5=0.784 ed=0.967 rr=0.646 (2s)
2026-09-16 02:16:58 INFO [igcn] 7000/7500 top1=0.533 top5=0.770 ed=1.000 rr=0.632 (2s)
2026-09-16 02:16:58 INFO [igcn] 7500/7500 top1=0.522 top5=0.761 ed=1.012 rr=0.623 (3s)
2026-09-16 02:16:58 INFO RESULT iceland igcn: top1=0.5219 top3=0.6769 top5=0.7609 ed=1.0116 rr=0.6227 css=9.08 fit=19.1s infer=0.00035s/inst
2026-09-16 02:16:58 INFO run source_iceland_20260916T021528Z_3366 finished in 90.0s
