Using device: cuda
============================
Number of nodes: 62
Number of edges: 159
Average degree: 5.129032258064516
Diameter (LCC): 8
Average time per sim.: 0.000005 seconds
============================
Avg. outbreak size: 25.117
Avg. R0: 1.9789
Avg. sampled infection rate: 0.9
Number of sim. with only one inf. node: 7379
============================
Training examples: 21700
Validation examples: 9300
============================
HADDAD(
  (convs): ModuleList(
    (0): SAGEConv(3, 128, aggr=max)
    (1-3): 3 x SAGEConv(128, 128, aggr=max)
    (4): SAGEConv(128, 1, aggr=max)
  )
  (activ): ModuleList(
    (0-4): 5 x ReLU()
  )
)
============================
/usr/local/lib/python3.13/dist-packages/torch_geometric/utils/_scatter.py:91: UserWarning: The usage of `scatter(reduce='max')` can be accelerated via the 'torch-scatter' package, but it was not found
  warnings.warn(
Epoch: 001, Train Acc: 0.3492, Train Loss: 2.2126, Val. Acc: 0.3481, Val. Loss: 2.2245
Epoch: 002, Train Acc: 0.3506, Train Loss: 2.1890, Val. Acc: 0.3496, Val. Loss: 2.1952
Epoch: 003, Train Acc: 0.3537, Train Loss: 2.1882, Val. Acc: 0.3526, Val. Loss: 2.1967
Epoch: 004, Train Acc: 0.3533, Train Loss: 2.1798, Val. Acc: 0.3511, Val. Loss: 2.1926
Epoch: 005, Train Acc: 0.3530, Train Loss: 2.1792, Val. Acc: 0.3506, Val. Loss: 2.1895
Epoch: 006, Train Acc: 0.3538, Train Loss: 2.1794, Val. Acc: 0.3535, Val. Loss: 2.1889
Epoch: 007, Train Acc: 0.3550, Train Loss: 2.1882, Val. Acc: 0.3512, Val. Loss: 2.1949
Epoch: 008, Train Acc: 0.3501, Train Loss: 2.1997, Val. Acc: 0.3468, Val. Loss: 2.2045
Epoch: 009, Train Acc: 0.3535, Train Loss: 2.1861, Val. Acc: 0.3519, Val. Loss: 2.1940
Epoch: 010, Train Acc: 0.3561, Train Loss: 2.1694, Val. Acc: 0.3517, Val. Loss: 2.1839
Epoch: 011, Train Acc: 0.3535, Train Loss: 2.1805, Val. Acc: 0.3513, Val. Loss: 2.1896
Epoch: 012, Train Acc: 0.3582, Train Loss: 2.1578, Val. Acc: 0.3518, Val. Loss: 2.1762
Epoch: 013, Train Acc: 0.3595, Train Loss: 2.1653, Val. Acc: 0.3502, Val. Loss: 2.1809
Epoch: 014, Train Acc: 0.3600, Train Loss: 2.1565, Val. Acc: 0.3514, Val. Loss: 2.1787
Epoch: 015, Train Acc: 0.3583, Train Loss: 2.1573, Val. Acc: 0.3514, Val. Loss: 2.1804
Epoch: 016, Train Acc: 0.3600, Train Loss: 2.1560, Val. Acc: 0.3532, Val. Loss: 2.1779
Epoch: 017, Train Acc: 0.3606, Train Loss: 2.1719, Val. Acc: 0.3541, Val. Loss: 2.1895
============================
Saving model that yielded validation loss of 2.1762.
Average batch time: 0.012899 seconds (SEM:  0.000110)
