Using device: cuda
============================
Number of nodes: 327
Number of edges: 5818
Average degree: 35.584097859327215
Diameter (LCC): 4
Average time per sim.: 0.000055 seconds
============================
Avg. outbreak size: 133.671
Avg. R0: 2.01293
Avg. sampled infection rate: 0.065
Number of sim. with only one inf. node: 53000
============================
Training examples: 114450
Validation examples: 49050
============================
DONG(
  (convs): ModuleList(
    (0): GCNConv(3, 128)
    (1-4): 4 x GCNConv(128, 128)
  )
  (activ): ModuleList(
    (0-4): 5 x ReLU()
  )
  (final): Sequential(
    (0): Linear(in_features=128, out_features=1, bias=True)
  )
)
============================
Epoch: 001, Train Acc: 0.0565, Train Loss: 4.6514, Val. Acc: 0.0560, Val. Loss: 4.6580
Epoch: 002, Train Acc: 0.0505, Train Loss: 4.6098, Val. Acc: 0.0498, Val. Loss: 4.6166
Epoch: 003, Train Acc: 0.0422, Train Loss: 4.6178, Val. Acc: 0.0415, Val. Loss: 4.6248
Epoch: 004, Train Acc: 0.0383, Train Loss: 4.6344, Val. Acc: 0.0383, Val. Loss: 4.6408
Epoch: 005, Train Acc: 0.0554, Train Loss: 4.5933, Val. Acc: 0.0551, Val. Loss: 4.5999
Epoch: 006, Train Acc: 0.0515, Train Loss: 4.6076, Val. Acc: 0.0514, Val. Loss: 4.6144
Epoch: 007, Train Acc: 0.0539, Train Loss: 4.5868, Val. Acc: 0.0534, Val. Loss: 4.5932
Epoch: 008, Train Acc: 0.0519, Train Loss: 4.5833, Val. Acc: 0.0518, Val. Loss: 4.5905
