Using device: cuda
============================
Number of nodes: 327
Number of edges: 5818
Average degree: 35.584097859327215
Diameter (LCC): 4
Average time per sim.: 0.000055 seconds
============================
Avg. outbreak size: 133.671
Avg. R0: 2.01293
Avg. sampled infection rate: 0.065
Number of sim. with only one inf. node: 53000
============================
Training examples: 114450
Validation examples: 49050
============================
MLP(
  (layers): ModuleList(
    (0): Linear(in_features=3, out_features=128, bias=True)
    (1-4): 4 x Linear(in_features=128, out_features=128, bias=True)
  )
  (activ): ModuleList(
    (0-4): 5 x ReLU()
  )
  (final): Linear(in_features=128, out_features=1, bias=True)
)
============================
Epoch: 001, Train Acc: 0.3743, Train Loss: 3.0778, Val. Acc: 0.3739, Val. Loss: 3.0903
Epoch: 002, Train Acc: 0.3743, Train Loss: 3.0773, Val. Acc: 0.3739, Val. Loss: 3.0897
Epoch: 003, Train Acc: 0.3743, Train Loss: 3.0772, Val. Acc: 0.3739, Val. Loss: 3.0897
Epoch: 004, Train Acc: 0.3743, Train Loss: 3.0773, Val. Acc: 0.3739, Val. Loss: 3.0897
Epoch: 005, Train Acc: 0.3743, Train Loss: 3.0777, Val. Acc: 0.3739, Val. Loss: 3.0902
Epoch: 006, Train Acc: 0.3743, Train Loss: 3.0772, Val. Acc: 0.3739, Val. Loss: 3.0897
Epoch: 007, Train Acc: 0.3743, Train Loss: 3.0774, Val. Acc: 0.3739, Val. Loss: 3.0898
Epoch: 008, Train Acc: 0.3743, Train Loss: 3.0773, Val. Acc: 0.3739, Val. Loss: 3.0897
============================
Saving model that yielded validation loss of 3.0897.
Average batch time: 0.045789 seconds (SEM:  0.000069)
