Using device: cuda
============================
Number of nodes: 62
Number of edges: 159
Average degree: 5.129032258064516
Diameter (LCC): 8
Average time per sim.: 0.000006 seconds
============================
Avg. outbreak size: 25.117
Avg. R0: 1.9789
Avg. sampled infection rate: 0.9
Number of sim. with only one inf. node: 7379
============================
Training examples: 21700
Validation examples: 9300
============================
SHAH(
  (initial): Sequential(
    (0): Linear(in_features=3, out_features=128, bias=True)
  )
  (convs): ModuleList(
    (0-4): 5 x GCNConv(128, 128)
  )
  (banor): ModuleList(
    (0-4): 5 x BatchNorm1d(128, eps=1e-05, momentum=0.1, affine=True, track_running_stats=True)
  )
  (activ): ModuleList(
    (0-4): 5 x LeakyReLU(negative_slope=0.01)
  )
  (final): Sequential(
    (0): Linear(in_features=128, out_features=1, bias=True)
  )
)
============================
Epoch: 001, Train Acc: 0.3516, Train Loss: 2.2159, Val. Acc: 0.3500, Val. Loss: 2.2219
Epoch: 002, Train Acc: 0.3604, Train Loss: 2.1805, Val. Acc: 0.3585, Val. Loss: 2.1862
Epoch: 003, Train Acc: 0.3595, Train Loss: 2.1680, Val. Acc: 0.3532, Val. Loss: 2.1773
Epoch: 004, Train Acc: 0.3581, Train Loss: 2.1604, Val. Acc: 0.3512, Val. Loss: 2.1714
Epoch: 005, Train Acc: 0.3622, Train Loss: 2.1599, Val. Acc: 0.3604, Val. Loss: 2.1692
Epoch: 006, Train Acc: 0.3612, Train Loss: 2.1606, Val. Acc: 0.3555, Val. Loss: 2.1714
Epoch: 007, Train Acc: 0.3612, Train Loss: 2.1543, Val. Acc: 0.3589, Val. Loss: 2.1629
Epoch: 008, Train Acc: 0.3622, Train Loss: 2.1502, Val. Acc: 0.3590, Val. Loss: 2.1605
Epoch: 009, Train Acc: 0.3624, Train Loss: 2.1491, Val. Acc: 0.3611, Val. Loss: 2.1597
Epoch: 010, Train Acc: 0.3592, Train Loss: 2.1510, Val. Acc: 0.3570, Val. Loss: 2.1607
Epoch: 011, Train Acc: 0.3608, Train Loss: 2.1486, Val. Acc: 0.3554, Val. Loss: 2.1619
Epoch: 012, Train Acc: 0.3605, Train Loss: 2.1516, Val. Acc: 0.3569, Val. Loss: 2.1663
Epoch: 013, Train Acc: 0.3625, Train Loss: 2.1509, Val. Acc: 0.3582, Val. Loss: 2.1628
Epoch: 014, Train Acc: 0.3635, Train Loss: 2.1451, Val. Acc: 0.3589, Val. Loss: 2.1575
Epoch: 015, Train Acc: 0.3574, Train Loss: 2.1635, Val. Acc: 0.3558, Val. Loss: 2.1738
Epoch: 016, Train Acc: 0.3612, Train Loss: 2.1513, Val. Acc: 0.3544, Val. Loss: 2.1614
Epoch: 017, Train Acc: 0.3608, Train Loss: 2.1457, Val. Acc: 0.3571, Val. Loss: 2.1568
Epoch: 018, Train Acc: 0.3607, Train Loss: 2.1442, Val. Acc: 0.3582, Val. Loss: 2.1580
Epoch: 019, Train Acc: 0.3622, Train Loss: 2.1476, Val. Acc: 0.3565, Val. Loss: 2.1591
Epoch: 020, Train Acc: 0.3620, Train Loss: 2.1532, Val. Acc: 0.3609, Val. Loss: 2.1636
Epoch: 021, Train Acc: 0.3612, Train Loss: 2.1458, Val. Acc: 0.3551, Val. Loss: 2.1579
Epoch: 022, Train Acc: 0.3610, Train Loss: 2.1463, Val. Acc: 0.3576, Val. Loss: 2.1575
============================
Saving model that yielded validation loss of 2.1568.
Average batch time: 0.010068 seconds (SEM:  0.000122)
