2026-09-16 02:19:15 INFO run blocking_iceland_block_20260916T021915Z_4369 started, dir=/home/user/trace_e/results/runs/blocking_iceland_block_20260916T021915Z_4369
2026-09-16 02:19:15 INFO network iceland: {'n_nodes': 75, 'n_edges': 114, 'avg_degree': 3.04, 'n_components': 1, 'lcc_size': 75}
2026-09-16 02:19:15 INFO no-intervention spread: mean 2.68 nodes (0.036 of graph) over 20 instances (0.2s)
2026-09-16 02:19:15 INFO === method random (block mode) ===
2026-09-16 02:19:15 INFO [random] 5/20 instances, saved@10=0.101
2026-09-16 02:19:15 INFO [random] 10/20 instances, saved@10=0.115
2026-09-16 02:19:15 INFO [random] 15/20 instances, saved@10=0.134
2026-09-16 02:19:15 INFO [random] 20/20 instances, saved@10=0.125
2026-09-16 02:19:15 INFO RESULT iceland block random budget=1: saved=0.0313 (se 0.0180) bad_frac=0.0347 bad_count=2.60 select=0.000s
2026-09-16 02:19:15 INFO RESULT iceland block random budget=2: saved=0.0512 (se 0.0170) bad_frac=0.0338 bad_count=2.53 select=0.000s
2026-09-16 02:19:15 INFO RESULT iceland block random budget=5: saved=0.1262 (se 0.0354) bad_frac=0.0313 bad_count=2.34 select=0.000s
2026-09-16 02:19:15 INFO RESULT iceland block random budget=10: saved=0.1245 (se 0.0185) bad_frac=0.0311 bad_count=2.33 select=0.000s
2026-09-16 02:19:15 INFO === method degree (block mode) ===
2026-09-16 02:19:16 INFO [degree] 5/20 instances, saved@10=0.440
2026-09-16 02:19:16 INFO [degree] 10/20 instances, saved@10=0.443
2026-09-16 02:19:16 INFO [degree] 15/20 instances, saved@10=0.474
2026-09-16 02:19:16 INFO [degree] 20/20 instances, saved@10=0.468
2026-09-16 02:19:16 INFO RESULT iceland block degree budget=1: saved=0.1154 (se 0.0333) bad_frac=0.0316 bad_count=2.37 select=0.000s
2026-09-16 02:19:16 INFO RESULT iceland block degree budget=2: saved=0.1775 (se 0.0338) bad_frac=0.0288 bad_count=2.16 select=0.000s
2026-09-16 02:19:16 INFO RESULT iceland block degree budget=5: saved=0.3224 (se 0.0418) bad_frac=0.0232 bad_count=1.74 select=0.000s
2026-09-16 02:19:16 INFO RESULT iceland block degree budget=10: saved=0.4685 (se 0.0270) bad_frac=0.0179 bad_count=1.34 select=0.000s
2026-09-16 02:19:16 INFO === method pagerank (block mode) ===
2026-09-16 02:19:16 INFO [pagerank] 5/20 instances, saved@10=0.440
2026-09-16 02:19:16 INFO [pagerank] 10/20 instances, saved@10=0.443
2026-09-16 02:19:16 INFO [pagerank] 15/20 instances, saved@10=0.474
2026-09-16 02:19:16 INFO [pagerank] 20/20 instances, saved@10=0.468
2026-09-16 02:19:16 INFO RESULT iceland block pagerank budget=1: saved=0.1154 (se 0.0333) bad_frac=0.0316 bad_count=2.37 select=0.000s
2026-09-16 02:19:16 INFO RESULT iceland block pagerank budget=2: saved=0.1775 (se 0.0338) bad_frac=0.0288 bad_count=2.16 select=0.000s
2026-09-16 02:19:16 INFO RESULT iceland block pagerank budget=5: saved=0.3439 (se 0.0401) bad_frac=0.0228 bad_count=1.71 select=0.000s
2026-09-16 02:19:17 INFO RESULT iceland block pagerank budget=10: saved=0.4685 (se 0.0270) bad_frac=0.0179 bad_count=1.34 select=0.000s
2026-09-16 02:19:17 INFO === method proximity (block mode) ===
2026-09-16 02:19:17 INFO [proximity] 5/20 instances, saved@10=0.509
2026-09-16 02:19:17 INFO [proximity] 10/20 instances, saved@10=0.497
2026-09-16 02:19:17 INFO [proximity] 15/20 instances, saved@10=0.517
2026-09-16 02:19:17 INFO [proximity] 20/20 instances, saved@10=0.514
2026-09-16 02:19:17 INFO RESULT iceland block proximity budget=1: saved=0.4021 (se 0.0216) bad_frac=0.0239 bad_count=1.79 select=0.000s
2026-09-16 02:19:17 INFO RESULT iceland block proximity budget=2: saved=0.4626 (se 0.0234) bad_frac=0.0207 bad_count=1.55 select=0.000s
2026-09-16 02:19:17 INFO RESULT iceland block proximity budget=5: saved=0.4893 (se 0.0193) bad_frac=0.0177 bad_count=1.33 select=0.000s
2026-09-16 02:19:17 INFO RESULT iceland block proximity budget=10: saved=0.5144 (se 0.0278) bad_frac=0.0147 bad_count=1.10 select=0.000s
2026-09-16 02:19:17 INFO === method reach (block mode) ===
2026-09-16 02:19:17 INFO [reach] 5/20 instances, saved@10=0.509
2026-09-16 02:19:17 INFO [reach] 10/20 instances, saved@10=0.497
2026-09-16 02:19:17 INFO [reach] 15/20 instances, saved@10=0.517
2026-09-16 02:19:18 INFO [reach] 20/20 instances, saved@10=0.517
2026-09-16 02:19:18 INFO RESULT iceland block reach budget=1: saved=0.3977 (se 0.0226) bad_frac=0.0239 bad_count=1.80 select=0.002s
2026-09-16 02:19:18 INFO RESULT iceland block reach budget=2: saved=0.4619 (se 0.0235) bad_frac=0.0207 bad_count=1.56 select=0.002s
2026-09-16 02:19:18 INFO RESULT iceland block reach budget=5: saved=0.4931 (se 0.0193) bad_frac=0.0172 bad_count=1.29 select=0.002s
2026-09-16 02:19:18 INFO RESULT iceland block reach budget=10: saved=0.5175 (se 0.0291) bad_frac=0.0142 bad_count=1.07 select=0.002s
2026-09-16 02:19:18 INFO === method greedy (block mode) ===
2026-09-16 02:19:18 INFO [greedy] 5/20 instances, saved@10=0.509
2026-09-16 02:19:20 INFO [greedy] 10/20 instances, saved@10=0.497
2026-09-16 02:19:21 INFO [greedy] 15/20 instances, saved@10=0.517
2026-09-16 02:19:23 INFO [greedy] 20/20 instances, saved@10=0.519
2026-09-16 02:19:23 INFO RESULT iceland block greedy budget=1: saved=0.4058 (se 0.0199) bad_frac=0.0235 bad_count=1.76 select=0.049s
2026-09-16 02:19:23 INFO RESULT iceland block greedy budget=2: saved=0.4638 (se 0.0231) bad_frac=0.0206 bad_count=1.55 select=0.060s
2026-09-16 02:19:23 INFO RESULT iceland block greedy budget=5: saved=0.4947 (se 0.0200) bad_frac=0.0170 bad_count=1.28 select=0.067s
2026-09-16 02:19:23 INFO RESULT iceland block greedy budget=10: saved=0.5191 (se 0.0299) bad_frac=0.0140 bad_count=1.05 select=0.070s
2026-09-16 02:19:23 INFO run blocking_iceland_block_20260916T021915Z_4369 finished in 8.3s
