2026-09-16 13:11:20 INFO run source_er-2000_20260916T131120Z_5082 started, dir=/home/user/trace_e/results/runs/source_er-2000_20260916T131120Z_5082
2026-09-16 13:11:20 INFO network er:2000: {'n_nodes': 2000, 'n_edges': 4086, 'avg_degree': 4.086, 'n_components': 50, 'lcc_size': 1947}
2026-09-16 13:11:24 INFO train: 20000 outbreaks, avg size 108.71, singletons 4602 (4.0s)
2026-09-16 13:11:25 INFO test: 20000 outbreaks, avg size 21.87, singletons 4381 (1.2s)
2026-09-16 13:11:25 INFO === method random ===
2026-09-16 13:11:29 INFO [random] 500/20000 top1=0.330 top5=0.570 ed=1.872 rr=0.398 (4s)
2026-09-16 13:11:30 INFO [random] 1000/20000 top1=0.316 top5=0.559 ed=1.912 rr=0.377 (5s)
2026-09-16 13:11:32 INFO [random] 1500/20000 top1=0.320 top5=0.557 ed=1.937 rr=0.378 (7s)
2026-09-16 13:11:33 INFO [random] 2000/20000 top1=0.322 top5=0.561 ed=1.950 rr=0.381 (9s)
2026-09-16 13:11:35 INFO [random] 2500/20000 top1=0.324 top5=0.565 ed=1.963 rr=0.380 (10s)
2026-09-16 13:11:37 INFO [random] 3000/20000 top1=0.323 top5=0.561 ed=1.971 rr=0.379 (12s)
2026-09-16 13:11:38 INFO [random] 3500/20000 top1=0.319 top5=0.555 ed=1.981 rr=0.374 (14s)
2026-09-16 13:11:40 INFO [random] 4000/20000 top1=0.313 top5=0.556 ed=1.984 rr=0.370 (15s)
2026-09-16 13:11:42 INFO [random] 4500/20000 top1=0.316 top5=0.554 ed=1.996 rr=0.370 (17s)
2026-09-16 13:11:43 INFO [random] 5000/20000 top1=0.311 top5=0.550 ed=2.014 rr=0.365 (19s)
2026-09-16 13:11:45 INFO [random] 5500/20000 top1=0.305 top5=0.544 ed=2.034 rr=0.359 (20s)
2026-09-16 13:11:47 INFO [random] 6000/20000 top1=0.306 top5=0.547 ed=2.030 rr=0.361 (22s)
2026-09-16 13:11:48 INFO [random] 6500/20000 top1=0.307 top5=0.549 ed=2.028 rr=0.362 (23s)
2026-09-16 13:11:50 INFO [random] 7000/20000 top1=0.309 top5=0.550 ed=2.021 rr=0.364 (25s)
2026-09-16 13:11:52 INFO [random] 7500/20000 top1=0.307 top5=0.548 ed=2.031 rr=0.362 (27s)
2026-09-16 13:11:53 INFO [random] 8000/20000 top1=0.308 top5=0.552 ed=2.022 rr=0.363 (28s)
2026-09-16 13:11:55 INFO [random] 8500/20000 top1=0.307 top5=0.548 ed=2.027 rr=0.362 (30s)
2026-09-16 13:11:56 INFO [random] 9000/20000 top1=0.308 top5=0.546 ed=2.020 rr=0.363 (32s)
2026-09-16 13:11:58 INFO [random] 9500/20000 top1=0.310 top5=0.547 ed=2.019 rr=0.365 (33s)
2026-09-16 13:12:00 INFO [random] 10000/20000 top1=0.310 top5=0.547 ed=2.012 rr=0.365 (35s)
2026-09-16 13:12:01 INFO [random] 10500/20000 top1=0.310 top5=0.547 ed=2.009 rr=0.365 (37s)
2026-09-16 13:12:03 INFO [random] 11000/20000 top1=0.312 top5=0.548 ed=2.004 rr=0.366 (38s)
2026-09-16 13:12:05 INFO [random] 11500/20000 top1=0.311 top5=0.548 ed=2.008 rr=0.367 (40s)
2026-09-16 13:12:06 INFO [random] 12000/20000 top1=0.311 top5=0.548 ed=2.012 rr=0.366 (41s)
2026-09-16 13:12:08 INFO [random] 12500/20000 top1=0.308 top5=0.545 ed=2.024 rr=0.364 (43s)
2026-09-16 13:12:09 INFO [random] 13000/20000 top1=0.308 top5=0.545 ed=2.023 rr=0.364 (45s)
2026-09-16 13:12:11 INFO [random] 13500/20000 top1=0.309 top5=0.546 ed=2.017 rr=0.365 (46s)
2026-09-16 13:12:13 INFO [random] 14000/20000 top1=0.309 top5=0.546 ed=2.016 rr=0.365 (48s)
2026-09-16 13:12:14 INFO [random] 14500/20000 top1=0.308 top5=0.546 ed=2.014 rr=0.365 (50s)
2026-09-16 13:12:16 INFO [random] 15000/20000 top1=0.308 top5=0.547 ed=2.011 rr=0.365 (51s)
2026-09-16 13:12:18 INFO [random] 15500/20000 top1=0.309 top5=0.547 ed=2.005 rr=0.365 (53s)
2026-09-16 13:12:19 INFO [random] 16000/20000 top1=0.308 top5=0.545 ed=2.013 rr=0.364 (55s)
2026-09-16 13:12:21 INFO [random] 16500/20000 top1=0.306 top5=0.544 ed=2.020 rr=0.362 (56s)
2026-09-16 13:12:23 INFO [random] 17000/20000 top1=0.307 top5=0.544 ed=2.020 rr=0.362 (58s)
2026-09-16 13:12:24 INFO [random] 17500/20000 top1=0.308 top5=0.545 ed=2.015 rr=0.363 (60s)
2026-09-16 13:12:26 INFO [random] 18000/20000 top1=0.307 top5=0.545 ed=2.013 rr=0.362 (61s)
2026-09-16 13:12:28 INFO [random] 18500/20000 top1=0.307 top5=0.545 ed=2.013 rr=0.362 (63s)
2026-09-16 13:12:30 INFO [random] 19000/20000 top1=0.308 top5=0.546 ed=2.008 rr=0.363 (65s)
2026-09-16 13:12:31 INFO [random] 19500/20000 top1=0.307 top5=0.545 ed=2.011 rr=0.362 (67s)
2026-09-16 13:12:33 INFO [random] 20000/20000 top1=0.307 top5=0.544 ed=2.011 rr=0.362 (68s)
2026-09-16 13:12:33 INFO RESULT er:2000 random: top1=0.3075 top3=0.4586 top5=0.5445 ed=2.0107 rr=0.3622 css=20.05 fit=0.0s infer=0.00341s/inst
2026-09-16 13:12:33 INFO === method degree ===
2026-09-16 13:12:37 INFO [degree] 500/20000 top1=0.420 top5=0.714 ed=1.136 rr=0.534 (4s)
2026-09-16 13:12:39 INFO [degree] 1000/20000 top1=0.399 top5=0.694 ed=1.184 rr=0.518 (5s)
2026-09-16 13:12:40 INFO [degree] 1500/20000 top1=0.397 top5=0.687 ed=1.186 rr=0.514 (7s)
2026-09-16 13:12:42 INFO [degree] 2000/20000 top1=0.392 top5=0.690 ed=1.196 rr=0.510 (8s)
2026-09-16 13:12:43 INFO [degree] 2500/20000 top1=0.384 top5=0.695 ed=1.205 rr=0.507 (10s)
2026-09-16 13:12:45 INFO [degree] 3000/20000 top1=0.384 top5=0.695 ed=1.205 rr=0.505 (12s)
2026-09-16 13:12:46 INFO [degree] 3500/20000 top1=0.376 top5=0.685 ed=1.219 rr=0.500 (13s)
2026-09-16 13:12:48 INFO [degree] 4000/20000 top1=0.373 top5=0.687 ed=1.220 rr=0.498 (15s)
2026-09-16 13:12:50 INFO [degree] 4500/20000 top1=0.374 top5=0.686 ed=1.218 rr=0.498 (16s)
2026-09-16 13:12:51 INFO [degree] 5000/20000 top1=0.373 top5=0.684 ed=1.226 rr=0.496 (18s)
2026-09-16 13:12:53 INFO [degree] 5500/20000 top1=0.370 top5=0.686 ed=1.231 rr=0.495 (20s)
2026-09-16 13:12:55 INFO [degree] 6000/20000 top1=0.372 top5=0.690 ed=1.231 rr=0.497 (21s)
2026-09-16 13:12:56 INFO [degree] 6500/20000 top1=0.370 top5=0.689 ed=1.239 rr=0.496 (23s)
2026-09-16 13:12:58 INFO [degree] 7000/20000 top1=0.370 top5=0.687 ed=1.241 rr=0.495 (25s)
2026-09-16 13:13:00 INFO [degree] 7500/20000 top1=0.370 top5=0.687 ed=1.247 rr=0.494 (26s)
2026-09-16 13:13:01 INFO [degree] 8000/20000 top1=0.372 top5=0.689 ed=1.243 rr=0.495 (28s)
2026-09-16 13:13:03 INFO [degree] 8500/20000 top1=0.373 top5=0.689 ed=1.240 rr=0.495 (30s)
2026-09-16 13:13:04 INFO [degree] 9000/20000 top1=0.375 top5=0.690 ed=1.235 rr=0.497 (31s)
2026-09-16 13:13:06 INFO [degree] 9500/20000 top1=0.377 top5=0.690 ed=1.233 rr=0.499 (33s)
2026-09-16 13:13:08 INFO [degree] 10000/20000 top1=0.378 top5=0.691 ed=1.228 rr=0.500 (35s)
2026-09-16 13:13:09 INFO [degree] 10500/20000 top1=0.378 top5=0.692 ed=1.229 rr=0.500 (36s)
2026-09-16 13:13:11 INFO [degree] 11000/20000 top1=0.379 top5=0.693 ed=1.228 rr=0.502 (38s)
2026-09-16 13:13:13 INFO [degree] 11500/20000 top1=0.380 top5=0.691 ed=1.229 rr=0.502 (39s)
2026-09-16 13:13:14 INFO [degree] 12000/20000 top1=0.378 top5=0.689 ed=1.233 rr=0.500 (41s)
2026-09-16 13:13:16 INFO [degree] 12500/20000 top1=0.377 top5=0.687 ed=1.235 rr=0.499 (43s)
2026-09-16 13:13:17 INFO [degree] 13000/20000 top1=0.375 top5=0.687 ed=1.238 rr=0.498 (44s)
2026-09-16 13:13:19 INFO [degree] 13500/20000 top1=0.376 top5=0.689 ed=1.234 rr=0.499 (46s)
2026-09-16 13:13:20 INFO [degree] 14000/20000 top1=0.377 top5=0.689 ed=1.235 rr=0.499 (47s)
2026-09-16 13:13:22 INFO [degree] 14500/20000 top1=0.375 top5=0.687 ed=1.236 rr=0.498 (49s)
2026-09-16 13:13:24 INFO [degree] 15000/20000 top1=0.375 top5=0.687 ed=1.236 rr=0.498 (51s)
2026-09-16 13:13:25 INFO [degree] 15500/20000 top1=0.375 top5=0.687 ed=1.236 rr=0.498 (52s)
2026-09-16 13:13:27 INFO [degree] 16000/20000 top1=0.373 top5=0.685 ed=1.239 rr=0.497 (54s)
2026-09-16 13:13:29 INFO [degree] 16500/20000 top1=0.370 top5=0.685 ed=1.244 rr=0.495 (55s)
2026-09-16 13:13:30 INFO [degree] 17000/20000 top1=0.370 top5=0.685 ed=1.243 rr=0.495 (57s)
2026-09-16 13:13:32 INFO [degree] 17500/20000 top1=0.370 top5=0.685 ed=1.243 rr=0.495 (59s)
2026-09-16 13:13:33 INFO [degree] 18000/20000 top1=0.370 top5=0.686 ed=1.244 rr=0.495 (60s)
2026-09-16 13:13:35 INFO [degree] 18500/20000 top1=0.370 top5=0.686 ed=1.244 rr=0.495 (62s)
2026-09-16 13:13:37 INFO [degree] 19000/20000 top1=0.370 top5=0.686 ed=1.243 rr=0.495 (64s)
2026-09-16 13:13:38 INFO [degree] 19500/20000 top1=0.369 top5=0.685 ed=1.246 rr=0.494 (65s)
2026-09-16 13:13:40 INFO [degree] 20000/20000 top1=0.369 top5=0.685 ed=1.248 rr=0.494 (67s)
2026-09-16 13:13:40 INFO RESULT er:2000 degree: top1=0.3689 top3=0.5766 top5=0.6852 ed=1.2484 rr=0.4943 fit=0.0s infer=0.00334s/inst
2026-09-16 13:13:40 INFO === method jordan ===
2026-09-16 13:13:57 INFO [jordan] 500/20000 top1=0.440 top5=0.776 ed=0.956 rr=0.556 (17s)
2026-09-16 13:13:59 INFO [jordan] 1000/20000 top1=0.408 top5=0.755 ed=1.027 rr=0.533 (19s)
2026-09-16 13:14:01 INFO [jordan] 1500/20000 top1=0.411 top5=0.751 ed=1.029 rr=0.534 (20s)
2026-09-16 13:14:02 INFO [jordan] 2000/20000 top1=0.399 top5=0.745 ed=1.038 rr=0.529 (22s)
2026-09-16 13:14:04 INFO [jordan] 2500/20000 top1=0.400 top5=0.745 ed=1.037 rr=0.529 (24s)
2026-09-16 13:14:05 INFO [jordan] 3000/20000 top1=0.398 top5=0.743 ed=1.051 rr=0.527 (25s)
2026-09-16 13:14:07 INFO [jordan] 3500/20000 top1=0.392 top5=0.739 ed=1.060 rr=0.522 (27s)
2026-09-16 13:14:09 INFO [jordan] 4000/20000 top1=0.389 top5=0.738 ed=1.064 rr=0.520 (28s)
2026-09-16 13:14:10 INFO [jordan] 4500/20000 top1=0.386 top5=0.738 ed=1.062 rr=0.519 (30s)
2026-09-16 13:14:12 INFO [jordan] 5000/20000 top1=0.383 top5=0.738 ed=1.071 rr=0.516 (32s)
2026-09-16 13:14:14 INFO [jordan] 5500/20000 top1=0.380 top5=0.736 ed=1.078 rr=0.513 (33s)
2026-09-16 13:14:15 INFO [jordan] 6000/20000 top1=0.382 top5=0.737 ed=1.080 rr=0.514 (35s)
2026-09-16 13:14:17 INFO [jordan] 6500/20000 top1=0.382 top5=0.735 ed=1.083 rr=0.514 (37s)
2026-09-16 13:14:18 INFO [jordan] 7000/20000 top1=0.384 top5=0.735 ed=1.080 rr=0.516 (38s)
2026-09-16 13:14:20 INFO [jordan] 7500/20000 top1=0.383 top5=0.734 ed=1.078 rr=0.515 (40s)
2026-09-16 13:14:22 INFO [jordan] 8000/20000 top1=0.384 top5=0.734 ed=1.075 rr=0.516 (42s)
2026-09-16 13:14:23 INFO [jordan] 8500/20000 top1=0.385 top5=0.735 ed=1.075 rr=0.516 (43s)
2026-09-16 13:14:25 INFO [jordan] 9000/20000 top1=0.388 top5=0.735 ed=1.071 rr=0.518 (45s)
2026-09-16 13:14:27 INFO [jordan] 9500/20000 top1=0.389 top5=0.737 ed=1.066 rr=0.519 (46s)
2026-09-16 13:14:28 INFO [jordan] 10000/20000 top1=0.390 top5=0.738 ed=1.062 rr=0.520 (48s)
2026-09-16 13:14:30 INFO [jordan] 10500/20000 top1=0.391 top5=0.739 ed=1.061 rr=0.520 (50s)
2026-09-16 13:14:32 INFO [jordan] 11000/20000 top1=0.391 top5=0.740 ed=1.060 rr=0.521 (51s)
2026-09-16 13:14:33 INFO [jordan] 11500/20000 top1=0.393 top5=0.738 ed=1.062 rr=0.521 (53s)
2026-09-16 13:14:35 INFO [jordan] 12000/20000 top1=0.391 top5=0.737 ed=1.065 rr=0.520 (55s)
2026-09-16 13:14:36 INFO [jordan] 12500/20000 top1=0.389 top5=0.734 ed=1.069 rr=0.518 (56s)
2026-09-16 13:14:38 INFO [jordan] 13000/20000 top1=0.388 top5=0.735 ed=1.069 rr=0.518 (58s)
2026-09-16 13:14:40 INFO [jordan] 13500/20000 top1=0.390 top5=0.736 ed=1.065 rr=0.519 (59s)
2026-09-16 13:14:41 INFO [jordan] 14000/20000 top1=0.391 top5=0.735 ed=1.065 rr=0.519 (61s)
2026-09-16 13:14:43 INFO [jordan] 14500/20000 top1=0.392 top5=0.735 ed=1.065 rr=0.519 (63s)
2026-09-16 13:14:45 INFO [jordan] 15000/20000 top1=0.390 top5=0.735 ed=1.066 rr=0.519 (64s)
2026-09-16 13:14:46 INFO [jordan] 15500/20000 top1=0.391 top5=0.735 ed=1.065 rr=0.519 (66s)
2026-09-16 13:14:48 INFO [jordan] 16000/20000 top1=0.389 top5=0.734 ed=1.069 rr=0.518 (68s)
2026-09-16 13:14:50 INFO [jordan] 16500/20000 top1=0.388 top5=0.732 ed=1.072 rr=0.516 (70s)
2026-09-16 13:14:52 INFO [jordan] 17000/20000 top1=0.387 top5=0.732 ed=1.070 rr=0.517 (72s)
2026-09-16 13:14:54 INFO [jordan] 17500/20000 top1=0.387 top5=0.732 ed=1.068 rr=0.517 (73s)
2026-09-16 13:14:55 INFO [jordan] 18000/20000 top1=0.387 top5=0.733 ed=1.070 rr=0.517 (75s)
2026-09-16 13:14:57 INFO [jordan] 18500/20000 top1=0.388 top5=0.733 ed=1.070 rr=0.517 (77s)
2026-09-16 13:14:59 INFO [jordan] 19000/20000 top1=0.389 top5=0.733 ed=1.069 rr=0.517 (78s)
2026-09-16 13:15:00 INFO [jordan] 19500/20000 top1=0.388 top5=0.734 ed=1.068 rr=0.517 (80s)
2026-09-16 13:15:02 INFO [jordan] 20000/20000 top1=0.388 top5=0.733 ed=1.070 rr=0.517 (82s)
2026-09-16 13:15:02 INFO RESULT er:2000 jordan: top1=0.3882 top3=0.6129 top5=0.7328 ed=1.0696 rr=0.5166 fit=0.0s infer=0.00409s/inst
2026-09-16 13:15:02 INFO === method distance ===
2026-09-16 13:15:19 INFO [distance] 500/20000 top1=0.462 top5=0.794 ed=0.878 rr=0.595 (17s)
2026-09-16 13:15:21 INFO [distance] 1000/20000 top1=0.437 top5=0.779 ed=0.937 rr=0.572 (18s)
2026-09-16 13:15:22 INFO [distance] 1500/20000 top1=0.430 top5=0.783 ed=0.937 rr=0.569 (20s)
2026-09-16 13:15:24 INFO [distance] 2000/20000 top1=0.425 top5=0.778 ed=0.943 rr=0.565 (21s)
2026-09-16 13:15:25 INFO [distance] 2500/20000 top1=0.422 top5=0.778 ed=0.951 rr=0.563 (23s)
2026-09-16 13:15:27 INFO [distance] 3000/20000 top1=0.419 top5=0.774 ed=0.957 rr=0.562 (25s)
2026-09-16 13:15:28 INFO [distance] 3500/20000 top1=0.410 top5=0.770 ed=0.965 rr=0.556 (26s)
2026-09-16 13:15:30 INFO [distance] 4000/20000 top1=0.408 top5=0.773 ed=0.971 rr=0.555 (28s)
2026-09-16 13:15:32 INFO [distance] 4500/20000 top1=0.406 top5=0.771 ed=0.972 rr=0.553 (29s)
2026-09-16 13:15:33 INFO [distance] 5000/20000 top1=0.404 top5=0.771 ed=0.979 rr=0.552 (31s)
2026-09-16 13:15:35 INFO [distance] 5500/20000 top1=0.402 top5=0.772 ed=0.982 rr=0.550 (33s)
2026-09-16 13:15:36 INFO [distance] 6000/20000 top1=0.403 top5=0.774 ed=0.982 rr=0.551 (34s)
2026-09-16 13:15:38 INFO [distance] 6500/20000 top1=0.401 top5=0.772 ed=0.987 rr=0.549 (36s)
2026-09-16 13:15:40 INFO [distance] 7000/20000 top1=0.400 top5=0.771 ed=0.988 rr=0.548 (37s)
2026-09-16 13:15:41 INFO [distance] 7500/20000 top1=0.399 top5=0.769 ed=0.992 rr=0.547 (39s)
2026-09-16 13:15:43 INFO [distance] 8000/20000 top1=0.400 top5=0.769 ed=0.990 rr=0.548 (41s)
2026-09-16 13:15:44 INFO [distance] 8500/20000 top1=0.403 top5=0.769 ed=0.989 rr=0.549 (42s)
2026-09-16 13:15:46 INFO [distance] 9000/20000 top1=0.405 top5=0.769 ed=0.987 rr=0.551 (44s)
2026-09-16 13:15:47 INFO [distance] 9500/20000 top1=0.406 top5=0.770 ed=0.984 rr=0.552 (45s)
2026-09-16 13:15:49 INFO [distance] 10000/20000 top1=0.407 top5=0.771 ed=0.981 rr=0.553 (47s)
2026-09-16 13:15:51 INFO [distance] 10500/20000 top1=0.407 top5=0.772 ed=0.980 rr=0.553 (49s)
2026-09-16 13:15:52 INFO [distance] 11000/20000 top1=0.407 top5=0.772 ed=0.979 rr=0.554 (50s)
2026-09-16 13:15:54 INFO [distance] 11500/20000 top1=0.408 top5=0.770 ed=0.979 rr=0.554 (52s)
2026-09-16 13:15:55 INFO [distance] 12000/20000 top1=0.406 top5=0.768 ed=0.983 rr=0.552 (53s)
2026-09-16 13:15:57 INFO [distance] 12500/20000 top1=0.404 top5=0.767 ed=0.985 rr=0.551 (55s)
2026-09-16 13:15:59 INFO [distance] 13000/20000 top1=0.404 top5=0.767 ed=0.986 rr=0.551 (56s)
2026-09-16 13:16:00 INFO [distance] 13500/20000 top1=0.405 top5=0.769 ed=0.984 rr=0.552 (58s)
2026-09-16 13:16:02 INFO [distance] 14000/20000 top1=0.404 top5=0.768 ed=0.985 rr=0.551 (60s)
2026-09-16 13:16:04 INFO [distance] 14500/20000 top1=0.404 top5=0.768 ed=0.985 rr=0.551 (61s)
2026-09-16 13:16:05 INFO [distance] 15000/20000 top1=0.403 top5=0.766 ed=0.986 rr=0.550 (63s)
2026-09-16 13:16:07 INFO [distance] 15500/20000 top1=0.403 top5=0.767 ed=0.986 rr=0.551 (65s)
2026-09-16 13:16:08 INFO [distance] 16000/20000 top1=0.402 top5=0.766 ed=0.989 rr=0.550 (66s)
2026-09-16 13:16:10 INFO [distance] 16500/20000 top1=0.400 top5=0.765 ed=0.992 rr=0.548 (68s)
2026-09-16 13:16:12 INFO [distance] 17000/20000 top1=0.400 top5=0.766 ed=0.989 rr=0.549 (70s)
2026-09-16 13:16:13 INFO [distance] 17500/20000 top1=0.400 top5=0.766 ed=0.988 rr=0.549 (71s)
2026-09-16 13:16:15 INFO [distance] 18000/20000 top1=0.401 top5=0.766 ed=0.987 rr=0.549 (73s)
2026-09-16 13:16:17 INFO [distance] 18500/20000 top1=0.401 top5=0.766 ed=0.987 rr=0.549 (74s)
2026-09-16 13:16:18 INFO [distance] 19000/20000 top1=0.402 top5=0.767 ed=0.986 rr=0.550 (76s)
2026-09-16 13:16:20 INFO [distance] 19500/20000 top1=0.401 top5=0.766 ed=0.986 rr=0.549 (78s)
2026-09-16 13:16:21 INFO [distance] 20000/20000 top1=0.401 top5=0.766 ed=0.986 rr=0.549 (79s)
2026-09-16 13:16:22 INFO RESULT er:2000 distance: top1=0.4009 top3=0.6497 top5=0.7663 ed=0.9861 rr=0.5491 fit=0.0s infer=0.00396s/inst
2026-09-16 13:16:22 INFO === method rumor ===
2026-09-16 13:16:36 INFO [rumor] 500/20000 top1=0.460 top5=0.790 ed=0.890 rr=0.590 (14s)
2026-09-16 13:16:37 INFO [rumor] 1000/20000 top1=0.415 top5=0.782 ed=0.955 rr=0.565 (16s)
2026-09-16 13:16:39 INFO [rumor] 1500/20000 top1=0.411 top5=0.782 ed=0.964 rr=0.560 (17s)
2026-09-16 13:16:40 INFO [rumor] 2000/20000 top1=0.409 top5=0.778 ed=0.973 rr=0.557 (19s)
2026-09-16 13:16:42 INFO [rumor] 2500/20000 top1=0.407 top5=0.776 ed=0.981 rr=0.555 (20s)
2026-09-16 13:16:43 INFO [rumor] 3000/20000 top1=0.406 top5=0.773 ed=0.989 rr=0.555 (22s)
2026-09-16 13:16:45 INFO [rumor] 3500/20000 top1=0.399 top5=0.769 ed=0.996 rr=0.550 (23s)
2026-09-16 13:16:47 INFO [rumor] 4000/20000 top1=0.396 top5=0.771 ed=0.998 rr=0.548 (25s)
2026-09-16 13:16:48 INFO [rumor] 4500/20000 top1=0.397 top5=0.769 ed=0.997 rr=0.548 (27s)
2026-09-16 13:16:50 INFO [rumor] 5000/20000 top1=0.395 top5=0.766 ed=1.003 rr=0.546 (28s)
2026-09-16 13:16:52 INFO [rumor] 5500/20000 top1=0.391 top5=0.766 ed=1.009 rr=0.543 (30s)
2026-09-16 13:16:53 INFO [rumor] 6000/20000 top1=0.391 top5=0.767 ed=1.009 rr=0.543 (32s)
2026-09-16 13:16:55 INFO [rumor] 6500/20000 top1=0.391 top5=0.764 ed=1.017 rr=0.542 (33s)
2026-09-16 13:16:56 INFO [rumor] 7000/20000 top1=0.392 top5=0.764 ed=1.018 rr=0.542 (35s)
2026-09-16 13:16:58 INFO [rumor] 7500/20000 top1=0.391 top5=0.763 ed=1.021 rr=0.542 (37s)
2026-09-16 13:17:00 INFO [rumor] 8000/20000 top1=0.393 top5=0.763 ed=1.017 rr=0.543 (38s)
2026-09-16 13:17:01 INFO [rumor] 8500/20000 top1=0.394 top5=0.763 ed=1.016 rr=0.544 (40s)
2026-09-16 13:17:03 INFO [rumor] 9000/20000 top1=0.395 top5=0.763 ed=1.014 rr=0.545 (42s)
2026-09-16 13:17:05 INFO [rumor] 9500/20000 top1=0.398 top5=0.764 ed=1.009 rr=0.547 (43s)
2026-09-16 13:17:06 INFO [rumor] 10000/20000 top1=0.400 top5=0.766 ed=1.004 rr=0.549 (45s)
2026-09-16 13:17:08 INFO [rumor] 10500/20000 top1=0.401 top5=0.766 ed=1.002 rr=0.549 (46s)
2026-09-16 13:17:10 INFO [rumor] 11000/20000 top1=0.401 top5=0.766 ed=1.002 rr=0.549 (48s)
2026-09-16 13:17:11 INFO [rumor] 11500/20000 top1=0.402 top5=0.765 ed=1.000 rr=0.550 (50s)
2026-09-16 13:17:13 INFO [rumor] 12000/20000 top1=0.400 top5=0.763 ed=1.004 rr=0.548 (51s)
2026-09-16 13:17:15 INFO [rumor] 12500/20000 top1=0.399 top5=0.762 ed=1.006 rr=0.548 (53s)
2026-09-16 13:17:16 INFO [rumor] 13000/20000 top1=0.399 top5=0.761 ed=1.007 rr=0.547 (55s)
2026-09-16 13:17:18 INFO [rumor] 13500/20000 top1=0.400 top5=0.763 ed=1.005 rr=0.548 (56s)
2026-09-16 13:17:19 INFO [rumor] 14000/20000 top1=0.400 top5=0.763 ed=1.005 rr=0.549 (58s)
2026-09-16 13:17:21 INFO [rumor] 14500/20000 top1=0.399 top5=0.762 ed=1.006 rr=0.549 (60s)
2026-09-16 13:17:23 INFO [rumor] 15000/20000 top1=0.399 top5=0.761 ed=1.007 rr=0.548 (61s)
2026-09-16 13:17:24 INFO [rumor] 15500/20000 top1=0.399 top5=0.762 ed=1.006 rr=0.548 (63s)
2026-09-16 13:17:26 INFO [rumor] 16000/20000 top1=0.398 top5=0.761 ed=1.009 rr=0.547 (64s)
2026-09-16 13:17:28 INFO [rumor] 16500/20000 top1=0.396 top5=0.760 ed=1.012 rr=0.546 (66s)
2026-09-16 13:17:29 INFO [rumor] 17000/20000 top1=0.397 top5=0.760 ed=1.010 rr=0.546 (68s)
2026-09-16 13:17:31 INFO [rumor] 17500/20000 top1=0.397 top5=0.760 ed=1.008 rr=0.547 (69s)
2026-09-16 13:17:33 INFO [rumor] 18000/20000 top1=0.397 top5=0.760 ed=1.008 rr=0.547 (71s)
2026-09-16 13:17:34 INFO [rumor] 18500/20000 top1=0.398 top5=0.761 ed=1.006 rr=0.547 (73s)
2026-09-16 13:17:36 INFO [rumor] 19000/20000 top1=0.398 top5=0.761 ed=1.005 rr=0.548 (74s)
2026-09-16 13:17:37 INFO [rumor] 19500/20000 top1=0.398 top5=0.761 ed=1.004 rr=0.547 (76s)
2026-09-16 13:17:39 INFO [rumor] 20000/20000 top1=0.398 top5=0.761 ed=1.004 rr=0.547 (77s)
2026-09-16 13:17:39 INFO RESULT er:2000 rumor: top1=0.3982 top3=0.6458 top5=0.7614 ed=1.0041 rr=0.5474 fit=0.0s infer=0.00387s/inst
2026-09-16 13:17:39 INFO === method netsleuth ===
2026-09-16 13:20:18 INFO [netsleuth] 500/20000 top1=0.426 top5=0.706 ed=1.718 rr=0.545 (159s)
2026-09-16 13:20:20 INFO [netsleuth] 1000/20000 top1=0.409 top5=0.685 ed=1.768 rr=0.534 (161s)
2026-09-16 13:20:21 INFO [netsleuth] 1500/20000 top1=0.407 top5=0.673 ed=1.797 rr=0.529 (162s)
2026-09-16 13:20:23 INFO [netsleuth] 2000/20000 top1=0.407 top5=0.681 ed=1.789 rr=0.532 (164s)
2026-09-16 13:20:24 INFO [netsleuth] 2500/20000 top1=0.402 top5=0.691 ed=1.783 rr=0.532 (165s)
2026-09-16 13:20:26 INFO [netsleuth] 3000/20000 top1=0.400 top5=0.682 ed=1.810 rr=0.529 (167s)
2026-09-16 13:20:28 INFO [netsleuth] 3500/20000 top1=0.396 top5=0.679 ed=1.827 rr=0.526 (168s)
2026-09-16 13:20:29 INFO [netsleuth] 4000/20000 top1=0.391 top5=0.676 ed=1.836 rr=0.523 (170s)
2026-09-16 13:20:31 INFO [netsleuth] 4500/20000 top1=0.389 top5=0.676 ed=1.841 rr=0.522 (172s)
2026-09-16 13:20:33 INFO [netsleuth] 5000/20000 top1=0.384 top5=0.669 ed=1.868 rr=0.516 (173s)
2026-09-16 13:20:34 INFO [netsleuth] 5500/20000 top1=0.372 top5=0.662 ed=1.904 rr=0.506 (175s)
2026-09-16 13:20:36 INFO [netsleuth] 6000/20000 top1=0.372 top5=0.662 ed=1.907 rr=0.507 (176s)
2026-09-16 13:20:37 INFO [netsleuth] 6500/20000 top1=0.376 top5=0.666 ed=1.900 rr=0.511 (178s)
2026-09-16 13:20:39 INFO [netsleuth] 7000/20000 top1=0.376 top5=0.669 ed=1.896 rr=0.511 (180s)
2026-09-16 13:20:40 INFO [netsleuth] 7500/20000 top1=0.374 top5=0.669 ed=1.904 rr=0.510 (181s)
2026-09-16 13:20:42 INFO [netsleuth] 8000/20000 top1=0.375 top5=0.670 ed=1.895 rr=0.511 (183s)
2026-09-16 13:20:43 INFO [netsleuth] 8500/20000 top1=0.373 top5=0.669 ed=1.896 rr=0.510 (184s)
2026-09-16 13:20:45 INFO [netsleuth] 9000/20000 top1=0.374 top5=0.671 ed=1.888 rr=0.511 (186s)
2026-09-16 13:20:47 INFO [netsleuth] 9500/20000 top1=0.375 top5=0.671 ed=1.883 rr=0.512 (187s)
2026-09-16 13:20:48 INFO [netsleuth] 10000/20000 top1=0.375 top5=0.671 ed=1.881 rr=0.512 (189s)
2026-09-16 13:20:50 INFO [netsleuth] 10500/20000 top1=0.374 top5=0.671 ed=1.883 rr=0.511 (191s)
2026-09-16 13:20:52 INFO [netsleuth] 11000/20000 top1=0.375 top5=0.673 ed=1.878 rr=0.512 (192s)
2026-09-16 13:20:53 INFO [netsleuth] 11500/20000 top1=0.374 top5=0.673 ed=1.879 rr=0.512 (194s)
2026-09-16 13:20:55 INFO [netsleuth] 12000/20000 top1=0.375 top5=0.672 ed=1.882 rr=0.512 (196s)
2026-09-16 13:20:56 INFO [netsleuth] 12500/20000 top1=0.372 top5=0.670 ed=1.888 rr=0.510 (197s)
2026-09-16 13:20:58 INFO [netsleuth] 13000/20000 top1=0.372 top5=0.671 ed=1.889 rr=0.510 (199s)
2026-09-16 13:21:00 INFO [netsleuth] 13500/20000 top1=0.375 top5=0.673 ed=1.878 rr=0.513 (200s)
2026-09-16 13:21:01 INFO [netsleuth] 14000/20000 top1=0.375 top5=0.672 ed=1.880 rr=0.512 (202s)
2026-09-16 13:21:03 INFO [netsleuth] 14500/20000 top1=0.374 top5=0.672 ed=1.880 rr=0.512 (204s)
2026-09-16 13:21:05 INFO [netsleuth] 15000/20000 top1=0.374 top5=0.674 ed=1.875 rr=0.512 (205s)
2026-09-16 13:21:06 INFO [netsleuth] 15500/20000 top1=0.373 top5=0.674 ed=1.877 rr=0.512 (207s)
2026-09-16 13:21:08 INFO [netsleuth] 16000/20000 top1=0.371 top5=0.672 ed=1.887 rr=0.510 (208s)
2026-09-16 13:21:09 INFO [netsleuth] 16500/20000 top1=0.368 top5=0.671 ed=1.894 rr=0.507 (210s)
2026-09-16 13:21:11 INFO [netsleuth] 17000/20000 top1=0.368 top5=0.671 ed=1.892 rr=0.508 (212s)
2026-09-16 13:21:12 INFO [netsleuth] 17500/20000 top1=0.370 top5=0.673 ed=1.886 rr=0.510 (213s)
2026-09-16 13:21:14 INFO [netsleuth] 18000/20000 top1=0.369 top5=0.673 ed=1.885 rr=0.509 (215s)
2026-09-16 13:21:16 INFO [netsleuth] 18500/20000 top1=0.368 top5=0.673 ed=1.887 rr=0.508 (217s)
2026-09-16 13:21:17 INFO [netsleuth] 19000/20000 top1=0.368 top5=0.674 ed=1.885 rr=0.509 (218s)
2026-09-16 13:21:19 INFO [netsleuth] 19500/20000 top1=0.368 top5=0.673 ed=1.889 rr=0.508 (220s)
2026-09-16 13:21:21 INFO [netsleuth] 20000/20000 top1=0.368 top5=0.673 ed=1.891 rr=0.508 (222s)
2026-09-16 13:21:21 INFO RESULT er:2000 netsleuth: top1=0.3684 top3=0.5655 top5=0.6731 ed=1.8914 rr=0.5083 fit=0.0s infer=0.01108s/inst
2026-09-16 13:21:21 INFO === method dmp ===
2026-09-16 13:25:36 INFO [dmp] 500/20000 top1=0.500 top5=0.786 ed=0.884 rr=0.625 (255s)
2026-09-16 13:25:38 INFO [dmp] 1000/20000 top1=0.481 top5=0.790 ed=0.921 rr=0.617 (257s)
2026-09-16 13:25:39 INFO [dmp] 1500/20000 top1=0.472 top5=0.789 ed=0.925 rr=0.611 (258s)
2026-09-16 13:25:41 INFO [dmp] 2000/20000 top1=0.471 top5=0.789 ed=0.924 rr=0.611 (260s)
2026-09-16 13:25:42 INFO [dmp] 2500/20000 top1=0.469 top5=0.794 ed=0.923 rr=0.611 (261s)
2026-09-16 13:25:44 INFO [dmp] 3000/20000 top1=0.467 top5=0.795 ed=0.925 rr=0.609 (263s)
2026-09-16 13:25:46 INFO [dmp] 3500/20000 top1=0.457 top5=0.793 ed=0.936 rr=0.603 (265s)
2026-09-16 13:25:47 INFO [dmp] 4000/20000 top1=0.459 top5=0.796 ed=0.938 rr=0.605 (266s)
2026-09-16 13:25:49 INFO [dmp] 4500/20000 top1=0.458 top5=0.793 ed=0.937 rr=0.604 (268s)
2026-09-16 13:25:51 INFO [dmp] 5000/20000 top1=0.452 top5=0.789 ed=0.949 rr=0.600 (270s)
2026-09-16 13:25:52 INFO [dmp] 5500/20000 top1=0.443 top5=0.788 ed=0.963 rr=0.594 (271s)
2026-09-16 13:25:54 INFO [dmp] 6000/20000 top1=0.447 top5=0.790 ed=0.961 rr=0.596 (273s)
2026-09-16 13:25:55 INFO [dmp] 6500/20000 top1=0.448 top5=0.789 ed=0.961 rr=0.596 (274s)
2026-09-16 13:25:57 INFO [dmp] 7000/20000 top1=0.448 top5=0.789 ed=0.964 rr=0.596 (276s)
2026-09-16 13:25:59 INFO [dmp] 7500/20000 top1=0.445 top5=0.788 ed=0.969 rr=0.594 (278s)
2026-09-16 13:26:00 INFO [dmp] 8000/20000 top1=0.445 top5=0.788 ed=0.971 rr=0.595 (279s)
2026-09-16 13:26:02 INFO [dmp] 8500/20000 top1=0.445 top5=0.788 ed=0.971 rr=0.594 (281s)
2026-09-16 13:26:03 INFO [dmp] 9000/20000 top1=0.445 top5=0.788 ed=0.972 rr=0.595 (282s)
2026-09-16 13:26:05 INFO [dmp] 9500/20000 top1=0.446 top5=0.788 ed=0.969 rr=0.595 (284s)
2026-09-16 13:26:07 INFO [dmp] 10000/20000 top1=0.446 top5=0.788 ed=0.969 rr=0.595 (286s)
2026-09-16 13:26:08 INFO [dmp] 10500/20000 top1=0.446 top5=0.789 ed=0.967 rr=0.595 (287s)
2026-09-16 13:26:10 INFO [dmp] 11000/20000 top1=0.446 top5=0.788 ed=0.968 rr=0.595 (289s)
2026-09-16 13:26:11 INFO [dmp] 11500/20000 top1=0.444 top5=0.787 ed=0.969 rr=0.594 (290s)
2026-09-16 13:26:13 INFO [dmp] 12000/20000 top1=0.444 top5=0.786 ed=0.971 rr=0.593 (292s)
2026-09-16 13:26:15 INFO [dmp] 12500/20000 top1=0.441 top5=0.785 ed=0.974 rr=0.591 (294s)
2026-09-16 13:26:16 INFO [dmp] 13000/20000 top1=0.441 top5=0.786 ed=0.975 rr=0.591 (295s)
2026-09-16 13:26:18 INFO [dmp] 13500/20000 top1=0.443 top5=0.787 ed=0.971 rr=0.593 (297s)
2026-09-16 13:26:19 INFO [dmp] 14000/20000 top1=0.442 top5=0.786 ed=0.974 rr=0.592 (299s)
2026-09-16 13:26:21 INFO [dmp] 14500/20000 top1=0.441 top5=0.786 ed=0.974 rr=0.592 (300s)
2026-09-16 13:26:24 INFO [dmp] 15000/20000 top1=0.440 top5=0.785 ed=0.977 rr=0.590 (303s)
2026-09-16 13:26:25 INFO [dmp] 15500/20000 top1=0.439 top5=0.784 ed=0.977 rr=0.590 (304s)
2026-09-16 13:26:27 INFO [dmp] 16000/20000 top1=0.439 top5=0.784 ed=0.980 rr=0.590 (306s)
2026-09-16 13:26:28 INFO [dmp] 16500/20000 top1=0.437 top5=0.782 ed=0.983 rr=0.588 (307s)
2026-09-16 13:26:30 INFO [dmp] 17000/20000 top1=0.437 top5=0.784 ed=0.981 rr=0.588 (309s)
2026-09-16 13:26:32 INFO [dmp] 17500/20000 top1=0.438 top5=0.784 ed=0.980 rr=0.589 (311s)
2026-09-16 13:26:33 INFO [dmp] 18000/20000 top1=0.437 top5=0.785 ed=0.980 rr=0.589 (312s)
2026-09-16 13:26:35 INFO [dmp] 18500/20000 top1=0.436 top5=0.785 ed=0.981 rr=0.588 (314s)
2026-09-16 13:26:37 INFO [dmp] 19000/20000 top1=0.436 top5=0.785 ed=0.981 rr=0.588 (316s)
2026-09-16 13:26:38 INFO [dmp] 19500/20000 top1=0.436 top5=0.785 ed=0.982 rr=0.588 (317s)
2026-09-16 13:26:40 INFO [dmp] 20000/20000 top1=0.435 top5=0.785 ed=0.983 rr=0.588 (319s)
2026-09-16 13:26:40 INFO RESULT er:2000 dmp: top1=0.4352 top3=0.6809 top5=0.7850 ed=0.9828 rr=0.5876 css=1.28 fit=0.0s infer=0.01595s/inst
2026-09-16 13:26:40 INFO === method sme ===
2026-09-16 13:26:54 INFO [sme] 500/20000 top1=0.386 top5=0.678 ed=1.390 rr=0.523 (14s)
2026-09-16 13:26:56 INFO [sme] 1000/20000 top1=0.372 top5=0.674 ed=1.392 rr=0.514 (15s)
2026-09-16 13:26:57 INFO [sme] 1500/20000 top1=0.368 top5=0.677 ed=1.417 rr=0.511 (17s)
2026-09-16 13:26:59 INFO [sme] 2000/20000 top1=0.373 top5=0.681 ed=1.415 rr=0.517 (19s)
2026-09-16 13:27:01 INFO [sme] 2500/20000 top1=0.370 top5=0.695 ed=1.415 rr=0.518 (20s)
2026-09-16 13:27:02 INFO [sme] 3000/20000 top1=0.368 top5=0.697 ed=1.428 rr=0.518 (22s)
2026-09-16 13:27:04 INFO [sme] 3500/20000 top1=0.364 top5=0.692 ed=1.447 rr=0.513 (24s)
2026-09-16 13:27:05 INFO [sme] 4000/20000 top1=0.363 top5=0.696 ed=1.450 rr=0.513 (25s)
2026-09-16 13:27:07 INFO [sme] 4500/20000 top1=0.363 top5=0.695 ed=1.449 rr=0.513 (27s)
2026-09-16 13:27:09 INFO [sme] 5000/20000 top1=0.361 top5=0.691 ed=1.458 rr=0.510 (29s)
2026-09-16 13:27:10 INFO [sme] 5500/20000 top1=0.357 top5=0.690 ed=1.471 rr=0.507 (30s)
2026-09-16 13:27:12 INFO [sme] 6000/20000 top1=0.359 top5=0.691 ed=1.462 rr=0.508 (32s)
2026-09-16 13:27:14 INFO [sme] 6500/20000 top1=0.362 top5=0.691 ed=1.460 rr=0.510 (33s)
2026-09-16 13:27:15 INFO [sme] 7000/20000 top1=0.364 top5=0.692 ed=1.453 rr=0.511 (35s)
2026-09-16 13:27:17 INFO [sme] 7500/20000 top1=0.364 top5=0.690 ed=1.451 rr=0.511 (37s)
2026-09-16 13:27:19 INFO [sme] 8000/20000 top1=0.367 top5=0.692 ed=1.444 rr=0.513 (38s)
2026-09-16 13:27:20 INFO [sme] 8500/20000 top1=0.365 top5=0.690 ed=1.446 rr=0.511 (40s)
2026-09-16 13:27:22 INFO [sme] 9000/20000 top1=0.365 top5=0.691 ed=1.443 rr=0.512 (42s)
2026-09-16 13:27:23 INFO [sme] 9500/20000 top1=0.367 top5=0.691 ed=1.438 rr=0.513 (43s)
2026-09-16 13:27:25 INFO [sme] 10000/20000 top1=0.368 top5=0.692 ed=1.435 rr=0.514 (45s)
2026-09-16 13:27:27 INFO [sme] 10500/20000 top1=0.367 top5=0.692 ed=1.437 rr=0.514 (47s)
2026-09-16 13:27:28 INFO [sme] 11000/20000 top1=0.368 top5=0.692 ed=1.433 rr=0.515 (48s)
2026-09-16 13:27:30 INFO [sme] 11500/20000 top1=0.369 top5=0.692 ed=1.433 rr=0.515 (50s)
2026-09-16 13:27:31 INFO [sme] 12000/20000 top1=0.369 top5=0.692 ed=1.432 rr=0.516 (51s)
2026-09-16 13:27:33 INFO [sme] 12500/20000 top1=0.368 top5=0.690 ed=1.434 rr=0.515 (53s)
2026-09-16 13:27:35 INFO [sme] 13000/20000 top1=0.368 top5=0.689 ed=1.433 rr=0.514 (55s)
2026-09-16 13:27:36 INFO [sme] 13500/20000 top1=0.370 top5=0.691 ed=1.429 rr=0.516 (56s)
2026-09-16 13:27:38 INFO [sme] 14000/20000 top1=0.370 top5=0.690 ed=1.429 rr=0.516 (58s)
2026-09-16 13:27:40 INFO [sme] 14500/20000 top1=0.370 top5=0.689 ed=1.429 rr=0.516 (59s)
2026-09-16 13:27:41 INFO [sme] 15000/20000 top1=0.370 top5=0.689 ed=1.428 rr=0.515 (61s)
2026-09-16 13:27:43 INFO [sme] 15500/20000 top1=0.370 top5=0.689 ed=1.428 rr=0.515 (63s)
2026-09-16 13:27:44 INFO [sme] 16000/20000 top1=0.368 top5=0.687 ed=1.434 rr=0.513 (64s)
2026-09-16 13:27:46 INFO [sme] 16500/20000 top1=0.365 top5=0.687 ed=1.438 rr=0.511 (66s)
2026-09-16 13:27:48 INFO [sme] 17000/20000 top1=0.366 top5=0.687 ed=1.435 rr=0.512 (67s)
2026-09-16 13:27:49 INFO [sme] 17500/20000 top1=0.367 top5=0.688 ed=1.430 rr=0.513 (69s)
2026-09-16 13:27:51 INFO [sme] 18000/20000 top1=0.365 top5=0.688 ed=1.432 rr=0.512 (71s)
2026-09-16 13:27:53 INFO [sme] 18500/20000 top1=0.365 top5=0.688 ed=1.433 rr=0.512 (73s)
2026-09-16 13:27:55 INFO [sme] 19000/20000 top1=0.366 top5=0.688 ed=1.431 rr=0.512 (74s)
2026-09-16 13:27:56 INFO [sme] 19500/20000 top1=0.365 top5=0.687 ed=1.435 rr=0.512 (76s)
2026-09-16 13:27:58 INFO [sme] 20000/20000 top1=0.366 top5=0.687 ed=1.434 rr=0.512 (78s)
2026-09-16 13:27:58 INFO RESULT er:2000 sme: top1=0.3659 top3=0.5772 top5=0.6867 ed=1.4345 rr=0.5118 css=12.54 fit=0.0s infer=0.00388s/inst
2026-09-16 13:27:58 INFO === method mcs ===
2026-09-16 13:29:11 INFO [mcs] 500/20000 top1=0.422 top5=0.612 ed=1.556 rr=0.522 (72s)
2026-09-16 13:29:13 INFO [mcs] 1000/20000 top1=0.373 top5=0.556 ed=1.729 rr=0.471 (73s)
2026-09-16 13:29:14 INFO [mcs] 1500/20000 top1=0.367 top5=0.561 ed=1.753 rr=0.468 (75s)
2026-09-16 13:29:16 INFO [mcs] 2000/20000 top1=0.374 top5=0.586 ed=1.754 rr=0.481 (76s)
2026-09-16 13:29:17 INFO [mcs] 2500/20000 top1=0.366 top5=0.582 ed=1.766 rr=0.474 (78s)
2026-09-16 13:29:19 INFO [mcs] 3000/20000 top1=0.368 top5=0.588 ed=1.776 rr=0.478 (79s)
2026-09-16 13:29:20 INFO [mcs] 3500/20000 top1=0.357 top5=0.579 ed=1.805 rr=0.469 (81s)
2026-09-16 13:29:22 INFO [mcs] 4000/20000 top1=0.350 top5=0.577 ed=1.830 rr=0.463 (83s)
2026-09-16 13:29:24 INFO [mcs] 4500/20000 top1=0.352 top5=0.582 ed=1.819 rr=0.467 (85s)
2026-09-16 13:29:26 INFO [mcs] 5000/20000 top1=0.348 top5=0.577 ed=1.830 rr=0.462 (86s)
2026-09-16 13:29:27 INFO [mcs] 5500/20000 top1=0.341 top5=0.574 ed=1.864 rr=0.456 (88s)
2026-09-16 13:29:29 INFO [mcs] 6000/20000 top1=0.341 top5=0.576 ed=1.866 rr=0.457 (89s)
2026-09-16 13:29:30 INFO [mcs] 6500/20000 top1=0.344 top5=0.581 ed=1.865 rr=0.462 (91s)
2026-09-16 13:29:32 INFO [mcs] 7000/20000 top1=0.345 top5=0.585 ed=1.854 rr=0.463 (93s)
2026-09-16 13:29:34 INFO [mcs] 7500/20000 top1=0.344 top5=0.585 ed=1.861 rr=0.463 (94s)
2026-09-16 13:29:35 INFO [mcs] 8000/20000 top1=0.344 top5=0.584 ed=1.863 rr=0.462 (96s)
2026-09-16 13:29:37 INFO [mcs] 8500/20000 top1=0.343 top5=0.582 ed=1.862 rr=0.461 (97s)
2026-09-16 13:29:38 INFO [mcs] 9000/20000 top1=0.341 top5=0.582 ed=1.858 rr=0.460 (99s)
2026-09-16 13:29:40 INFO [mcs] 9500/20000 top1=0.342 top5=0.581 ed=1.857 rr=0.460 (101s)
2026-09-16 13:29:42 INFO [mcs] 10000/20000 top1=0.341 top5=0.579 ed=1.863 rr=0.459 (102s)
2026-09-16 13:29:43 INFO [mcs] 10500/20000 top1=0.341 top5=0.581 ed=1.862 rr=0.459 (104s)
2026-09-16 13:29:45 INFO [mcs] 11000/20000 top1=0.342 top5=0.581 ed=1.863 rr=0.459 (106s)
2026-09-16 13:29:47 INFO [mcs] 11500/20000 top1=0.342 top5=0.581 ed=1.861 rr=0.460 (107s)
2026-09-16 13:29:48 INFO [mcs] 12000/20000 top1=0.341 top5=0.578 ed=1.865 rr=0.458 (109s)
2026-09-16 13:29:50 INFO [mcs] 12500/20000 top1=0.337 top5=0.574 ed=1.876 rr=0.454 (111s)
2026-09-16 13:29:52 INFO [mcs] 13000/20000 top1=0.337 top5=0.574 ed=1.878 rr=0.454 (112s)
2026-09-16 13:29:53 INFO [mcs] 13500/20000 top1=0.338 top5=0.575 ed=1.871 rr=0.455 (114s)
2026-09-16 13:29:55 INFO [mcs] 14000/20000 top1=0.337 top5=0.573 ed=1.876 rr=0.454 (116s)
2026-09-16 13:29:57 INFO [mcs] 14500/20000 top1=0.337 top5=0.573 ed=1.877 rr=0.453 (117s)
2026-09-16 13:29:58 INFO [mcs] 15000/20000 top1=0.338 top5=0.574 ed=1.873 rr=0.454 (119s)
2026-09-16 13:30:00 INFO [mcs] 15500/20000 top1=0.338 top5=0.575 ed=1.872 rr=0.455 (121s)
2026-09-16 13:30:02 INFO [mcs] 16000/20000 top1=0.337 top5=0.573 ed=1.877 rr=0.454 (122s)
2026-09-16 13:30:03 INFO [mcs] 16500/20000 top1=0.336 top5=0.572 ed=1.878 rr=0.453 (124s)
2026-09-16 13:30:05 INFO [mcs] 17000/20000 top1=0.337 top5=0.572 ed=1.878 rr=0.453 (125s)
2026-09-16 13:30:07 INFO [mcs] 17500/20000 top1=0.338 top5=0.575 ed=1.872 rr=0.455 (127s)
2026-09-16 13:30:08 INFO [mcs] 18000/20000 top1=0.336 top5=0.575 ed=1.872 rr=0.454 (129s)
2026-09-16 13:30:10 INFO [mcs] 18500/20000 top1=0.335 top5=0.574 ed=1.871 rr=0.453 (130s)
2026-09-16 13:30:11 INFO [mcs] 19000/20000 top1=0.337 top5=0.576 ed=1.867 rr=0.455 (132s)
2026-09-16 13:30:13 INFO [mcs] 19500/20000 top1=0.336 top5=0.574 ed=1.872 rr=0.454 (134s)
2026-09-16 13:30:15 INFO [mcs] 20000/20000 top1=0.337 top5=0.574 ed=1.873 rr=0.454 (135s)
2026-09-16 13:30:15 INFO RESULT er:2000 mcs: top1=0.3370 top3=0.4929 top5=0.5740 ed=1.8725 rr=0.4539 css=1.28 fit=1.3s infer=0.00676s/inst
2026-09-16 13:30:15 INFO === method mlp ===
2026-09-16 13:30:38 INFO [mlp] epoch 1 val_loss=2.7096 val_acc=0.3073 (22s)
2026-09-16 13:33:49 INFO [mlp] epoch 10 val_loss=2.4335 val_acc=0.3445 (213s)
2026-09-16 13:37:56 INFO [mlp] epoch 20 val_loss=2.4315 val_acc=0.3445 (460s)
2026-09-16 13:42:20 INFO [mlp] epoch 30 val_loss=2.4314 val_acc=0.3445 (724s)
2026-09-16 13:42:20 INFO [mlp] trained 30 epochs, best val_loss=2.4314, 724s
2026-09-16 13:42:29 INFO [mlp] 500/20000 top1=0.362 top5=0.648 ed=1.488 rr=0.460 (9s)
2026-09-16 13:42:30 INFO [mlp] 1000/20000 top1=0.352 top5=0.640 ed=1.569 rr=0.445 (10s)
2026-09-16 13:42:32 INFO [mlp] 1500/20000 top1=0.352 top5=0.641 ed=1.568 rr=0.447 (12s)
2026-09-16 13:42:33 INFO [mlp] 2000/20000 top1=0.358 top5=0.646 ed=1.575 rr=0.453 (13s)
2026-09-16 13:42:35 INFO [mlp] 2500/20000 top1=0.358 top5=0.648 ed=1.594 rr=0.452 (15s)
2026-09-16 13:42:36 INFO [mlp] 3000/20000 top1=0.359 top5=0.643 ed=1.596 rr=0.449 (17s)
2026-09-16 13:42:38 INFO [mlp] 3500/20000 top1=0.353 top5=0.635 ed=1.616 rr=0.444 (18s)
2026-09-16 13:42:40 INFO [mlp] 4000/20000 top1=0.349 top5=0.634 ed=1.614 rr=0.440 (20s)
2026-09-16 13:42:41 INFO [mlp] 4500/20000 top1=0.346 top5=0.632 ed=1.618 rr=0.439 (21s)
2026-09-16 13:42:43 INFO [mlp] 5000/20000 top1=0.344 top5=0.630 ed=1.637 rr=0.435 (23s)
2026-09-16 13:42:44 INFO [mlp] 5500/20000 top1=0.341 top5=0.627 ed=1.659 rr=0.431 (25s)
2026-09-16 13:42:46 INFO [mlp] 6000/20000 top1=0.341 top5=0.629 ed=1.657 rr=0.431 (26s)
2026-09-16 13:42:48 INFO [mlp] 6500/20000 top1=0.343 top5=0.631 ed=1.650 rr=0.433 (28s)
2026-09-16 13:42:49 INFO [mlp] 7000/20000 top1=0.344 top5=0.633 ed=1.644 rr=0.435 (30s)
2026-09-16 13:42:51 INFO [mlp] 7500/20000 top1=0.342 top5=0.631 ed=1.652 rr=0.432 (31s)
2026-09-16 13:42:53 INFO [mlp] 8000/20000 top1=0.343 top5=0.633 ed=1.646 rr=0.434 (33s)
2026-09-16 13:42:54 INFO [mlp] 8500/20000 top1=0.343 top5=0.634 ed=1.647 rr=0.433 (34s)
2026-09-16 13:42:56 INFO [mlp] 9000/20000 top1=0.344 top5=0.634 ed=1.645 rr=0.434 (36s)
2026-09-16 13:42:58 INFO [mlp] 9500/20000 top1=0.345 top5=0.636 ed=1.640 rr=0.435 (38s)
2026-09-16 13:42:59 INFO [mlp] 10000/20000 top1=0.344 top5=0.635 ed=1.637 rr=0.435 (39s)
2026-09-16 13:43:01 INFO [mlp] 10500/20000 top1=0.345 top5=0.634 ed=1.634 rr=0.435 (41s)
2026-09-16 13:43:02 INFO [mlp] 11000/20000 top1=0.346 top5=0.636 ed=1.631 rr=0.436 (43s)
2026-09-16 13:43:04 INFO [mlp] 11500/20000 top1=0.346 top5=0.637 ed=1.629 rr=0.436 (44s)
2026-09-16 13:43:06 INFO [mlp] 12000/20000 top1=0.346 top5=0.637 ed=1.632 rr=0.436 (46s)
2026-09-16 13:43:07 INFO [mlp] 12500/20000 top1=0.345 top5=0.634 ed=1.636 rr=0.434 (48s)
2026-09-16 13:43:09 INFO [mlp] 13000/20000 top1=0.346 top5=0.635 ed=1.638 rr=0.435 (49s)
2026-09-16 13:43:11 INFO [mlp] 13500/20000 top1=0.346 top5=0.637 ed=1.635 rr=0.435 (51s)
2026-09-16 13:43:12 INFO [mlp] 14000/20000 top1=0.346 top5=0.637 ed=1.635 rr=0.435 (52s)
2026-09-16 13:43:14 INFO [mlp] 14500/20000 top1=0.346 top5=0.638 ed=1.635 rr=0.435 (54s)
2026-09-16 13:43:16 INFO [mlp] 15000/20000 top1=0.346 top5=0.639 ed=1.633 rr=0.435 (56s)
2026-09-16 13:43:17 INFO [mlp] 15500/20000 top1=0.347 top5=0.640 ed=1.628 rr=0.436 (57s)
2026-09-16 13:43:19 INFO [mlp] 16000/20000 top1=0.346 top5=0.639 ed=1.633 rr=0.434 (59s)
2026-09-16 13:43:21 INFO [mlp] 16500/20000 top1=0.344 top5=0.637 ed=1.636 rr=0.433 (61s)
2026-09-16 13:43:22 INFO [mlp] 17000/20000 top1=0.344 top5=0.637 ed=1.639 rr=0.433 (63s)
2026-09-16 13:43:24 INFO [mlp] 17500/20000 top1=0.345 top5=0.639 ed=1.635 rr=0.434 (64s)
2026-09-16 13:43:26 INFO [mlp] 18000/20000 top1=0.343 top5=0.639 ed=1.634 rr=0.433 (66s)
2026-09-16 13:43:27 INFO [mlp] 18500/20000 top1=0.343 top5=0.639 ed=1.636 rr=0.433 (68s)
2026-09-16 13:43:29 INFO [mlp] 19000/20000 top1=0.344 top5=0.640 ed=1.631 rr=0.434 (69s)
2026-09-16 13:43:31 INFO [mlp] 19500/20000 top1=0.344 top5=0.639 ed=1.632 rr=0.433 (71s)
2026-09-16 13:43:32 INFO [mlp] 20000/20000 top1=0.343 top5=0.639 ed=1.631 rr=0.433 (73s)
2026-09-16 13:43:32 INFO RESULT er:2000 mlp: top1=0.3434 top3=0.5367 top5=0.6387 ed=1.6312 rr=0.4327 css=18.96 fit=724.9s infer=0.00363s/inst
2026-09-16 13:43:32 INFO === method gcn ===
2026-09-16 13:44:01 INFO [gcn] epoch 1 val_loss=6.0030 val_acc=0.1835 (29s)
2026-09-16 13:50:39 INFO [gcn] epoch 10 val_loss=2.4139 val_acc=0.3512 (427s)
2026-09-16 14:04:51 INFO [gcn] epoch 20 val_loss=2.3710 val_acc=0.3585 (1278s)
2026-09-16 14:10:02 INFO [gcn] epoch 30 val_loss=2.3145 val_acc=0.3670 (1590s)
2026-09-16 14:15:26 INFO [gcn] epoch 40 val_loss=2.2731 val_acc=0.3707 (1914s)
2026-09-16 14:20:47 INFO [gcn] epoch 50 val_loss=2.2305 val_acc=0.3742 (2235s)
2026-09-16 14:25:43 INFO [gcn] epoch 60 val_loss=2.1838 val_acc=0.3873 (2531s)
2026-09-16 14:30:41 INFO [gcn] epoch 70 val_loss=2.1258 val_acc=0.3905 (2829s)
2026-09-16 14:35:58 INFO [gcn] epoch 80 val_loss=2.0757 val_acc=0.4055 (3146s)
2026-09-16 14:41:13 INFO [gcn] epoch 90 val_loss=2.0345 val_acc=0.4092 (3461s)
2026-09-16 14:46:39 INFO [gcn] epoch 100 val_loss=2.0224 val_acc=0.4157 (3786s)
2026-09-16 14:51:49 INFO [gcn] epoch 110 val_loss=2.0327 val_acc=0.4172 (4097s)
2026-09-16 14:52:19 INFO [gcn] trained 111 epochs, best val_loss=2.0159, 4126s
2026-09-16 14:52:35 INFO [gcn] 500/20000 top1=0.444 top5=0.802 ed=1.006 rr=0.603 (17s)
2026-09-16 14:52:37 INFO [gcn] 1000/20000 top1=0.434 top5=0.817 ed=1.018 rr=0.598 (18s)
2026-09-16 14:52:39 INFO [gcn] 1500/20000 top1=0.431 top5=0.810 ed=1.014 rr=0.593 (20s)
2026-09-16 14:52:40 INFO [gcn] 2000/20000 top1=0.449 top5=0.819 ed=0.994 rr=0.608 (22s)
2026-09-16 14:52:42 INFO [gcn] 2500/20000 top1=0.451 top5=0.824 ed=0.976 rr=0.612 (23s)
2026-09-16 14:52:43 INFO [gcn] 3000/20000 top1=0.450 top5=0.823 ed=0.985 rr=0.610 (25s)
2026-09-16 14:52:45 INFO [gcn] 3500/20000 top1=0.448 top5=0.821 ed=0.994 rr=0.608 (26s)
2026-09-16 14:52:47 INFO [gcn] 4000/20000 top1=0.445 top5=0.821 ed=0.996 rr=0.607 (28s)
2026-09-16 14:52:48 INFO [gcn] 4500/20000 top1=0.445 top5=0.819 ed=0.998 rr=0.606 (30s)
2026-09-16 14:52:50 INFO [gcn] 5000/20000 top1=0.442 top5=0.817 ed=1.006 rr=0.603 (32s)
2026-09-16 14:52:52 INFO [gcn] 5500/20000 top1=0.439 top5=0.819 ed=1.010 rr=0.601 (33s)
2026-09-16 14:52:54 INFO [gcn] 6000/20000 top1=0.442 top5=0.820 ed=1.008 rr=0.604 (35s)
2026-09-16 14:52:55 INFO [gcn] 6500/20000 top1=0.445 top5=0.822 ed=1.004 rr=0.606 (37s)
2026-09-16 14:52:57 INFO [gcn] 7000/20000 top1=0.446 top5=0.824 ed=1.004 rr=0.606 (38s)
2026-09-16 14:52:59 INFO [gcn] 7500/20000 top1=0.444 top5=0.824 ed=1.004 rr=0.605 (40s)
2026-09-16 14:53:00 INFO [gcn] 8000/20000 top1=0.445 top5=0.825 ed=1.003 rr=0.606 (42s)
2026-09-16 14:53:02 INFO [gcn] 8500/20000 top1=0.444 top5=0.823 ed=1.006 rr=0.605 (43s)
2026-09-16 14:53:04 INFO [gcn] 9000/20000 top1=0.444 top5=0.825 ed=1.005 rr=0.606 (45s)
2026-09-16 14:53:05 INFO [gcn] 9500/20000 top1=0.445 top5=0.826 ed=1.002 rr=0.606 (47s)
2026-09-16 14:53:07 INFO [gcn] 10000/20000 top1=0.446 top5=0.825 ed=1.000 rr=0.607 (48s)
2026-09-16 14:53:09 INFO [gcn] 10500/20000 top1=0.448 top5=0.827 ed=0.996 rr=0.608 (50s)
2026-09-16 14:53:10 INFO [gcn] 11000/20000 top1=0.450 top5=0.828 ed=0.993 rr=0.610 (52s)
2026-09-16 14:53:12 INFO [gcn] 11500/20000 top1=0.452 top5=0.828 ed=0.991 rr=0.611 (53s)
2026-09-16 14:53:14 INFO [gcn] 12000/20000 top1=0.450 top5=0.827 ed=0.998 rr=0.609 (55s)
2026-09-16 14:53:15 INFO [gcn] 12500/20000 top1=0.447 top5=0.825 ed=1.003 rr=0.607 (57s)
2026-09-16 14:53:17 INFO [gcn] 13000/20000 top1=0.446 top5=0.826 ed=1.002 rr=0.607 (58s)
2026-09-16 14:53:18 INFO [gcn] 13500/20000 top1=0.446 top5=0.827 ed=1.000 rr=0.607 (60s)
2026-09-16 14:53:20 INFO [gcn] 14000/20000 top1=0.446 top5=0.826 ed=1.002 rr=0.607 (62s)
2026-09-16 14:53:22 INFO [gcn] 14500/20000 top1=0.446 top5=0.826 ed=1.003 rr=0.607 (63s)
2026-09-16 14:53:24 INFO [gcn] 15000/20000 top1=0.446 top5=0.826 ed=1.003 rr=0.607 (65s)
2026-09-16 14:53:25 INFO [gcn] 15500/20000 top1=0.447 top5=0.827 ed=1.000 rr=0.608 (67s)
2026-09-16 14:53:27 INFO [gcn] 16000/20000 top1=0.445 top5=0.825 ed=1.005 rr=0.606 (68s)
2026-09-16 14:53:28 INFO [gcn] 16500/20000 top1=0.444 top5=0.825 ed=1.007 rr=0.606 (70s)
2026-09-16 14:53:30 INFO [gcn] 17000/20000 top1=0.443 top5=0.825 ed=1.008 rr=0.605 (72s)
2026-09-16 14:53:32 INFO [gcn] 17500/20000 top1=0.444 top5=0.826 ed=1.006 rr=0.606 (73s)
2026-09-16 14:53:33 INFO [gcn] 18000/20000 top1=0.444 top5=0.826 ed=1.006 rr=0.606 (75s)
2026-09-16 14:53:35 INFO [gcn] 18500/20000 top1=0.444 top5=0.826 ed=1.007 rr=0.606 (77s)
2026-09-16 14:53:37 INFO [gcn] 19000/20000 top1=0.445 top5=0.826 ed=1.004 rr=0.607 (78s)
2026-09-16 14:53:38 INFO [gcn] 19500/20000 top1=0.444 top5=0.825 ed=1.006 rr=0.606 (80s)
2026-09-16 14:53:40 INFO [gcn] 20000/20000 top1=0.444 top5=0.825 ed=1.006 rr=0.606 (81s)
2026-09-16 14:53:40 INFO RESULT er:2000 gcn: top1=0.4437 top3=0.7095 top5=0.8254 ed=1.0057 rr=0.6055 css=8.33 fit=4126.1s infer=0.00407s/inst
2026-09-16 14:53:40 INFO === method gcn_skip ===
2026-09-16 14:54:18 INFO [gcn_skip] epoch 1 val_loss=2.4349 val_acc=0.4080 (38s)
2026-09-16 15:00:05 INFO [gcn_skip] epoch 10 val_loss=2.0615 val_acc=0.4545 (385s)
2026-09-16 15:06:38 INFO [gcn_skip] epoch 20 val_loss=1.8659 val_acc=0.4492 (778s)
2026-09-16 15:13:00 INFO [gcn_skip] epoch 30 val_loss=1.7637 val_acc=0.4570 (1160s)
2026-09-16 15:19:44 INFO [gcn_skip] epoch 40 val_loss=1.7580 val_acc=0.4582 (1564s)
2026-09-16 15:26:45 INFO [gcn_skip] epoch 50 val_loss=1.7414 val_acc=0.4615 (1985s)
2026-09-16 15:28:49 INFO [gcn_skip] trained 53 epochs, best val_loss=1.7399, 2109s
2026-09-16 15:29:09 INFO [gcn_skip] 500/20000 top1=0.502 top5=0.842 ed=0.838 rr=0.647 (20s)
2026-09-16 15:29:11 INFO [gcn_skip] 1000/20000 top1=0.472 top5=0.841 ed=0.884 rr=0.631 (22s)
2026-09-16 15:29:13 INFO [gcn_skip] 1500/20000 top1=0.462 top5=0.843 ed=0.896 rr=0.623 (24s)
2026-09-16 15:29:15 INFO [gcn_skip] 2000/20000 top1=0.478 top5=0.850 ed=0.880 rr=0.636 (26s)
2026-09-16 15:29:16 INFO [gcn_skip] 2500/20000 top1=0.483 top5=0.856 ed=0.863 rr=0.640 (27s)
2026-09-16 15:29:18 INFO [gcn_skip] 3000/20000 top1=0.485 top5=0.853 ed=0.869 rr=0.640 (29s)
2026-09-16 15:29:20 INFO [gcn_skip] 3500/20000 top1=0.485 top5=0.853 ed=0.873 rr=0.640 (31s)
2026-09-16 15:29:22 INFO [gcn_skip] 4000/20000 top1=0.481 top5=0.854 ed=0.882 rr=0.638 (33s)
2026-09-16 15:29:24 INFO [gcn_skip] 4500/20000 top1=0.481 top5=0.852 ed=0.888 rr=0.637 (35s)
2026-09-16 15:29:25 INFO [gcn_skip] 5000/20000 top1=0.477 top5=0.850 ed=0.899 rr=0.634 (36s)
2026-09-16 15:29:27 INFO [gcn_skip] 5500/20000 top1=0.472 top5=0.850 ed=0.905 rr=0.631 (38s)
2026-09-16 15:29:29 INFO [gcn_skip] 6000/20000 top1=0.475 top5=0.851 ed=0.903 rr=0.634 (40s)
2026-09-16 15:29:31 INFO [gcn_skip] 6500/20000 top1=0.478 top5=0.852 ed=0.900 rr=0.635 (42s)
2026-09-16 15:29:33 INFO [gcn_skip] 7000/20000 top1=0.480 top5=0.853 ed=0.899 rr=0.637 (44s)
2026-09-16 15:29:34 INFO [gcn_skip] 7500/20000 top1=0.477 top5=0.854 ed=0.902 rr=0.635 (45s)
2026-09-16 15:29:36 INFO [gcn_skip] 8000/20000 top1=0.478 top5=0.854 ed=0.899 rr=0.636 (47s)
2026-09-16 15:29:38 INFO [gcn_skip] 8500/20000 top1=0.478 top5=0.852 ed=0.901 rr=0.635 (49s)
2026-09-16 15:29:40 INFO [gcn_skip] 9000/20000 top1=0.478 top5=0.853 ed=0.901 rr=0.635 (51s)
2026-09-16 15:29:42 INFO [gcn_skip] 9500/20000 top1=0.478 top5=0.855 ed=0.901 rr=0.636 (53s)
2026-09-16 15:29:44 INFO [gcn_skip] 10000/20000 top1=0.479 top5=0.854 ed=0.901 rr=0.636 (55s)
2026-09-16 15:29:46 INFO [gcn_skip] 10500/20000 top1=0.479 top5=0.855 ed=0.899 rr=0.636 (57s)
2026-09-16 15:29:47 INFO [gcn_skip] 11000/20000 top1=0.477 top5=0.855 ed=0.900 rr=0.636 (58s)
2026-09-16 15:29:49 INFO [gcn_skip] 11500/20000 top1=0.477 top5=0.855 ed=0.901 rr=0.635 (60s)
2026-09-16 15:29:51 INFO [gcn_skip] 12000/20000 top1=0.475 top5=0.854 ed=0.906 rr=0.634 (62s)
2026-09-16 15:29:53 INFO [gcn_skip] 12500/20000 top1=0.473 top5=0.853 ed=0.909 rr=0.633 (64s)
2026-09-16 15:29:55 INFO [gcn_skip] 13000/20000 top1=0.474 top5=0.853 ed=0.908 rr=0.633 (66s)
2026-09-16 15:29:57 INFO [gcn_skip] 13500/20000 top1=0.475 top5=0.854 ed=0.907 rr=0.634 (68s)
2026-09-16 15:29:59 INFO [gcn_skip] 14000/20000 top1=0.473 top5=0.853 ed=0.908 rr=0.633 (70s)
2026-09-16 15:30:00 INFO [gcn_skip] 14500/20000 top1=0.472 top5=0.853 ed=0.909 rr=0.632 (71s)
2026-09-16 15:30:02 INFO [gcn_skip] 15000/20000 top1=0.471 top5=0.853 ed=0.911 rr=0.632 (73s)
2026-09-16 15:30:04 INFO [gcn_skip] 15500/20000 top1=0.472 top5=0.854 ed=0.908 rr=0.632 (75s)
2026-09-16 15:30:06 INFO [gcn_skip] 16000/20000 top1=0.471 top5=0.853 ed=0.911 rr=0.631 (77s)
2026-09-16 15:30:08 INFO [gcn_skip] 16500/20000 top1=0.469 top5=0.852 ed=0.914 rr=0.630 (79s)
2026-09-16 15:30:10 INFO [gcn_skip] 17000/20000 top1=0.470 top5=0.853 ed=0.913 rr=0.631 (81s)
2026-09-16 15:30:11 INFO [gcn_skip] 17500/20000 top1=0.471 top5=0.854 ed=0.911 rr=0.631 (82s)
2026-09-16 15:30:13 INFO [gcn_skip] 18000/20000 top1=0.469 top5=0.854 ed=0.912 rr=0.631 (84s)
2026-09-16 15:30:15 INFO [gcn_skip] 18500/20000 top1=0.468 top5=0.853 ed=0.913 rr=0.630 (86s)
2026-09-16 15:30:17 INFO [gcn_skip] 19000/20000 top1=0.469 top5=0.853 ed=0.911 rr=0.630 (88s)
2026-09-16 15:30:19 INFO [gcn_skip] 19500/20000 top1=0.469 top5=0.853 ed=0.911 rr=0.630 (90s)
2026-09-16 15:30:21 INFO [gcn_skip] 20000/20000 top1=0.469 top5=0.853 ed=0.910 rr=0.631 (92s)
2026-09-16 15:30:21 INFO RESULT er:2000 gcn_skip: top1=0.4693 top3=0.7426 top5=0.8528 ed=0.9103 rr=0.6305 css=6.89 fit=2108.9s infer=0.00460s/inst
2026-09-16 15:30:21 INFO === method igcn ===
2026-09-16 15:32:50 INFO [igcn] epoch 1 val_loss=5.7204 val_acc=0.0873 (149s)
2026-09-16 15:53:32 INFO [igcn] epoch 10 val_loss=3.0944 val_acc=0.4187 (1391s)
2026-09-16 16:16:14 INFO [igcn] epoch 20 val_loss=2.0057 val_acc=0.4348 (2753s)
2026-09-16 16:37:07 INFO [igcn] epoch 30 val_loss=1.9491 val_acc=0.4353 (4006s)
2026-09-16 16:57:40 INFO [igcn] epoch 40 val_loss=1.9297 val_acc=0.4328 (5239s)
2026-09-16 17:18:02 INFO [igcn] epoch 50 val_loss=1.9265 val_acc=0.4335 (6461s)
2026-09-16 17:38:26 INFO [igcn] epoch 60 val_loss=1.9152 val_acc=0.4347 (7685s)
2026-09-16 17:54:33 INFO [igcn] trained 68 epochs, best val_loss=1.9084, 8652s
2026-09-16 17:55:20 INFO [igcn] 500/20000 top1=0.496 top5=0.790 ed=1.018 rr=0.624 (47s)
2026-09-16 17:55:22 INFO [igcn] 1000/20000 top1=0.472 top5=0.795 ed=1.076 rr=0.614 (48s)
2026-09-16 17:55:23 INFO [igcn] 1500/20000 top1=0.463 top5=0.800 ed=1.115 rr=0.609 (50s)
2026-09-16 17:55:25 INFO [igcn] 2000/20000 top1=0.474 top5=0.816 ed=1.081 rr=0.622 (52s)
2026-09-16 17:55:27 INFO [igcn] 2500/20000 top1=0.468 top5=0.821 ed=1.083 rr=0.621 (53s)
2026-09-16 17:55:28 INFO [igcn] 3000/20000 top1=0.464 top5=0.818 ed=1.089 rr=0.617 (55s)
2026-09-16 17:55:30 INFO [igcn] 3500/20000 top1=0.465 top5=0.817 ed=1.089 rr=0.617 (56s)
2026-09-16 17:55:31 INFO [igcn] 4000/20000 top1=0.459 top5=0.816 ed=1.100 rr=0.613 (58s)
2026-09-16 17:55:33 INFO [igcn] 4500/20000 top1=0.455 top5=0.815 ed=1.109 rr=0.610 (59s)
2026-09-16 17:55:34 INFO [igcn] 5000/20000 top1=0.451 top5=0.814 ed=1.123 rr=0.607 (61s)
2026-09-16 17:55:36 INFO [igcn] 5500/20000 top1=0.442 top5=0.811 ed=1.141 rr=0.600 (63s)
2026-09-16 17:55:38 INFO [igcn] 6000/20000 top1=0.442 top5=0.811 ed=1.145 rr=0.600 (64s)
2026-09-16 17:55:39 INFO [igcn] 6500/20000 top1=0.444 top5=0.814 ed=1.141 rr=0.603 (66s)
2026-09-16 17:55:41 INFO [igcn] 7000/20000 top1=0.447 top5=0.815 ed=1.141 rr=0.605 (67s)
2026-09-16 17:55:42 INFO [igcn] 7500/20000 top1=0.443 top5=0.816 ed=1.148 rr=0.603 (69s)
2026-09-16 17:55:44 INFO [igcn] 8000/20000 top1=0.443 top5=0.817 ed=1.145 rr=0.603 (71s)
2026-09-16 17:55:46 INFO [igcn] 8500/20000 top1=0.441 top5=0.814 ed=1.151 rr=0.601 (72s)
2026-09-16 17:55:47 INFO [igcn] 9000/20000 top1=0.442 top5=0.816 ed=1.152 rr=0.602 (74s)
2026-09-16 17:55:49 INFO [igcn] 9500/20000 top1=0.443 top5=0.815 ed=1.148 rr=0.603 (75s)
2026-09-16 17:55:50 INFO [igcn] 10000/20000 top1=0.444 top5=0.814 ed=1.149 rr=0.602 (77s)
2026-09-16 17:55:52 INFO [igcn] 10500/20000 top1=0.443 top5=0.814 ed=1.149 rr=0.602 (79s)
2026-09-16 17:55:54 INFO [igcn] 11000/20000 top1=0.444 top5=0.814 ed=1.146 rr=0.603 (80s)
2026-09-16 17:55:55 INFO [igcn] 11500/20000 top1=0.442 top5=0.813 ed=1.148 rr=0.602 (82s)
2026-09-16 17:55:57 INFO [igcn] 12000/20000 top1=0.443 top5=0.813 ed=1.152 rr=0.602 (83s)
2026-09-16 17:55:58 INFO [igcn] 12500/20000 top1=0.440 top5=0.811 ed=1.157 rr=0.600 (85s)
2026-09-16 17:56:00 INFO [igcn] 13000/20000 top1=0.441 top5=0.811 ed=1.155 rr=0.600 (87s)
2026-09-16 17:56:01 INFO [igcn] 13500/20000 top1=0.442 top5=0.812 ed=1.153 rr=0.601 (88s)
2026-09-16 17:56:03 INFO [igcn] 14000/20000 top1=0.441 top5=0.812 ed=1.155 rr=0.601 (90s)
2026-09-16 17:56:05 INFO [igcn] 14500/20000 top1=0.440 top5=0.812 ed=1.156 rr=0.601 (91s)
2026-09-16 17:56:06 INFO [igcn] 15000/20000 top1=0.440 top5=0.813 ed=1.156 rr=0.601 (93s)
2026-09-16 17:56:08 INFO [igcn] 15500/20000 top1=0.441 top5=0.814 ed=1.152 rr=0.601 (94s)
2026-09-16 17:56:09 INFO [igcn] 16000/20000 top1=0.440 top5=0.813 ed=1.154 rr=0.600 (96s)
2026-09-16 17:56:11 INFO [igcn] 16500/20000 top1=0.437 top5=0.813 ed=1.159 rr=0.598 (98s)
2026-09-16 17:56:13 INFO [igcn] 17000/20000 top1=0.438 top5=0.812 ed=1.158 rr=0.599 (99s)
2026-09-16 17:56:14 INFO [igcn] 17500/20000 top1=0.439 top5=0.814 ed=1.154 rr=0.600 (101s)
2026-09-16 17:56:16 INFO [igcn] 18000/20000 top1=0.437 top5=0.815 ed=1.156 rr=0.599 (102s)
2026-09-16 17:56:17 INFO [igcn] 18500/20000 top1=0.436 top5=0.814 ed=1.158 rr=0.598 (104s)
2026-09-16 17:56:19 INFO [igcn] 19000/20000 top1=0.437 top5=0.814 ed=1.155 rr=0.599 (106s)
2026-09-16 17:56:21 INFO [igcn] 19500/20000 top1=0.437 top5=0.814 ed=1.156 rr=0.598 (107s)
2026-09-16 17:56:22 INFO [igcn] 20000/20000 top1=0.437 top5=0.814 ed=1.157 rr=0.599 (109s)
2026-09-16 17:56:22 INFO RESULT er:2000 igcn: top1=0.4372 top3=0.7009 top5=0.8136 ed=1.1568 rr=0.5985 css=10.28 fit=8652.4s infer=0.00545s/inst
2026-09-16 17:56:22 INFO run source_er-2000_20260916T131120Z_5082 finished in 17102.8s
