2026-09-16 03:08:13 INFO run sequential_powergrid_block_20260916T030813Z_0333 started, dir=/home/user/trace_e/results/runs/sequential_powergrid_block_20260916T030813Z_0333
2026-09-16 03:08:13 INFO network powergrid: {'n_nodes': 4941, 'n_edges': 6594, 'avg_degree': 2.66909532483303, 'n_components': 1, 'lcc_size': 4941}
2026-09-16 03:08:14 INFO calibrated growth on 300 benign cascades (seeds=1): threshold=4 (0.1s)
2026-09-16 03:08:14 INFO calibrated excess on 300 benign cascades (seeds=1): threshold=1.384 (0.1s)
2026-09-16 03:08:15 INFO calibrated logistic on 150 benign cascades (train acc 0.966): threshold=0.9468 (1.4s)
2026-09-16 03:08:15 INFO calibrated cusum on 300 benign cascades (seeds=1): threshold=1.946 (0.1s)
2026-09-16 03:08:16 INFO calibrated size on 300 benign cascades (seeds=1): threshold=12 (0.1s)
2026-09-16 03:08:16 INFO === eprocess + none ===
2026-09-16 03:08:17 INFO RESULT powergrid eprocess+none: FA=0.003 det=0.877 delay=2.16 harm@alarm=15.605 harm_final=1942.287 (cf 2005.597) saved=0.0316 benign_loss=0.0 kappa_mae=0.445 (2s)
2026-09-16 03:08:17 INFO === sprt + none ===
2026-09-16 03:08:19 INFO RESULT powergrid sprt+none: FA=0.023 det=0.840 delay=1.77 harm@alarm=13.992 harm_final=1942.287 (cf 2005.597) saved=0.0316 benign_loss=0.0 kappa_mae=0.749 (1s)
2026-09-16 03:08:19 INFO === cusum + none ===
2026-09-16 03:08:20 INFO RESULT powergrid cusum+none: FA=0.127 det=0.930 delay=1.595 harm@alarm=11.763 harm_final=1942.287 (cf 2005.597) saved=0.0316 benign_loss=0.0 kappa_mae=0.704 (1s)
2026-09-16 03:08:20 INFO === size + none ===
2026-09-16 03:08:22 INFO RESULT powergrid size+none: FA=0.303 det=0.940 delay=2.23 harm@alarm=17.702 harm_final=1942.287 (cf 2005.597) saved=0.0316 benign_loss=0.0 kappa_mae=1.561 (2s)
2026-09-16 03:08:22 INFO === growth + none ===
2026-09-16 03:08:24 INFO RESULT powergrid growth+none: FA=0.270 det=0.900 delay=1.522 harm@alarm=11.926 harm_final=1942.287 (cf 2005.597) saved=0.0316 benign_loss=0.0 kappa_mae=1.596 (2s)
2026-09-16 03:08:24 INFO === excess + none ===
2026-09-16 03:08:25 INFO RESULT powergrid excess+none: FA=0.063 det=0.913 delay=1.639 harm@alarm=11.949 harm_final=1942.287 (cf 2005.597) saved=0.0316 benign_loss=0.0 kappa_mae=1.586 (2s)
2026-09-16 03:08:25 INFO === logistic + none ===
2026-09-16 03:08:27 INFO RESULT powergrid logistic+none: FA=0.010 det=0.830 delay=2.494 harm@alarm=17.924 harm_final=1942.287 (cf 2005.597) saved=0.0316 benign_loss=0.0 kappa_mae=1.675 (2s)
2026-09-16 03:08:27 INFO === never + none ===
2026-09-16 03:08:30 INFO RESULT powergrid never+none: FA=0.000 det=0.000 delay= harm@alarm= harm_final=1942.287 (cf 2005.597) saved=0.0316 benign_loss=0.0 kappa_mae= (3s)
2026-09-16 03:08:30 INFO === immediate + none ===
2026-09-16 03:08:32 INFO RESULT powergrid immediate+none: FA=1.000 det=1.000 delay=1.0 harm@alarm=8.877 harm_final=1942.287 (cf 2005.597) saved=0.0316 benign_loss=0.0 kappa_mae=1.514 (2s)
2026-09-16 03:08:32 INFO run sequential_powergrid_block_20260916T030813Z_0333 finished in 18.7s
