2026-09-16 02:14:51 INFO run source_karate_20260916T021451Z_3177 started, dir=/home/user/trace_e/results/runs/source_karate_20260916T021451Z_3177
2026-09-16 02:14:51 INFO network karate: {'n_nodes': 34, 'n_edges': 77, 'avg_degree': 4.529411764705882, 'n_components': 1, 'lcc_size': 34}
2026-09-16 02:14:52 INFO train: 340 outbreaks, avg size 14.24, singletons 83 (0.0s)
2026-09-16 02:14:52 INFO test: 3400 outbreaks, avg size 13.50, singletons 720 (0.1s)
2026-09-16 02:14:52 INFO === method random ===
2026-09-16 02:14:52 INFO [random] 500/3400 top1=0.202 top5=0.430 ed=1.362 rr=0.243 (0s)
2026-09-16 02:14:52 INFO [random] 1000/3400 top1=0.231 top5=0.471 ed=1.371 rr=0.279 (0s)
2026-09-16 02:14:52 INFO [random] 1500/3400 top1=0.269 top5=0.506 ed=1.361 rr=0.314 (0s)
2026-09-16 02:14:52 INFO [random] 2000/3400 top1=0.298 top5=0.534 ed=1.349 rr=0.342 (1s)
2026-09-16 02:14:52 INFO [random] 2500/3400 top1=0.314 top5=0.549 ed=1.339 rr=0.360 (1s)
2026-09-16 02:14:52 INFO [random] 3000/3400 top1=0.318 top5=0.548 ed=1.342 rr=0.365 (1s)
2026-09-16 02:14:53 INFO RESULT karate random: top1=0.2985 top3=0.4309 top5=0.5285 ed=1.3524 rr=0.3465 css=12.51 fit=0.0s infer=0.00027s/inst
2026-09-16 02:14:53 INFO === method degree ===
2026-09-16 02:14:53 INFO [degree] 500/3400 top1=0.294 top5=0.806 ed=0.952 rr=0.478 (0s)
2026-09-16 02:14:53 INFO [degree] 1000/3400 top1=0.261 top5=0.622 ed=0.939 rr=0.413 (0s)
2026-09-16 02:14:53 INFO [degree] 1500/3400 top1=0.267 top5=0.555 ed=0.905 rr=0.399 (0s)
2026-09-16 02:14:53 INFO [degree] 2000/3400 top1=0.278 top5=0.531 ed=0.885 rr=0.399 (0s)
2026-09-16 02:14:53 INFO [degree] 2500/3400 top1=0.293 top5=0.526 ed=0.890 rr=0.406 (1s)
2026-09-16 02:14:53 INFO [degree] 3000/3400 top1=0.293 top5=0.514 ed=0.892 rr=0.404 (1s)
2026-09-16 02:14:53 INFO RESULT karate degree: top1=0.2953 top3=0.4347 top5=0.5359 ed=0.8894 rr=0.4131 fit=0.0s infer=0.00021s/inst
2026-09-16 02:14:53 INFO === method jordan ===
2026-09-16 02:14:54 INFO [jordan] 500/3400 top1=0.206 top5=0.532 ed=1.148 rr=0.316 (1s)
2026-09-16 02:14:54 INFO [jordan] 1000/3400 top1=0.228 top5=0.551 ed=1.174 rr=0.339 (1s)
2026-09-16 02:14:54 INFO [jordan] 1500/3400 top1=0.251 top5=0.537 ed=1.165 rr=0.355 (1s)
2026-09-16 02:14:54 INFO [jordan] 2000/3400 top1=0.271 top5=0.542 ed=1.157 rr=0.372 (1s)
2026-09-16 02:14:54 INFO [jordan] 2500/3400 top1=0.290 top5=0.536 ed=1.141 rr=0.384 (1s)
2026-09-16 02:14:55 INFO [jordan] 3000/3400 top1=0.296 top5=0.541 ed=1.135 rr=0.388 (1s)
2026-09-16 02:14:55 INFO RESULT karate jordan: top1=0.2932 top3=0.4376 top5=0.5435 ed=1.1141 rr=0.3861 fit=0.0s infer=0.00043s/inst
2026-09-16 02:14:55 INFO === method distance ===
2026-09-16 02:14:55 INFO [distance] 500/3400 top1=0.340 top5=0.702 ed=0.820 rr=0.507 (1s)
2026-09-16 02:14:56 INFO [distance] 1000/3400 top1=0.284 top5=0.602 ed=0.839 rr=0.432 (1s)
2026-09-16 02:14:56 INFO [distance] 1500/3400 top1=0.284 top5=0.559 ed=0.841 rr=0.415 (1s)
2026-09-16 02:14:56 INFO [distance] 2000/3400 top1=0.288 top5=0.534 ed=0.849 rr=0.413 (1s)
2026-09-16 02:14:56 INFO [distance] 2500/3400 top1=0.302 top5=0.524 ed=0.863 rr=0.416 (1s)
2026-09-16 02:14:56 INFO [distance] 3000/3400 top1=0.301 top5=0.518 ed=0.874 rr=0.413 (1s)
2026-09-16 02:14:56 INFO RESULT karate distance: top1=0.3003 top3=0.4426 top5=0.5471 ed=0.8832 rr=0.4206 fit=0.0s infer=0.00041s/inst
2026-09-16 02:14:56 INFO === method rumor ===
2026-09-16 02:14:57 INFO [rumor] 500/3400 top1=0.226 top5=0.516 ed=1.120 rr=0.364 (1s)
2026-09-16 02:14:57 INFO [rumor] 1000/3400 top1=0.229 top5=0.552 ed=1.104 rr=0.370 (1s)
2026-09-16 02:14:57 INFO [rumor] 1500/3400 top1=0.243 top5=0.515 ed=1.085 rr=0.372 (1s)
2026-09-16 02:14:57 INFO [rumor] 2000/3400 top1=0.261 top5=0.523 ed=1.044 rr=0.388 (1s)
2026-09-16 02:14:57 INFO [rumor] 2500/3400 top1=0.277 top5=0.512 ed=1.016 rr=0.395 (1s)
2026-09-16 02:14:57 INFO [rumor] 3000/3400 top1=0.279 top5=0.517 ed=1.006 rr=0.397 (1s)
2026-09-16 02:14:57 INFO RESULT karate rumor: top1=0.2876 top3=0.4291 top5=0.5500 ed=0.9712 rr=0.4140 fit=0.0s infer=0.00036s/inst
2026-09-16 02:14:57 INFO === method netsleuth ===
2026-09-16 02:15:01 INFO [netsleuth] 500/3400 top1=0.164 top5=0.372 ed=1.702 rr=0.283 (3s)
2026-09-16 02:15:01 INFO [netsleuth] 1000/3400 top1=0.183 top5=0.492 ed=1.628 rr=0.339 (4s)
2026-09-16 02:15:01 INFO [netsleuth] 1500/3400 top1=0.275 top5=0.570 ed=1.507 rr=0.419 (4s)
2026-09-16 02:15:01 INFO [netsleuth] 2000/3400 top1=0.332 top5=0.624 ed=1.434 rr=0.470 (4s)
2026-09-16 02:15:01 INFO [netsleuth] 2500/3400 top1=0.369 top5=0.658 ed=1.362 rr=0.504 (4s)
2026-09-16 02:15:01 INFO [netsleuth] 3000/3400 top1=0.377 top5=0.669 ed=1.357 rr=0.512 (4s)
2026-09-16 02:15:01 INFO RESULT karate netsleuth: top1=0.3447 top3=0.5091 top5=0.6203 ed=1.4021 rr=0.4777 fit=0.0s infer=0.00118s/inst
2026-09-16 02:15:01 INFO === method dmp ===
2026-09-16 02:15:06 INFO [dmp] 500/3400 top1=0.296 top5=0.672 ed=0.992 rr=0.467 (5s)
2026-09-16 02:15:06 INFO [dmp] 1000/3400 top1=0.279 top5=0.681 ed=1.018 rr=0.460 (5s)
2026-09-16 02:15:06 INFO [dmp] 1500/3400 top1=0.325 top5=0.688 ed=0.999 rr=0.486 (5s)
2026-09-16 02:15:06 INFO [dmp] 2000/3400 top1=0.365 top5=0.690 ed=0.976 rr=0.512 (5s)
2026-09-16 02:15:06 INFO [dmp] 2500/3400 top1=0.388 top5=0.689 ed=0.950 rr=0.527 (5s)
2026-09-16 02:15:07 INFO [dmp] 3000/3400 top1=0.394 top5=0.689 ed=0.949 rr=0.530 (5s)
2026-09-16 02:15:07 INFO RESULT karate dmp: top1=0.3756 top3=0.5718 top5=0.6785 ed=0.9653 rr=0.5176 css=4.11 fit=0.0s infer=0.00158s/inst
2026-09-16 02:15:07 INFO === method sme ===
2026-09-16 02:15:07 INFO [sme] 500/3400 top1=0.204 top5=0.512 ed=1.270 rr=0.357 (0s)
2026-09-16 02:15:07 INFO [sme] 1000/3400 top1=0.237 top5=0.525 ed=1.268 rr=0.378 (0s)
2026-09-16 02:15:07 INFO [sme] 1500/3400 top1=0.271 top5=0.528 ed=1.288 rr=0.403 (0s)
2026-09-16 02:15:07 INFO [sme] 2000/3400 top1=0.314 top5=0.544 ed=1.237 rr=0.435 (1s)
2026-09-16 02:15:07 INFO [sme] 2500/3400 top1=0.335 top5=0.552 ed=1.220 rr=0.450 (1s)
2026-09-16 02:15:08 INFO [sme] 3000/3400 top1=0.340 top5=0.562 ed=1.210 rr=0.456 (1s)
2026-09-16 02:15:08 INFO RESULT karate sme: top1=0.3206 top3=0.4606 top5=0.5574 ed=1.2168 rr=0.4433 css=7.59 fit=0.0s infer=0.00028s/inst
2026-09-16 02:15:08 INFO === method mcs ===
2026-09-16 02:15:08 INFO [mcs] 500/3400 top1=0.266 top5=0.580 ed=1.130 rr=0.418 (0s)
2026-09-16 02:15:08 INFO [mcs] 1000/3400 top1=0.262 top5=0.599 ed=1.186 rr=0.423 (0s)
2026-09-16 02:15:08 INFO [mcs] 1500/3400 top1=0.288 top5=0.601 ed=1.198 rr=0.438 (0s)
2026-09-16 02:15:08 INFO [mcs] 2000/3400 top1=0.335 top5=0.612 ed=1.149 rr=0.471 (1s)
2026-09-16 02:15:08 INFO [mcs] 2500/3400 top1=0.364 top5=0.622 ed=1.110 rr=0.492 (1s)
2026-09-16 02:15:09 INFO [mcs] 3000/3400 top1=0.361 top5=0.628 ed=1.110 rr=0.491 (1s)
2026-09-16 02:15:09 INFO RESULT karate mcs: top1=0.3453 top3=0.5194 top5=0.6247 ed=1.1053 rr=0.4801 css=3.11 fit=0.0s infer=0.00027s/inst
2026-09-16 02:15:09 INFO === method mlp ===
2026-09-16 02:15:10 INFO [mlp] epoch 1 val_loss=3.5278 val_acc=0.0000 (0s)
2026-09-16 02:15:10 INFO [mlp] epoch 10 val_loss=3.5199 val_acc=0.3529 (0s)
2026-09-16 02:15:10 INFO [mlp] epoch 20 val_loss=3.4848 val_acc=0.3529 (0s)
2026-09-16 02:15:10 INFO [mlp] epoch 30 val_loss=3.3463 val_acc=0.3529 (0s)
2026-09-16 02:15:10 INFO [mlp] epoch 40 val_loss=2.9206 val_acc=0.3529 (0s)
2026-09-16 02:15:10 INFO [mlp] epoch 50 val_loss=2.1692 val_acc=0.3529 (1s)
2026-09-16 02:15:10 INFO [mlp] epoch 60 val_loss=1.9620 val_acc=0.3529 (1s)
2026-09-16 02:15:10 INFO [mlp] epoch 70 val_loss=1.9561 val_acc=0.3529 (1s)
2026-09-16 02:15:10 INFO [mlp] epoch 80 val_loss=1.9549 val_acc=0.3529 (1s)
2026-09-16 02:15:11 INFO [mlp] epoch 90 val_loss=1.9544 val_acc=0.3529 (1s)
2026-09-16 02:15:11 INFO [mlp] epoch 100 val_loss=1.9542 val_acc=0.3725 (1s)
2026-09-16 02:15:11 INFO [mlp] epoch 110 val_loss=1.9540 val_acc=0.3725 (1s)
2026-09-16 02:15:11 INFO [mlp] epoch 120 val_loss=1.9538 val_acc=0.3725 (1s)
2026-09-16 02:15:11 INFO [mlp] epoch 130 val_loss=1.9538 val_acc=0.3725 (1s)
2026-09-16 02:15:11 INFO [mlp] epoch 140 val_loss=1.9537 val_acc=0.3725 (1s)
2026-09-16 02:15:11 INFO [mlp] epoch 150 val_loss=1.9536 val_acc=0.3725 (1s)
2026-09-16 02:15:11 INFO [mlp] epoch 160 val_loss=1.9536 val_acc=0.3725 (2s)
2026-09-16 02:15:11 INFO [mlp] epoch 170 val_loss=1.9535 val_acc=0.3725 (2s)
2026-09-16 02:15:11 INFO [mlp] epoch 180 val_loss=1.9535 val_acc=0.3725 (2s)
2026-09-16 02:15:11 INFO [mlp] trained 182 epochs, best val_loss=1.9535, 2s
2026-09-16 02:15:12 INFO [mlp] 500/3400 top1=0.218 top5=0.516 ed=1.226 rr=0.313 (0s)
2026-09-16 02:15:12 INFO [mlp] 1000/3400 top1=0.245 top5=0.560 ed=1.219 rr=0.350 (0s)
2026-09-16 02:15:12 INFO [mlp] 1500/3400 top1=0.283 top5=0.597 ed=1.246 rr=0.382 (0s)
2026-09-16 02:15:12 INFO [mlp] 2000/3400 top1=0.306 top5=0.618 ed=1.237 rr=0.405 (1s)
2026-09-16 02:15:12 INFO [mlp] 2500/3400 top1=0.328 top5=0.627 ed=1.221 rr=0.422 (1s)
2026-09-16 02:15:12 INFO [mlp] 3000/3400 top1=0.333 top5=0.631 ed=1.211 rr=0.427 (1s)
2026-09-16 02:15:12 INFO RESULT karate mlp: top1=0.3141 top3=0.4965 top5=0.6115 ed=1.2259 rr=0.4087 css=12.51 fit=2.8s infer=0.00028s/inst
2026-09-16 02:15:12 INFO === method gcn ===
2026-09-16 02:15:12 INFO [gcn] epoch 1 val_loss=3.5262 val_acc=0.0588 (0s)
2026-09-16 02:15:13 INFO [gcn] epoch 10 val_loss=3.5253 val_acc=0.0294 (0s)
2026-09-16 02:15:13 INFO [gcn] epoch 20 val_loss=3.5222 val_acc=0.0392 (0s)
2026-09-16 02:15:13 INFO [gcn] epoch 30 val_loss=3.5103 val_acc=0.0392 (0s)
2026-09-16 02:15:13 INFO [gcn] epoch 40 val_loss=3.4686 val_acc=0.0490 (0s)
2026-09-16 02:15:13 INFO [gcn] epoch 50 val_loss=3.3591 val_acc=0.0490 (1s)
2026-09-16 02:15:13 INFO [gcn] epoch 60 val_loss=3.2308 val_acc=0.0686 (1s)
2026-09-16 02:15:13 INFO [gcn] epoch 70 val_loss=3.1736 val_acc=0.0686 (1s)
2026-09-16 02:15:13 INFO [gcn] epoch 80 val_loss=3.1099 val_acc=0.1078 (1s)
2026-09-16 02:15:13 INFO [gcn] epoch 90 val_loss=3.0389 val_acc=0.1373 (1s)
2026-09-16 02:15:14 INFO [gcn] epoch 100 val_loss=2.9617 val_acc=0.2059 (1s)
2026-09-16 02:15:14 INFO [gcn] epoch 110 val_loss=2.9084 val_acc=0.1961 (1s)
2026-09-16 02:15:14 INFO [gcn] epoch 120 val_loss=2.8686 val_acc=0.1961 (1s)
2026-09-16 02:15:14 INFO [gcn] epoch 130 val_loss=2.8409 val_acc=0.1961 (2s)
2026-09-16 02:15:14 INFO [gcn] epoch 140 val_loss=2.8161 val_acc=0.1961 (2s)
2026-09-16 02:15:14 INFO [gcn] epoch 150 val_loss=2.8082 val_acc=0.1961 (2s)
2026-09-16 02:15:14 INFO [gcn] epoch 160 val_loss=2.7865 val_acc=0.1863 (2s)
2026-09-16 02:15:14 INFO [gcn] trained 160 epochs, best val_loss=2.7819, 2s
2026-09-16 02:15:14 INFO [gcn] 500/3400 top1=0.296 top5=0.846 ed=0.956 rr=0.497 (0s)
2026-09-16 02:15:15 INFO [gcn] 1000/3400 top1=0.275 top5=0.718 ed=0.956 rr=0.456 (0s)
2026-09-16 02:15:15 INFO [gcn] 1500/3400 top1=0.297 top5=0.660 ed=0.927 rr=0.454 (0s)
2026-09-16 02:15:15 INFO [gcn] 2000/3400 top1=0.323 top5=0.642 ed=0.902 rr=0.465 (1s)
2026-09-16 02:15:15 INFO [gcn] 2500/3400 top1=0.344 top5=0.642 ed=0.898 rr=0.480 (1s)
2026-09-16 02:15:15 INFO [gcn] 3000/3400 top1=0.343 top5=0.636 ed=0.902 rr=0.479 (1s)
2026-09-16 02:15:15 INFO RESULT karate gcn: top1=0.3362 top3=0.5253 top5=0.6426 ed=0.8991 rr=0.4793 css=10.61 fit=1.9s infer=0.00027s/inst
2026-09-16 02:15:15 INFO === method gcn_skip ===
2026-09-16 02:15:15 INFO [gcn_skip] epoch 1 val_loss=3.6163 val_acc=0.0392 (0s)
2026-09-16 02:15:15 INFO [gcn_skip] epoch 10 val_loss=3.4268 val_acc=0.0392 (0s)
2026-09-16 02:15:16 INFO [gcn_skip] epoch 20 val_loss=3.1781 val_acc=0.1176 (0s)
2026-09-16 02:15:16 INFO [gcn_skip] epoch 30 val_loss=2.9725 val_acc=0.1569 (0s)
2026-09-16 02:15:16 INFO [gcn_skip] epoch 40 val_loss=2.7966 val_acc=0.2059 (1s)
2026-09-16 02:15:16 INFO [gcn_skip] epoch 50 val_loss=2.6093 val_acc=0.2353 (1s)
2026-09-16 02:15:16 INFO [gcn_skip] epoch 60 val_loss=2.4884 val_acc=0.3431 (1s)
2026-09-16 02:15:16 INFO [gcn_skip] epoch 70 val_loss=2.3421 val_acc=0.3824 (1s)
2026-09-16 02:15:16 INFO [gcn_skip] epoch 80 val_loss=2.2697 val_acc=0.3529 (1s)
2026-09-16 02:15:17 INFO [gcn_skip] epoch 90 val_loss=2.2393 val_acc=0.3922 (1s)
2026-09-16 02:15:17 INFO [gcn_skip] epoch 100 val_loss=2.1409 val_acc=0.3824 (1s)
2026-09-16 02:15:17 INFO [gcn_skip] trained 107 epochs, best val_loss=2.1267, 2s
2026-09-16 02:15:17 INFO [gcn_skip] 500/3400 top1=0.312 top5=0.666 ed=0.900 rr=0.458 (0s)
2026-09-16 02:15:17 INFO [gcn_skip] 1000/3400 top1=0.322 top5=0.689 ed=0.933 rr=0.481 (0s)
2026-09-16 02:15:17 INFO [gcn_skip] 1500/3400 top1=0.341 top5=0.705 ed=0.966 rr=0.497 (0s)
2026-09-16 02:15:17 INFO [gcn_skip] 2000/3400 top1=0.357 top5=0.698 ed=0.969 rr=0.505 (1s)
2026-09-16 02:15:17 INFO [gcn_skip] 2500/3400 top1=0.378 top5=0.704 ed=0.953 rr=0.520 (1s)
2026-09-16 02:15:18 INFO [gcn_skip] 3000/3400 top1=0.385 top5=0.713 ed=0.943 rr=0.529 (1s)
2026-09-16 02:15:18 INFO RESULT karate gcn_skip: top1=0.3700 top3=0.5741 top5=0.6988 ed=0.9559 rr=0.5160 css=9.06 fit=1.6s infer=0.00028s/inst
2026-09-16 02:15:18 INFO === method igcn ===
2026-09-16 02:15:18 INFO [igcn] epoch 1 val_loss=3.4570 val_acc=0.2647 (0s)
2026-09-16 02:15:18 INFO [igcn] epoch 10 val_loss=3.3154 val_acc=0.2745 (0s)
2026-09-16 02:15:18 INFO [igcn] epoch 20 val_loss=3.1868 val_acc=0.3137 (1s)
2026-09-16 02:15:19 INFO [igcn] epoch 30 val_loss=3.0655 val_acc=0.3333 (1s)
2026-09-16 02:15:19 INFO [igcn] epoch 40 val_loss=2.9402 val_acc=0.3333 (1s)
2026-09-16 02:15:19 INFO [igcn] epoch 50 val_loss=2.7891 val_acc=0.3333 (2s)
2026-09-16 02:15:20 INFO [igcn] epoch 60 val_loss=2.6335 val_acc=0.3333 (2s)
2026-09-16 02:15:20 INFO [igcn] epoch 70 val_loss=2.4659 val_acc=0.3333 (2s)
2026-09-16 02:15:20 INFO [igcn] epoch 80 val_loss=2.3042 val_acc=0.3333 (2s)
2026-09-16 02:15:20 INFO [igcn] epoch 90 val_loss=2.1791 val_acc=0.3431 (3s)
2026-09-16 02:15:21 INFO [igcn] epoch 100 val_loss=2.0790 val_acc=0.3431 (3s)
2026-09-16 02:15:21 INFO [igcn] epoch 110 val_loss=2.0185 val_acc=0.3529 (3s)
2026-09-16 02:15:21 INFO [igcn] epoch 120 val_loss=1.9818 val_acc=0.3529 (3s)
2026-09-16 02:15:21 INFO [igcn] epoch 130 val_loss=1.9585 val_acc=0.3529 (4s)
2026-09-16 02:15:22 INFO [igcn] epoch 140 val_loss=1.9455 val_acc=0.3529 (4s)
2026-09-16 02:15:22 INFO [igcn] epoch 150 val_loss=1.9354 val_acc=0.3529 (4s)
2026-09-16 02:15:22 INFO [igcn] epoch 160 val_loss=1.9293 val_acc=0.3529 (4s)
2026-09-16 02:15:22 INFO [igcn] epoch 170 val_loss=1.9237 val_acc=0.3529 (5s)
2026-09-16 02:15:23 INFO [igcn] epoch 180 val_loss=1.9190 val_acc=0.3529 (5s)
2026-09-16 02:15:23 INFO [igcn] epoch 190 val_loss=1.9149 val_acc=0.3627 (5s)
2026-09-16 02:15:23 INFO [igcn] epoch 200 val_loss=1.9135 val_acc=0.3725 (5s)
2026-09-16 02:15:23 INFO [igcn] trained 200 epochs, best val_loss=1.9135, 5s
2026-09-16 02:15:23 INFO [igcn] 500/3400 top1=0.214 top5=0.502 ed=1.296 rr=0.364 (0s)
2026-09-16 02:15:23 INFO [igcn] 1000/3400 top1=0.251 top5=0.595 ed=1.265 rr=0.420 (0s)
2026-09-16 02:15:24 INFO [igcn] 1500/3400 top1=0.309 top5=0.649 ed=1.231 rr=0.468 (0s)
2026-09-16 02:15:24 INFO [igcn] 2000/3400 top1=0.358 top5=0.678 ed=1.185 rr=0.506 (1s)
2026-09-16 02:15:24 INFO [igcn] 2500/3400 top1=0.390 top5=0.705 ed=1.141 rr=0.534 (1s)
2026-09-16 02:15:24 INFO [igcn] 3000/3400 top1=0.399 top5=0.715 ed=1.134 rr=0.543 (1s)
2026-09-16 02:15:24 INFO RESULT karate igcn: top1=0.3659 top3=0.5600 top5=0.6712 ed=1.1735 rr=0.5090 css=10.54 fit=5.4s infer=0.00029s/inst
2026-09-16 02:15:24 INFO run source_karate_20260916T021451Z_3177 finished in 32.7s
